================================================================================
2026-07-28 14:18:56 [INFO] Start
2026-07-28 14:18:56 [INFO] ScriptVersion=2026-07-28-draft1
2026-07-28 14:18:56 [INFO] Site=船舶(機械部)
2026-07-28 14:18:56 [INFO] Mode=Audit
2026-07-28 14:18:56 [INFO] Workbook=C:\HPDB\船舶在庫帳-20260728-V3.5.xlsx
2026-07-28 14:18:56 [INFO] DiscontinuedTrackingPath=C:\HPDB\DiscontinuedCodeTracking_船舶.csv
2026-07-28 14:18:59 [INFO] DiscontinuedTracking loaded. Entries=0
2026-07-28 14:19:00 [ERROR] 値 "46077" を型 "System.DateTime" に変換できません。エラー: "文字列は有効な DateTime ではありませんでした。"
================================================================================
2026-07-28 14:29:23 [INFO] Start
2026-07-28 14:29:23 [INFO] ScriptVersion=2026-07-28-draft1
2026-07-28 14:29:23 [INFO] Site=船舶(機械部)
2026-07-28 14:29:23 [INFO] Mode=Audit
2026-07-28 14:29:23 [INFO] Workbook=C:\HPDB\船舶在庫帳-20260728-V3.5.xlsx
2026-07-28 14:29:23 [INFO] DiscontinuedTrackingPath=C:\HPDB\DiscontinuedCodeTracking_船舶.csv
2026-07-28 14:29:26 [INFO] DiscontinuedTracking loaded. Entries=0
2026-07-28 14:29:29 [INFO] DiscontinuedTracking: new NA code tracked Sheet=2 Code=A12
2026-07-28 14:29:29 [INFO] DiscontinuedTracking: new NA code tracked Sheet=2 Code=OBTST
2026-07-28 14:29:29 [INFO] DiscontinuedTracking: new NA code tracked Sheet=2 Code=TST250JGK
2026-07-28 14:29:36 [INFO] DiscontinuedTracking: new NA code tracked Sheet=3 Code=2FRM16100
2026-07-28 14:29:36 [INFO] DiscontinuedTracking: new NA code tracked Sheet=3 Code=DPBAFU03
2026-07-28 14:29:36 [INFO] DiscontinuedTracking: new NA code tracked Sheet=3 Code=DPBAFU04
2026-07-28 14:29:36 [INFO] DiscontinuedTracking: new NA code tracked Sheet=3 Code=DPBAFU20
2026-07-28 14:29:36 [INFO] DiscontinuedTracking: new NA code tracked Sheet=3 Code=DPMAFU03
2026-07-28 14:29:36 [INFO] DiscontinuedTracking: new NA code tracked Sheet=3 Code=DPMAFU04
2026-07-28 14:29:36 [INFO] DiscontinuedTracking: new NA code tracked Sheet=3 Code=DPMAFU20
2026-07-28 14:29:36 [INFO] DiscontinuedTracking: new NA code tracked Sheet=3 Code=DPRSET04
2026-07-28 14:29:36 [INFO] DiscontinuedTracking: new NA code tracked Sheet=3 Code=DPRSET03
2026-07-28 14:29:36 [INFO] DiscontinuedTracking: new NA code tracked Sheet=3 Code=DPNF04
2026-07-28 14:29:36 [INFO] DiscontinuedTracking: new NA code tracked Sheet=3 Code=DPRO03B
2026-07-28 14:29:36 [INFO] DiscontinuedTracking: new NA code tracked Sheet=3 Code=DPRO03BV
2026-07-28 14:29:36 [INFO] DiscontinuedTracking: new NA code tracked Sheet=3 Code=DPRO04B
2026-07-28 14:29:37 [INFO] DiscontinuedTracking: new NA code tracked Sheet=3 Code=DPRO20B
2026-07-28 14:29:37 [INFO] DiscontinuedTracking: new NA code tracked Sheet=3 Code=DPRRPC03
2026-07-28 14:29:37 [INFO] DiscontinuedTracking: new NA code tracked Sheet=3 Code=DPSS04K
2026-07-28 14:29:37 [INFO] DiscontinuedTracking: new NA code tracked Sheet=3 Code=DRA11
2026-07-28 14:29:37 [INFO] DiscontinuedTracking: new NA code tracked Sheet=3 Code=MRV03BVTTFS
2026-07-28 14:29:37 [INFO] DiscontinuedTracking: new NA code tracked Sheet=3 Code=MRV20BVFF
2026-07-28 14:29:37 [INFO] DiscontinuedTracking: new NA code tracked Sheet=3 Code=MRVPC04B0406
2026-07-28 14:29:37 [INFO] DiscontinuedTracking: new NA code tracked Sheet=3 Code=MRVPC04B04FF
2026-07-28 14:29:37 [INFO] DiscontinuedTracking: new NA code tracked Sheet=3 Code=MRVPC04E0406
2026-07-28 14:29:37 [INFO] DiscontinuedTracking: new NA code tracked Sheet=3 Code=MRVPC04E46S
2026-07-28 14:29:37 [INFO] DiscontinuedTracking: new NA code tracked Sheet=3 Code=PRFVA0675
2026-07-28 14:29:37 [INFO] DiscontinuedTracking: new NA code tracked Sheet=3 Code=PRFVATW0660
2026-07-28 14:29:37 [INFO] DiscontinuedTracking: new NA code tracked Sheet=3 Code=PRFVATW0675
2026-07-28 14:29:39 [INFO] DiscontinuedTracking: new NA code tracked Sheet=4 Code=M4SCSP
2026-07-28 14:29:39 [INFO] DiscontinuedTracking: new NA code tracked Sheet=4 Code=M4SC031
2026-07-28 14:29:39 [INFO] DiscontinuedTracking: new NA code tracked Sheet=4 Code=M4SC043
2026-07-28 14:29:39 [INFO] DiscontinuedTracking: new NA code tracked Sheet=4 Code=M4SC055
2026-07-28 14:29:39 [INFO] DiscontinuedTracking: new NA code tracked Sheet=4 Code=M4SC067
2026-07-28 14:29:44 [INFO] DiscontinuedTracking: new NA code tracked Sheet=5 Code=A10VO100DFRL
2026-07-28 14:29:44 [INFO] DiscontinuedTracking: new NA code tracked Sheet=5 Code=SHAKT6CC3
2026-07-28 14:29:45 [INFO] DiscontinuedTracking: new NA code tracked Sheet=6 Code=FA35
2026-07-28 14:29:45 [INFO] DiscontinuedTracking: new NA code tracked Sheet=6 Code=FA50
2026-07-28 14:29:45 [INFO] DiscontinuedTracking: new NA code tracked Sheet=6 Code=FU50
2026-07-28 14:29:45 [INFO] DiscontinuedTracking: new NA code tracked Sheet=6 Code=FU75
2026-07-28 14:29:45 [INFO] DiscontinuedTracking: new NA code tracked Sheet=6 Code=UL0320U
2026-07-28 14:29:46 [INFO] DiscontinuedTracking: new NA code tracked Sheet=7 Code=SWAT1000
2026-07-28 14:29:46 [INFO] DiscontinuedTracking: new NA code tracked Sheet=7 Code=SWAT2000
2026-07-28 14:29:46 [INFO] DiscontinuedTracking: new NA code tracked Sheet=7 Code=SWAT3000
2026-07-28 14:29:46 [INFO] DiscontinuedTracking: new NA code tracked Sheet=7 Code=SWAY1000
2026-07-28 14:29:46 [INFO] DiscontinuedTracking: new NA code tracked Sheet=7 Code=SWAY2000
2026-07-28 14:29:46 [INFO] DiscontinuedTracking: new NA code tracked Sheet=7 Code=SWAY3000
2026-07-28 14:29:46 [INFO] DiscontinuedTracking: new NA code tracked Sheet=7 Code=SWAY600
2026-07-28 14:29:46 [INFO] DiscontinuedTracking: new NA code tracked Sheet=7 Code=SWJF1000
2026-07-28 14:29:46 [INFO] DiscontinuedTracking: new NA code tracked Sheet=7 Code=SWJF2000
2026-07-28 14:29:46 [INFO] DiscontinuedTracking: new NA code tracked Sheet=7 Code=SWJF3000
2026-07-28 14:29:46 [INFO] DiscontinuedTracking: new NA code tracked Sheet=7 Code=SWJF600
2026-07-28 14:29:46 [INFO] DiscontinuedTracking: new NA code tracked Sheet=7 Code=SWJS1000
2026-07-28 14:29:46 [INFO] DiscontinuedTracking: new NA code tracked Sheet=7 Code=SWJS2000
2026-07-28 14:29:46 [INFO] DiscontinuedTracking: new NA code tracked Sheet=7 Code=SWJS3000
2026-07-28 14:29:46 [INFO] DiscontinuedTracking: new NA code tracked Sheet=7 Code=SWJS600
2026-07-28 14:29:48 [INFO] DiscontinuedTracking: new NA code tracked Sheet=9 Code=SHIN150
2026-07-28 14:29:48 [INFO] DiscontinuedTracking: new NA code tracked Sheet=9 Code=SHIN180
2026-07-28 14:29:48 [INFO] DiscontinuedTracking: new NA code tracked Sheet=9 Code=SHIN230250
2026-07-28 14:29:48 [INFO] DiscontinuedTracking: new NA code tracked Sheet=9 Code=SHIN300
2026-07-28 14:29:48 [INFO] DiscontinuedTracking: new NA code tracked Sheet=9 Code=SHIN350
2026-07-28 14:29:51 [INFO] DiscontinuedTracking: new NA code tracked Sheet=12 Code=LP50030SET
2026-07-28 14:29:51 [INFO] DiscontinuedTracking: new NA code tracked Sheet=12 Code=LP50030TAN
2026-07-28 14:29:51 [INFO] DiscontinuedTracking: new NA code tracked Sheet=12 Code=J470INP
2026-07-28 14:29:51 [INFO] DiscontinuedTracking: new NA code tracked Sheet=12 Code=J470SET
2026-07-28 14:29:51 [INFO] DiscontinuedTracking: new NA code tracked Sheet=12 Code=J470TAN
2026-07-28 14:29:51 [INFO] DiscontinuedTracking: new NA code tracked Sheet=12 Code=JTH75LSET
2026-07-28 14:29:51 [INFO] DiscontinuedTracking: new NA code tracked Sheet=12 Code=JTH75LTAN
2026-07-28 14:29:51 [INFO] DiscontinuedTracking: new NA code tracked Sheet=12 Code=JTH75SET
2026-07-28 14:29:51 [INFO] DiscontinuedTracking: new NA code tracked Sheet=12 Code=JTH75TAN
2026-07-28 14:29:52 [INFO] DiscontinuedTracking: new NA code tracked Sheet=12 Code=NNE50PSET
2026-07-28 14:29:52 [INFO] DiscontinuedTracking: new NA code tracked Sheet=12 Code=NNE60PB1S
2026-07-28 14:29:52 [INFO] DiscontinuedTracking: new NA code tracked Sheet=12 Code=NNE60PSET
2026-07-28 14:29:52 [INFO] DiscontinuedTracking: new NA code tracked Sheet=12 Code=TW80
2026-07-28 14:29:52 [INFO] DiscontinuedTracking: new NA code tracked Sheet=13 Code=250E1
2026-07-28 14:29:52 [INFO] DiscontinuedTracking: new NA code tracked Sheet=13 Code=OCS142P1
2026-07-28 14:29:53 [INFO] DiscontinuedTracking: new NA code tracked Sheet=16 Code=2FRM16100
2026-07-28 14:29:53 [INFO] DiscontinuedTracking: new NA code tracked Sheet=16 Code=RB104FD
2026-07-28 14:29:53 [INFO] DiscontinuedTracking: new NA code tracked Sheet=16 Code=RB104TC
2026-07-28 14:29:53 [INFO] DiscontinuedTracking: new NA code tracked Sheet=16 Code=RB106FD
2026-07-28 14:29:53 [INFO] DiscontinuedTracking: new NA code tracked Sheet=16 Code=RB106TC
2026-07-28 14:29:53 [INFO] DiscontinuedTracking: new NA code tracked Sheet=16 Code=RB108FD
2026-07-28 14:29:53 [INFO] DiscontinuedTracking: new NA code tracked Sheet=16 Code=RB110FD
2026-07-28 14:29:56 [INFO] DiscontinuedTracking: new NA code tracked Sheet=19 Code=40HA03N
2026-07-28 14:29:56 [INFO] DiscontinuedTracking: new NA code tracked Sheet=19 Code=40HA07L
2026-07-28 14:29:56 [INFO] DiscontinuedTracking: new NA code tracked Sheet=19 Code=40HA07S
2026-07-28 14:29:56 [INFO] DiscontinuedTracking: new NA code tracked Sheet=19 Code=40HA10S
2026-07-28 14:29:56 [INFO] DiscontinuedTracking: new NA code tracked Sheet=19 Code=40HA11H
2026-07-28 14:29:56 [INFO] DiscontinuedTracking: new NA code tracked Sheet=19 Code=40HA12H
2026-07-28 14:29:56 [INFO] DiscontinuedTracking: new NA code tracked Sheet=19 Code=40HA13K
2026-07-28 14:29:56 [INFO] DiscontinuedTracking: new NA code tracked Sheet=19 Code=55HA02S
2026-07-28 14:29:56 [INFO] DiscontinuedTracking: new NA code tracked Sheet=19 Code=55HA03N
2026-07-28 14:29:56 [INFO] DiscontinuedTracking: new NA code tracked Sheet=19 Code=55HA05J
2026-07-28 14:29:56 [INFO] DiscontinuedTracking: new NA code tracked Sheet=19 Code=55HA06K
2026-07-28 14:29:56 [INFO] DiscontinuedTracking: new NA code tracked Sheet=19 Code=55HA07L
2026-07-28 14:29:56 [INFO] DiscontinuedTracking: new NA code tracked Sheet=19 Code=55HA07S
2026-07-28 14:29:56 [INFO] DiscontinuedTracking: new NA code tracked Sheet=19 Code=55HA08B
2026-07-28 14:29:56 [INFO] DiscontinuedTracking: new NA code tracked Sheet=19 Code=55HA09B
2026-07-28 14:29:56 [INFO] DiscontinuedTracking: new NA code tracked Sheet=19 Code=55HA10S
2026-07-28 14:29:56 [INFO] DiscontinuedTracking: new NA code tracked Sheet=19 Code=55HA11H
2026-07-28 14:29:56 [INFO] DiscontinuedTracking: new NA code tracked Sheet=19 Code=55HA12H
2026-07-28 14:29:56 [INFO] DiscontinuedTracking: new NA code tracked Sheet=19 Code=55HA13K
2026-07-28 14:29:56 [INFO] DiscontinuedTracking: new NA code tracked Sheet=19 Code=3RA05M
2026-07-28 14:29:56 [INFO] DiscontinuedTracking: new NA code tracked Sheet=20 Code=ASTAN
2026-07-28 14:29:56 [INFO] DiscontinuedTracking: new NA code tracked Sheet=20 Code=LM10224
2026-07-28 14:29:56 [INFO] DiscontinuedTracking: new NA code tracked Sheet=20 Code=LMF20P
2026-07-28 14:29:56 [INFO] DiscontinuedTracking: new NA code tracked Sheet=20 Code=LMW20P
2026-07-28 14:30:05 [INFO] DiscontinuedTracking: new NA code tracked Sheet=24 Code=AF1113800
2026-07-28 14:30:05 [INFO] DiscontinuedTracking: new NA code tracked Sheet=24 Code=AS1113200
2026-07-28 14:30:05 [INFO] DiscontinuedTracking: new NA code tracked Sheet=24 Code=AS1113800
2026-07-28 14:30:05 [INFO] DiscontinuedTracking: new NA code tracked Sheet=24 Code=AS1115000
2026-07-28 14:30:08 [INFO] DiscontinuedTracking: new NA code tracked Sheet=25 Code=2060
2026-07-28 14:30:08 [INFO] DiscontinuedTracking: new NA code tracked Sheet=25 Code=2050
2026-07-28 14:30:08 [INFO] DiscontinuedTracking: new NA code tracked Sheet=25 Code=ORBG160DA2
2026-07-28 14:30:08 [INFO] DiscontinuedTracking: new NA code tracked Sheet=25 Code=ORBG190DA2
2026-07-28 14:30:08 [INFO] DiscontinuedTracking: new NA code tracked Sheet=25 Code=ORBG380DA2
2026-07-28 14:30:08 [INFO] DiscontinuedTracking: new NA code tracked Sheet=25 Code=ORBG050DA2
2026-07-28 14:30:08 [INFO] DiscontinuedTracking: new NA code tracked Sheet=25 Code=ORBG070DA2
2026-07-28 14:30:09 [INFO] DiscontinuedTracking: new NA code tracked Sheet=25 Code=ORBG100DA2
2026-07-28 14:30:09 [INFO] DiscontinuedTracking: new NA code tracked Sheet=25 Code=ORBG240DA2
2026-07-28 14:30:09 [INFO] DiscontinuedTracking: new NA code tracked Sheet=25 Code=ORBG280DA2
2026-07-28 14:30:09 [INFO] DiscontinuedTracking: new NA code tracked Sheet=25 Code=ORBG050AA2
2026-07-28 14:30:09 [INFO] DiscontinuedTracking: new NA code tracked Sheet=25 Code=ORBG050DC2
2026-07-28 14:30:09 [INFO] DiscontinuedTracking: new NA code tracked Sheet=25 Code=ORBG070AA2
2026-07-28 14:30:09 [INFO] DiscontinuedTracking: new NA code tracked Sheet=25 Code=ORBG070DC2
2026-07-28 14:30:09 [INFO] DiscontinuedTracking: new NA code tracked Sheet=25 Code=ORBG100AA2
2026-07-28 14:30:09 [INFO] DiscontinuedTracking: new NA code tracked Sheet=25 Code=ORBG100DC2
2026-07-28 14:30:09 [INFO] DiscontinuedTracking: new NA code tracked Sheet=25 Code=ORBG120AA2
2026-07-28 14:30:09 [INFO] DiscontinuedTracking: new NA code tracked Sheet=25 Code=ORBG120DA2
2026-07-28 14:30:09 [INFO] DiscontinuedTracking: new NA code tracked Sheet=25 Code=ORBG120DC2
2026-07-28 14:30:09 [INFO] DiscontinuedTracking: new NA code tracked Sheet=25 Code=ORBG160AA2
2026-07-28 14:30:09 [INFO] DiscontinuedTracking: new NA code tracked Sheet=25 Code=ORBG160DC2
2026-07-28 14:30:09 [INFO] DiscontinuedTracking: new NA code tracked Sheet=25 Code=ORBG190AA2
2026-07-28 14:30:09 [INFO] DiscontinuedTracking: new NA code tracked Sheet=25 Code=ORBG190DC2
2026-07-28 14:30:09 [INFO] DiscontinuedTracking: new NA code tracked Sheet=25 Code=ORBG240AA2
2026-07-28 14:30:09 [INFO] DiscontinuedTracking: new NA code tracked Sheet=25 Code=ORBG240DC2
2026-07-28 14:30:09 [INFO] DiscontinuedTracking: new NA code tracked Sheet=25 Code=ORBG280AA2
2026-07-28 14:30:09 [INFO] DiscontinuedTracking: new NA code tracked Sheet=25 Code=ORBG280DC2
2026-07-28 14:30:09 [INFO] DiscontinuedTracking: new NA code tracked Sheet=25 Code=ORBG310AA2
2026-07-28 14:30:09 [INFO] DiscontinuedTracking: new NA code tracked Sheet=25 Code=ORBG310DA2
2026-07-28 14:30:09 [INFO] DiscontinuedTracking: new NA code tracked Sheet=25 Code=ORBG310DC2
2026-07-28 14:30:09 [INFO] DiscontinuedTracking: new NA code tracked Sheet=25 Code=ORBG380AA2
2026-07-28 14:30:09 [INFO] DiscontinuedTracking: new NA code tracked Sheet=25 Code=ORBG380DC2
2026-07-28 14:30:09 [INFO] DiscontinuedTracking: new NA code tracked Sheet=25 Code=MRVSX04A60
2026-07-28 14:30:09 [INFO] DiscontinuedTracking: new NA code tracked Sheet=25 Code=A12
2026-07-28 14:30:09 [INFO] DiscontinuedTracking: new NA code tracked Sheet=25 Code=JCF1012
2026-07-28 14:30:09 [INFO] DiscontinuedTracking: new NA code tracked Sheet=25 Code=JCF1214
2026-07-28 14:30:09 [INFO] DiscontinuedTracking: new NA code tracked Sheet=25 Code=JCF814
2026-07-28 14:30:09 [INFO] DiscontinuedTracking: new NA code tracked Sheet=25 Code=JCM1012
2026-07-28 14:30:09 [INFO] DiscontinuedTracking: new NA code tracked Sheet=25 Code=JCM1214
2026-07-28 14:30:09 [INFO] DiscontinuedTracking: new NA code tracked Sheet=25 Code=JCM814
2026-07-28 14:30:09 [INFO] DiscontinuedTracking: new NA code tracked Sheet=25 Code=NC10T12
2026-07-28 14:30:09 [INFO] DiscontinuedTracking: new NA code tracked Sheet=25 Code=OBTST
2026-07-28 14:30:09 [INFO] DiscontinuedTracking: new NA code tracked Sheet=25 Code=TAH
2026-07-28 14:30:09 [INFO] NumericSheets=1,2,3,4,5,6,7,8,9,10,11,12,13,14,15,16,17,18,19,20,21,22,23,24,25
2026-07-28 14:30:09 [INFO] Candidates=17
2026-07-28 14:30:09 [INFO] Candidate Sheet=2 Row=5 Code=Z30TST [長期滞留_発注点差分置換(E=E-D,基準90日)] E:142->142  
2026-07-28 14:30:09 [INFO] Candidate Sheet=2 Row=6 Code=TPSS [欠品新規検知(E+1,H更新)] E:4->5  H:->2026-07-28
2026-07-28 14:30:09 [INFO] Candidate Sheet=2 Row=9 Code=TST350PKD [欠品解消(Hクリア,F更新)]  F:->2026-07-28 H:クリア
2026-07-28 14:30:09 [INFO] Candidate Sheet=3 Row=5 Code=MSVSS06A120 [長期滞留_発注点差分置換(E=E-D,基準90日)] E:7->7  
2026-07-28 14:30:09 [INFO] Candidate Sheet=3 Row=9 Code=MRVPCS04E0406S [欠品新規検知(E+1,H更新); 発注点割れ新規検知(F更新)] E:2->3 F:->2026-07-28 H:->2026-07-28
2026-07-28 14:30:09 [INFO] Candidate Sheet=4 Row=3 Code=ORBS2802PM [欠品新規検知(E+1,H更新)] E:5->6  H:->2026-07-28
2026-07-28 14:30:09 [INFO] Candidate Sheet=4 Row=6 Code=MK3001 [長期滞留_発注点差分置換(E=E-D,基準90日)] E:5->5  
2026-07-28 14:30:09 [INFO] Candidate Sheet=4 Row=10 Code=SKM3B [長期滞留_発注点差分置換(E=E-D,基準90日)] E:4->4  
2026-07-28 14:30:09 [INFO] Candidate Sheet=4 Row=30 Code=S160DA2M [発注点割れ新規検知(F更新)]  F:->2026-07-28 
2026-07-28 14:30:09 [INFO] Candidate Sheet=6 Row=6 Code=PLN10150 [長期滞留_発注点差分置換(E=E-D,基準90日)] E:5->5  
2026-07-28 14:30:09 [INFO] Candidate Sheet=6 Row=12 Code=LN10 [欠品解消(Hクリア,F更新)]  F:->2026-07-28 H:クリア
2026-07-28 14:30:09 [INFO] Candidate Sheet=6 Row=18 Code=LND06 [発注点割れ新規検知(F更新)]  F:->2026-07-28 
2026-07-28 14:30:09 [INFO] Candidate Sheet=6 Row=19 Code=SFN16 [欠品新規検知(E+1,H更新); 発注点割れ新規検知(F更新)] E:1->2 F:->2026-07-28 H:->2026-07-28
2026-07-28 14:30:09 [INFO] Candidate Sheet=8 Row=7 Code=SL024 [発注点割れ新規検知(F更新)]  F:->2026-07-28 
2026-07-28 14:30:09 [INFO] Candidate Sheet=16 Row=3 Code=UG280 [長期滞留_発注点差分置換(E=E-D,基準365日)] E:5->5  
2026-07-28 14:30:09 [INFO] Candidate Sheet=21 Row=15 Code=SKAL2 [発注点割れ新規検知(F更新)]  F:->2026-07-28 
2026-07-28 14:30:09 [INFO] Candidate Sheet=25 Row=3 Code=TPSS [欠品新規検知(E+1,H更新)] E:51->52  H:->2026-07-28
2026-07-28 14:30:09 [INFO] Audit completed. Workbook was not changed.
2026-07-28 14:30:09 [INFO] ElapsedSeconds=46.09

================================================================================
2026-07-28 14:48:11 [INFO] Start
2026-07-28 14:48:11 [INFO] ScriptVersion=2026-07-28-draft1
2026-07-28 14:48:11 [INFO] Site=船舶(機械部)
2026-07-28 14:48:11 [INFO] Mode=Audit
2026-07-28 14:48:11 [INFO] Workbook=C:\HPDB\船舶在庫帳-20260728-V3.5.xlsx
2026-07-28 14:48:11 [INFO] DiscontinuedTrackingPath=C:\HPDB\DiscontinuedCodeTracking_船舶.csv
2026-07-28 14:48:14 [INFO] DiscontinuedTracking loaded. Entries=0
2026-07-28 14:48:17 [INFO] DiscontinuedTracking: new NA code tracked Sheet=2 Code=A12
2026-07-28 14:48:17 [INFO] DiscontinuedTracking: new NA code tracked Sheet=2 Code=OBTST
2026-07-28 14:48:17 [INFO] DiscontinuedTracking: new NA code tracked Sheet=2 Code=TST250JGK
2026-07-28 14:48:25 [INFO] DiscontinuedTracking: new NA code tracked Sheet=3 Code=2FRM16100
2026-07-28 14:48:25 [INFO] DiscontinuedTracking: new NA code tracked Sheet=3 Code=DPBAFU03
2026-07-28 14:48:25 [INFO] DiscontinuedTracking: new NA code tracked Sheet=3 Code=DPBAFU04
2026-07-28 14:48:25 [INFO] DiscontinuedTracking: new NA code tracked Sheet=3 Code=DPBAFU20
2026-07-28 14:48:25 [INFO] DiscontinuedTracking: new NA code tracked Sheet=3 Code=DPMAFU03
2026-07-28 14:48:25 [INFO] DiscontinuedTracking: new NA code tracked Sheet=3 Code=DPMAFU04
2026-07-28 14:48:25 [INFO] DiscontinuedTracking: new NA code tracked Sheet=3 Code=DPMAFU20
2026-07-28 14:48:25 [INFO] DiscontinuedTracking: new NA code tracked Sheet=3 Code=DPRSET04
2026-07-28 14:48:25 [INFO] DiscontinuedTracking: new NA code tracked Sheet=3 Code=DPRSET03
2026-07-28 14:48:25 [INFO] DiscontinuedTracking: new NA code tracked Sheet=3 Code=DPNF04
2026-07-28 14:48:25 [INFO] DiscontinuedTracking: new NA code tracked Sheet=3 Code=DPRO03B
2026-07-28 14:48:25 [INFO] DiscontinuedTracking: new NA code tracked Sheet=3 Code=DPRO03BV
2026-07-28 14:48:25 [INFO] DiscontinuedTracking: new NA code tracked Sheet=3 Code=DPRO04B
2026-07-28 14:48:25 [INFO] DiscontinuedTracking: new NA code tracked Sheet=3 Code=DPRO20B
2026-07-28 14:48:25 [INFO] DiscontinuedTracking: new NA code tracked Sheet=3 Code=DPRRPC03
2026-07-28 14:48:25 [INFO] DiscontinuedTracking: new NA code tracked Sheet=3 Code=DPSS04K
2026-07-28 14:48:25 [INFO] DiscontinuedTracking: new NA code tracked Sheet=3 Code=DRA11
2026-07-28 14:48:25 [INFO] DiscontinuedTracking: new NA code tracked Sheet=3 Code=MRV03BVTTFS
2026-07-28 14:48:25 [INFO] DiscontinuedTracking: new NA code tracked Sheet=3 Code=MRV20BVFF
2026-07-28 14:48:25 [INFO] DiscontinuedTracking: new NA code tracked Sheet=3 Code=MRVPC04B0406
2026-07-28 14:48:25 [INFO] DiscontinuedTracking: new NA code tracked Sheet=3 Code=MRVPC04B04FF
2026-07-28 14:48:25 [INFO] DiscontinuedTracking: new NA code tracked Sheet=3 Code=MRVPC04E0406
2026-07-28 14:48:25 [INFO] DiscontinuedTracking: new NA code tracked Sheet=3 Code=MRVPC04E46S
2026-07-28 14:48:25 [INFO] DiscontinuedTracking: new NA code tracked Sheet=3 Code=PRFVA0675
2026-07-28 14:48:25 [INFO] DiscontinuedTracking: new NA code tracked Sheet=3 Code=PRFVATW0660
2026-07-28 14:48:25 [INFO] DiscontinuedTracking: new NA code tracked Sheet=3 Code=PRFVATW0675
2026-07-28 14:48:28 [INFO] DiscontinuedTracking: new NA code tracked Sheet=4 Code=M4SCSP
2026-07-28 14:48:28 [INFO] DiscontinuedTracking: new NA code tracked Sheet=4 Code=M4SC031
2026-07-28 14:48:28 [INFO] DiscontinuedTracking: new NA code tracked Sheet=4 Code=M4SC043
2026-07-28 14:48:28 [INFO] DiscontinuedTracking: new NA code tracked Sheet=4 Code=M4SC055
2026-07-28 14:48:28 [INFO] DiscontinuedTracking: new NA code tracked Sheet=4 Code=M4SC067
2026-07-28 14:48:33 [INFO] DiscontinuedTracking: new NA code tracked Sheet=5 Code=A10VO100DFRL
2026-07-28 14:48:33 [INFO] DiscontinuedTracking: new NA code tracked Sheet=5 Code=SHAKT6CC3
2026-07-28 14:48:34 [INFO] DiscontinuedTracking: new NA code tracked Sheet=6 Code=FA35
2026-07-28 14:48:34 [INFO] DiscontinuedTracking: new NA code tracked Sheet=6 Code=FA50
2026-07-28 14:48:34 [INFO] DiscontinuedTracking: new NA code tracked Sheet=6 Code=FU50
2026-07-28 14:48:34 [INFO] DiscontinuedTracking: new NA code tracked Sheet=6 Code=FU75
2026-07-28 14:48:34 [INFO] DiscontinuedTracking: new NA code tracked Sheet=6 Code=UL0320U
2026-07-28 14:48:35 [INFO] DiscontinuedTracking: new NA code tracked Sheet=7 Code=SWAT1000
2026-07-28 14:48:35 [INFO] DiscontinuedTracking: new NA code tracked Sheet=7 Code=SWAT2000
2026-07-28 14:48:35 [INFO] DiscontinuedTracking: new NA code tracked Sheet=7 Code=SWAT3000
2026-07-28 14:48:35 [INFO] DiscontinuedTracking: new NA code tracked Sheet=7 Code=SWAY1000
2026-07-28 14:48:35 [INFO] DiscontinuedTracking: new NA code tracked Sheet=7 Code=SWAY2000
2026-07-28 14:48:35 [INFO] DiscontinuedTracking: new NA code tracked Sheet=7 Code=SWAY3000
2026-07-28 14:48:35 [INFO] DiscontinuedTracking: new NA code tracked Sheet=7 Code=SWAY600
2026-07-28 14:48:35 [INFO] DiscontinuedTracking: new NA code tracked Sheet=7 Code=SWJF1000
2026-07-28 14:48:35 [INFO] DiscontinuedTracking: new NA code tracked Sheet=7 Code=SWJF2000
2026-07-28 14:48:35 [INFO] DiscontinuedTracking: new NA code tracked Sheet=7 Code=SWJF3000
2026-07-28 14:48:35 [INFO] DiscontinuedTracking: new NA code tracked Sheet=7 Code=SWJF600
2026-07-28 14:48:35 [INFO] DiscontinuedTracking: new NA code tracked Sheet=7 Code=SWJS1000
2026-07-28 14:48:35 [INFO] DiscontinuedTracking: new NA code tracked Sheet=7 Code=SWJS2000
2026-07-28 14:48:35 [INFO] DiscontinuedTracking: new NA code tracked Sheet=7 Code=SWJS3000
2026-07-28 14:48:35 [INFO] DiscontinuedTracking: new NA code tracked Sheet=7 Code=SWJS600
2026-07-28 14:48:37 [INFO] DiscontinuedTracking: new NA code tracked Sheet=9 Code=SHIN150
2026-07-28 14:48:37 [INFO] DiscontinuedTracking: new NA code tracked Sheet=9 Code=SHIN180
2026-07-28 14:48:37 [INFO] DiscontinuedTracking: new NA code tracked Sheet=9 Code=SHIN230250
2026-07-28 14:48:37 [INFO] DiscontinuedTracking: new NA code tracked Sheet=9 Code=SHIN300
2026-07-28 14:48:37 [INFO] DiscontinuedTracking: new NA code tracked Sheet=9 Code=SHIN350
2026-07-28 14:48:41 [INFO] DiscontinuedTracking: new NA code tracked Sheet=12 Code=LP50030SET
2026-07-28 14:48:41 [INFO] DiscontinuedTracking: new NA code tracked Sheet=12 Code=LP50030TAN
2026-07-28 14:48:41 [INFO] DiscontinuedTracking: new NA code tracked Sheet=12 Code=J470INP
2026-07-28 14:48:41 [INFO] DiscontinuedTracking: new NA code tracked Sheet=12 Code=J470SET
2026-07-28 14:48:41 [INFO] DiscontinuedTracking: new NA code tracked Sheet=12 Code=J470TAN
2026-07-28 14:48:41 [INFO] DiscontinuedTracking: new NA code tracked Sheet=12 Code=JTH75LSET
2026-07-28 14:48:41 [INFO] DiscontinuedTracking: new NA code tracked Sheet=12 Code=JTH75LTAN
2026-07-28 14:48:41 [INFO] DiscontinuedTracking: new NA code tracked Sheet=12 Code=JTH75SET
2026-07-28 14:48:41 [INFO] DiscontinuedTracking: new NA code tracked Sheet=12 Code=JTH75TAN
2026-07-28 14:48:41 [INFO] DiscontinuedTracking: new NA code tracked Sheet=12 Code=NNE50PSET
2026-07-28 14:48:41 [INFO] DiscontinuedTracking: new NA code tracked Sheet=12 Code=NNE60PB1S
2026-07-28 14:48:41 [INFO] DiscontinuedTracking: new NA code tracked Sheet=12 Code=NNE60PSET
2026-07-28 14:48:41 [INFO] DiscontinuedTracking: new NA code tracked Sheet=12 Code=TW80
2026-07-28 14:48:41 [INFO] DiscontinuedTracking: new NA code tracked Sheet=13 Code=250E1
2026-07-28 14:48:41 [INFO] DiscontinuedTracking: new NA code tracked Sheet=13 Code=OCS142P1
2026-07-28 14:48:43 [INFO] DiscontinuedTracking: new NA code tracked Sheet=16 Code=2FRM16100
2026-07-28 14:48:43 [INFO] DiscontinuedTracking: new NA code tracked Sheet=16 Code=RB104FD
2026-07-28 14:48:43 [INFO] DiscontinuedTracking: new NA code tracked Sheet=16 Code=RB104TC
2026-07-28 14:48:43 [INFO] DiscontinuedTracking: new NA code tracked Sheet=16 Code=RB106FD
2026-07-28 14:48:43 [INFO] DiscontinuedTracking: new NA code tracked Sheet=16 Code=RB106TC
2026-07-28 14:48:43 [INFO] DiscontinuedTracking: new NA code tracked Sheet=16 Code=RB108FD
2026-07-28 14:48:43 [INFO] DiscontinuedTracking: new NA code tracked Sheet=16 Code=RB110FD
2026-07-28 14:48:45 [INFO] DiscontinuedTracking: new NA code tracked Sheet=19 Code=40HA03N
2026-07-28 14:48:45 [INFO] DiscontinuedTracking: new NA code tracked Sheet=19 Code=40HA07L
2026-07-28 14:48:45 [INFO] DiscontinuedTracking: new NA code tracked Sheet=19 Code=40HA07S
2026-07-28 14:48:45 [INFO] DiscontinuedTracking: new NA code tracked Sheet=19 Code=40HA10S
2026-07-28 14:48:45 [INFO] DiscontinuedTracking: new NA code tracked Sheet=19 Code=40HA11H
2026-07-28 14:48:45 [INFO] DiscontinuedTracking: new NA code tracked Sheet=19 Code=40HA12H
2026-07-28 14:48:45 [INFO] DiscontinuedTracking: new NA code tracked Sheet=19 Code=40HA13K
2026-07-28 14:48:45 [INFO] DiscontinuedTracking: new NA code tracked Sheet=19 Code=55HA02S
2026-07-28 14:48:45 [INFO] DiscontinuedTracking: new NA code tracked Sheet=19 Code=55HA03N
2026-07-28 14:48:45 [INFO] DiscontinuedTracking: new NA code tracked Sheet=19 Code=55HA05J
2026-07-28 14:48:45 [INFO] DiscontinuedTracking: new NA code tracked Sheet=19 Code=55HA06K
2026-07-28 14:48:45 [INFO] DiscontinuedTracking: new NA code tracked Sheet=19 Code=55HA07L
2026-07-28 14:48:45 [INFO] DiscontinuedTracking: new NA code tracked Sheet=19 Code=55HA07S
2026-07-28 14:48:45 [INFO] DiscontinuedTracking: new NA code tracked Sheet=19 Code=55HA08B
2026-07-28 14:48:45 [INFO] DiscontinuedTracking: new NA code tracked Sheet=19 Code=55HA09B
2026-07-28 14:48:45 [INFO] DiscontinuedTracking: new NA code tracked Sheet=19 Code=55HA10S
2026-07-28 14:48:45 [INFO] DiscontinuedTracking: new NA code tracked Sheet=19 Code=55HA11H
2026-07-28 14:48:45 [INFO] DiscontinuedTracking: new NA code tracked Sheet=19 Code=55HA12H
2026-07-28 14:48:45 [INFO] DiscontinuedTracking: new NA code tracked Sheet=19 Code=55HA13K
2026-07-28 14:48:45 [INFO] DiscontinuedTracking: new NA code tracked Sheet=19 Code=3RA05M
2026-07-28 14:48:46 [INFO] DiscontinuedTracking: new NA code tracked Sheet=20 Code=ASTAN
2026-07-28 14:48:46 [INFO] DiscontinuedTracking: new NA code tracked Sheet=20 Code=LM10224
2026-07-28 14:48:46 [INFO] DiscontinuedTracking: new NA code tracked Sheet=20 Code=LMF20P
2026-07-28 14:48:46 [INFO] DiscontinuedTracking: new NA code tracked Sheet=20 Code=LMW20P
2026-07-28 14:48:55 [INFO] DiscontinuedTracking: new NA code tracked Sheet=24 Code=AF1113800
2026-07-28 14:48:55 [INFO] DiscontinuedTracking: new NA code tracked Sheet=24 Code=AS1113200
2026-07-28 14:48:55 [INFO] DiscontinuedTracking: new NA code tracked Sheet=24 Code=AS1113800
2026-07-28 14:48:55 [INFO] DiscontinuedTracking: new NA code tracked Sheet=24 Code=AS1115000
2026-07-28 14:48:58 [INFO] DiscontinuedTracking: new NA code tracked Sheet=25 Code=2060
2026-07-28 14:48:58 [INFO] DiscontinuedTracking: new NA code tracked Sheet=25 Code=2050
2026-07-28 14:48:58 [INFO] DiscontinuedTracking: new NA code tracked Sheet=25 Code=ORBG160DA2
2026-07-28 14:48:58 [INFO] DiscontinuedTracking: new NA code tracked Sheet=25 Code=ORBG190DA2
2026-07-28 14:48:58 [INFO] DiscontinuedTracking: new NA code tracked Sheet=25 Code=ORBG380DA2
2026-07-28 14:48:58 [INFO] DiscontinuedTracking: new NA code tracked Sheet=25 Code=ORBG050DA2
2026-07-28 14:48:58 [INFO] DiscontinuedTracking: new NA code tracked Sheet=25 Code=ORBG070DA2
2026-07-28 14:48:58 [INFO] DiscontinuedTracking: new NA code tracked Sheet=25 Code=ORBG100DA2
2026-07-28 14:48:58 [INFO] DiscontinuedTracking: new NA code tracked Sheet=25 Code=ORBG240DA2
2026-07-28 14:48:58 [INFO] DiscontinuedTracking: new NA code tracked Sheet=25 Code=ORBG280DA2
2026-07-28 14:48:58 [INFO] DiscontinuedTracking: new NA code tracked Sheet=25 Code=ORBG050AA2
2026-07-28 14:48:58 [INFO] DiscontinuedTracking: new NA code tracked Sheet=25 Code=ORBG050DC2
2026-07-28 14:48:58 [INFO] DiscontinuedTracking: new NA code tracked Sheet=25 Code=ORBG070AA2
2026-07-28 14:48:58 [INFO] DiscontinuedTracking: new NA code tracked Sheet=25 Code=ORBG070DC2
2026-07-28 14:48:58 [INFO] DiscontinuedTracking: new NA code tracked Sheet=25 Code=ORBG100AA2
2026-07-28 14:48:58 [INFO] DiscontinuedTracking: new NA code tracked Sheet=25 Code=ORBG100DC2
2026-07-28 14:48:58 [INFO] DiscontinuedTracking: new NA code tracked Sheet=25 Code=ORBG120AA2
2026-07-28 14:48:58 [INFO] DiscontinuedTracking: new NA code tracked Sheet=25 Code=ORBG120DA2
2026-07-28 14:48:58 [INFO] DiscontinuedTracking: new NA code tracked Sheet=25 Code=ORBG120DC2
2026-07-28 14:48:58 [INFO] DiscontinuedTracking: new NA code tracked Sheet=25 Code=ORBG160AA2
2026-07-28 14:48:58 [INFO] DiscontinuedTracking: new NA code tracked Sheet=25 Code=ORBG160DC2
2026-07-28 14:48:59 [INFO] DiscontinuedTracking: new NA code tracked Sheet=25 Code=ORBG190AA2
2026-07-28 14:48:59 [INFO] DiscontinuedTracking: new NA code tracked Sheet=25 Code=ORBG190DC2
2026-07-28 14:48:59 [INFO] DiscontinuedTracking: new NA code tracked Sheet=25 Code=ORBG240AA2
2026-07-28 14:48:59 [INFO] DiscontinuedTracking: new NA code tracked Sheet=25 Code=ORBG240DC2
2026-07-28 14:48:59 [INFO] DiscontinuedTracking: new NA code tracked Sheet=25 Code=ORBG280AA2
2026-07-28 14:48:59 [INFO] DiscontinuedTracking: new NA code tracked Sheet=25 Code=ORBG280DC2
2026-07-28 14:48:59 [INFO] DiscontinuedTracking: new NA code tracked Sheet=25 Code=ORBG310AA2
2026-07-28 14:48:59 [INFO] DiscontinuedTracking: new NA code tracked Sheet=25 Code=ORBG310DA2
2026-07-28 14:48:59 [INFO] DiscontinuedTracking: new NA code tracked Sheet=25 Code=ORBG310DC2
2026-07-28 14:48:59 [INFO] DiscontinuedTracking: new NA code tracked Sheet=25 Code=ORBG380AA2
2026-07-28 14:48:59 [INFO] DiscontinuedTracking: new NA code tracked Sheet=25 Code=ORBG380DC2
2026-07-28 14:48:59 [INFO] DiscontinuedTracking: new NA code tracked Sheet=25 Code=MRVSX04A60
2026-07-28 14:48:59 [INFO] DiscontinuedTracking: new NA code tracked Sheet=25 Code=A12
2026-07-28 14:48:59 [INFO] DiscontinuedTracking: new NA code tracked Sheet=25 Code=JCF1012
2026-07-28 14:48:59 [INFO] DiscontinuedTracking: new NA code tracked Sheet=25 Code=JCF1214
2026-07-28 14:48:59 [INFO] DiscontinuedTracking: new NA code tracked Sheet=25 Code=JCF814
2026-07-28 14:48:59 [INFO] DiscontinuedTracking: new NA code tracked Sheet=25 Code=JCM1012
2026-07-28 14:48:59 [INFO] DiscontinuedTracking: new NA code tracked Sheet=25 Code=JCM1214
2026-07-28 14:48:59 [INFO] DiscontinuedTracking: new NA code tracked Sheet=25 Code=JCM814
2026-07-28 14:48:59 [INFO] DiscontinuedTracking: new NA code tracked Sheet=25 Code=NC10T12
2026-07-28 14:48:59 [INFO] DiscontinuedTracking: new NA code tracked Sheet=25 Code=OBTST
2026-07-28 14:48:59 [INFO] DiscontinuedTracking: new NA code tracked Sheet=25 Code=TAH
2026-07-28 14:48:59 [INFO] NumericSheets=1,2,3,4,5,6,7,8,9,10,11,12,13,14,15,16,17,18,19,20,21,22,23,24,25
2026-07-28 14:48:59 [INFO] Candidates=17
2026-07-28 14:48:59 [INFO] Candidate Sheet=2 Row=5 Code=Z30TST [長期滞留_発注点差分置換(E=E-D,基準90日)] E:142->142 F:クリア 
2026-07-28 14:48:59 [INFO] Candidate Sheet=2 Row=6 Code=TPSS [欠品新規検知(E+1,H更新)] E:4->5  H:->2026-07-28
2026-07-28 14:48:59 [INFO] Candidate Sheet=2 Row=9 Code=TST350PKD [欠品解消(Hクリア,F更新)]  F:->2026-07-28 H:クリア
2026-07-28 14:48:59 [INFO] Candidate Sheet=3 Row=5 Code=MSVSS06A120 [長期滞留_発注点差分置換(E=E-D,基準90日)] E:7->7 F:クリア 
2026-07-28 14:48:59 [INFO] Candidate Sheet=3 Row=9 Code=MRVPCS04E0406S [欠品新規検知(E+1,H更新); 発注点割れ新規検知(F更新)] E:2->3 F:->2026-07-28 H:->2026-07-28
2026-07-28 14:48:59 [INFO] Candidate Sheet=4 Row=3 Code=ORBS2802PM [欠品新規検知(E+1,H更新)] E:5->6  H:->2026-07-28
2026-07-28 14:48:59 [INFO] Candidate Sheet=4 Row=6 Code=MK3001 [長期滞留_発注点差分置換(E=E-D,基準90日)] E:5->5 F:クリア 
2026-07-28 14:48:59 [INFO] Candidate Sheet=4 Row=10 Code=SKM3B [長期滞留_発注点差分置換(E=E-D,基準90日)] E:4->4 F:クリア 
2026-07-28 14:48:59 [INFO] Candidate Sheet=4 Row=30 Code=S160DA2M [発注点割れ新規検知(F更新)]  F:->2026-07-28 
2026-07-28 14:48:59 [INFO] Candidate Sheet=6 Row=6 Code=PLN10150 [長期滞留_発注点差分置換(E=E-D,基準90日)] E:5->5 F:クリア 
2026-07-28 14:48:59 [INFO] Candidate Sheet=6 Row=12 Code=LN10 [欠品解消(Hクリア,F更新)]  F:->2026-07-28 H:クリア
2026-07-28 14:48:59 [INFO] Candidate Sheet=6 Row=18 Code=LND06 [発注点割れ新規検知(F更新)]  F:->2026-07-28 
2026-07-28 14:48:59 [INFO] Candidate Sheet=6 Row=19 Code=SFN16 [欠品新規検知(E+1,H更新); 発注点割れ新規検知(F更新)] E:1->2 F:->2026-07-28 H:->2026-07-28
2026-07-28 14:48:59 [INFO] Candidate Sheet=8 Row=7 Code=SL024 [発注点割れ新規検知(F更新)]  F:->2026-07-28 
2026-07-28 14:48:59 [INFO] Candidate Sheet=16 Row=3 Code=UG280 [長期滞留_発注点差分置換(E=E-D,基準365日)] E:5->5 F:クリア 
2026-07-28 14:48:59 [INFO] Candidate Sheet=21 Row=15 Code=SKAL2 [発注点割れ新規検知(F更新)]  F:->2026-07-28 
2026-07-28 14:48:59 [INFO] Candidate Sheet=25 Row=3 Code=TPSS [欠品新規検知(E+1,H更新)] E:51->52  H:->2026-07-28
2026-07-28 14:48:59 [INFO] Audit completed. Workbook was not changed.
2026-07-28 14:48:59 [INFO] ElapsedSeconds=48.00

================================================================================
2026-07-28 14:50:11 [INFO] Start
2026-07-28 14:50:11 [INFO] ScriptVersion=2026-07-28-draft1
2026-07-28 14:50:11 [INFO] Site=船舶(機械部)
2026-07-28 14:50:11 [INFO] Mode=Update
2026-07-28 14:50:11 [INFO] Workbook=C:\HPDB\船舶在庫帳-20260728-V3.5.xlsx
2026-07-28 14:50:11 [INFO] DiscontinuedTrackingPath=C:\HPDB\DiscontinuedCodeTracking_船舶.csv
2026-07-28 14:50:13 [INFO] DiscontinuedTracking loaded. Entries=0
2026-07-28 14:50:17 [INFO] DiscontinuedTracking: new NA code tracked Sheet=2 Code=A12
2026-07-28 14:50:17 [INFO] DiscontinuedTracking: new NA code tracked Sheet=2 Code=OBTST
2026-07-28 14:50:17 [INFO] DiscontinuedTracking: new NA code tracked Sheet=2 Code=TST250JGK
2026-07-28 14:50:24 [INFO] DiscontinuedTracking: new NA code tracked Sheet=3 Code=2FRM16100
2026-07-28 14:50:24 [INFO] DiscontinuedTracking: new NA code tracked Sheet=3 Code=DPBAFU03
2026-07-28 14:50:24 [INFO] DiscontinuedTracking: new NA code tracked Sheet=3 Code=DPBAFU04
2026-07-28 14:50:25 [INFO] DiscontinuedTracking: new NA code tracked Sheet=3 Code=DPBAFU20
2026-07-28 14:50:25 [INFO] DiscontinuedTracking: new NA code tracked Sheet=3 Code=DPMAFU03
2026-07-28 14:50:25 [INFO] DiscontinuedTracking: new NA code tracked Sheet=3 Code=DPMAFU04
2026-07-28 14:50:25 [INFO] DiscontinuedTracking: new NA code tracked Sheet=3 Code=DPMAFU20
2026-07-28 14:50:25 [INFO] DiscontinuedTracking: new NA code tracked Sheet=3 Code=DPRSET04
2026-07-28 14:50:25 [INFO] DiscontinuedTracking: new NA code tracked Sheet=3 Code=DPRSET03
2026-07-28 14:50:25 [INFO] DiscontinuedTracking: new NA code tracked Sheet=3 Code=DPNF04
2026-07-28 14:50:25 [INFO] DiscontinuedTracking: new NA code tracked Sheet=3 Code=DPRO03B
2026-07-28 14:50:25 [INFO] DiscontinuedTracking: new NA code tracked Sheet=3 Code=DPRO03BV
2026-07-28 14:50:25 [INFO] DiscontinuedTracking: new NA code tracked Sheet=3 Code=DPRO04B
2026-07-28 14:50:25 [INFO] DiscontinuedTracking: new NA code tracked Sheet=3 Code=DPRO20B
2026-07-28 14:50:25 [INFO] DiscontinuedTracking: new NA code tracked Sheet=3 Code=DPRRPC03
2026-07-28 14:50:25 [INFO] DiscontinuedTracking: new NA code tracked Sheet=3 Code=DPSS04K
2026-07-28 14:50:25 [INFO] DiscontinuedTracking: new NA code tracked Sheet=3 Code=DRA11
2026-07-28 14:50:25 [INFO] DiscontinuedTracking: new NA code tracked Sheet=3 Code=MRV03BVTTFS
2026-07-28 14:50:25 [INFO] DiscontinuedTracking: new NA code tracked Sheet=3 Code=MRV20BVFF
2026-07-28 14:50:25 [INFO] DiscontinuedTracking: new NA code tracked Sheet=3 Code=MRVPC04B0406
2026-07-28 14:50:25 [INFO] DiscontinuedTracking: new NA code tracked Sheet=3 Code=MRVPC04B04FF
2026-07-28 14:50:25 [INFO] DiscontinuedTracking: new NA code tracked Sheet=3 Code=MRVPC04E0406
2026-07-28 14:50:25 [INFO] DiscontinuedTracking: new NA code tracked Sheet=3 Code=MRVPC04E46S
2026-07-28 14:50:25 [INFO] DiscontinuedTracking: new NA code tracked Sheet=3 Code=PRFVA0675
2026-07-28 14:50:25 [INFO] DiscontinuedTracking: new NA code tracked Sheet=3 Code=PRFVATW0660
2026-07-28 14:50:25 [INFO] DiscontinuedTracking: new NA code tracked Sheet=3 Code=PRFVATW0675
2026-07-28 14:50:27 [INFO] DiscontinuedTracking: new NA code tracked Sheet=4 Code=M4SCSP
2026-07-28 14:50:27 [INFO] DiscontinuedTracking: new NA code tracked Sheet=4 Code=M4SC031
2026-07-28 14:50:27 [INFO] DiscontinuedTracking: new NA code tracked Sheet=4 Code=M4SC043
2026-07-28 14:50:27 [INFO] DiscontinuedTracking: new NA code tracked Sheet=4 Code=M4SC055
2026-07-28 14:50:27 [INFO] DiscontinuedTracking: new NA code tracked Sheet=4 Code=M4SC067
2026-07-28 14:50:33 [INFO] DiscontinuedTracking: new NA code tracked Sheet=5 Code=A10VO100DFRL
2026-07-28 14:50:33 [INFO] DiscontinuedTracking: new NA code tracked Sheet=5 Code=SHAKT6CC3
2026-07-28 14:50:34 [INFO] DiscontinuedTracking: new NA code tracked Sheet=6 Code=FA35
2026-07-28 14:50:34 [INFO] DiscontinuedTracking: new NA code tracked Sheet=6 Code=FA50
2026-07-28 14:50:34 [INFO] DiscontinuedTracking: new NA code tracked Sheet=6 Code=FU50
2026-07-28 14:50:34 [INFO] DiscontinuedTracking: new NA code tracked Sheet=6 Code=FU75
2026-07-28 14:50:34 [INFO] DiscontinuedTracking: new NA code tracked Sheet=6 Code=UL0320U
2026-07-28 14:50:35 [INFO] DiscontinuedTracking: new NA code tracked Sheet=7 Code=SWAT1000
2026-07-28 14:50:35 [INFO] DiscontinuedTracking: new NA code tracked Sheet=7 Code=SWAT2000
2026-07-28 14:50:35 [INFO] DiscontinuedTracking: new NA code tracked Sheet=7 Code=SWAT3000
2026-07-28 14:50:35 [INFO] DiscontinuedTracking: new NA code tracked Sheet=7 Code=SWAY1000
2026-07-28 14:50:35 [INFO] DiscontinuedTracking: new NA code tracked Sheet=7 Code=SWAY2000
2026-07-28 14:50:35 [INFO] DiscontinuedTracking: new NA code tracked Sheet=7 Code=SWAY3000
2026-07-28 14:50:35 [INFO] DiscontinuedTracking: new NA code tracked Sheet=7 Code=SWAY600
2026-07-28 14:50:35 [INFO] DiscontinuedTracking: new NA code tracked Sheet=7 Code=SWJF1000
2026-07-28 14:50:35 [INFO] DiscontinuedTracking: new NA code tracked Sheet=7 Code=SWJF2000
2026-07-28 14:50:35 [INFO] DiscontinuedTracking: new NA code tracked Sheet=7 Code=SWJF3000
2026-07-28 14:50:35 [INFO] DiscontinuedTracking: new NA code tracked Sheet=7 Code=SWJF600
2026-07-28 14:50:35 [INFO] DiscontinuedTracking: new NA code tracked Sheet=7 Code=SWJS1000
2026-07-28 14:50:35 [INFO] DiscontinuedTracking: new NA code tracked Sheet=7 Code=SWJS2000
2026-07-28 14:50:35 [INFO] DiscontinuedTracking: new NA code tracked Sheet=7 Code=SWJS3000
2026-07-28 14:50:35 [INFO] DiscontinuedTracking: new NA code tracked Sheet=7 Code=SWJS600
2026-07-28 14:50:36 [INFO] DiscontinuedTracking: new NA code tracked Sheet=9 Code=SHIN150
2026-07-28 14:50:36 [INFO] DiscontinuedTracking: new NA code tracked Sheet=9 Code=SHIN180
2026-07-28 14:50:36 [INFO] DiscontinuedTracking: new NA code tracked Sheet=9 Code=SHIN230250
2026-07-28 14:50:36 [INFO] DiscontinuedTracking: new NA code tracked Sheet=9 Code=SHIN300
2026-07-28 14:50:36 [INFO] DiscontinuedTracking: new NA code tracked Sheet=9 Code=SHIN350
2026-07-28 14:50:40 [INFO] DiscontinuedTracking: new NA code tracked Sheet=12 Code=LP50030SET
2026-07-28 14:50:40 [INFO] DiscontinuedTracking: new NA code tracked Sheet=12 Code=LP50030TAN
2026-07-28 14:50:40 [INFO] DiscontinuedTracking: new NA code tracked Sheet=12 Code=J470INP
2026-07-28 14:50:40 [INFO] DiscontinuedTracking: new NA code tracked Sheet=12 Code=J470SET
2026-07-28 14:50:40 [INFO] DiscontinuedTracking: new NA code tracked Sheet=12 Code=J470TAN
2026-07-28 14:50:40 [INFO] DiscontinuedTracking: new NA code tracked Sheet=12 Code=JTH75LSET
2026-07-28 14:50:40 [INFO] DiscontinuedTracking: new NA code tracked Sheet=12 Code=JTH75LTAN
2026-07-28 14:50:40 [INFO] DiscontinuedTracking: new NA code tracked Sheet=12 Code=JTH75SET
2026-07-28 14:50:40 [INFO] DiscontinuedTracking: new NA code tracked Sheet=12 Code=JTH75TAN
2026-07-28 14:50:40 [INFO] DiscontinuedTracking: new NA code tracked Sheet=12 Code=NNE50PSET
2026-07-28 14:50:40 [INFO] DiscontinuedTracking: new NA code tracked Sheet=12 Code=NNE60PB1S
2026-07-28 14:50:40 [INFO] DiscontinuedTracking: new NA code tracked Sheet=12 Code=NNE60PSET
2026-07-28 14:50:40 [INFO] DiscontinuedTracking: new NA code tracked Sheet=12 Code=TW80
2026-07-28 14:50:41 [INFO] DiscontinuedTracking: new NA code tracked Sheet=13 Code=250E1
2026-07-28 14:50:41 [INFO] DiscontinuedTracking: new NA code tracked Sheet=13 Code=OCS142P1
2026-07-28 14:50:42 [INFO] DiscontinuedTracking: new NA code tracked Sheet=16 Code=2FRM16100
2026-07-28 14:50:42 [INFO] DiscontinuedTracking: new NA code tracked Sheet=16 Code=RB104FD
2026-07-28 14:50:42 [INFO] DiscontinuedTracking: new NA code tracked Sheet=16 Code=RB104TC
2026-07-28 14:50:42 [INFO] DiscontinuedTracking: new NA code tracked Sheet=16 Code=RB106FD
2026-07-28 14:50:42 [INFO] DiscontinuedTracking: new NA code tracked Sheet=16 Code=RB106TC
2026-07-28 14:50:42 [INFO] DiscontinuedTracking: new NA code tracked Sheet=16 Code=RB108FD
2026-07-28 14:50:42 [INFO] DiscontinuedTracking: new NA code tracked Sheet=16 Code=RB110FD
2026-07-28 14:50:45 [INFO] DiscontinuedTracking: new NA code tracked Sheet=19 Code=40HA03N
2026-07-28 14:50:45 [INFO] DiscontinuedTracking: new NA code tracked Sheet=19 Code=40HA07L
2026-07-28 14:50:45 [INFO] DiscontinuedTracking: new NA code tracked Sheet=19 Code=40HA07S
2026-07-28 14:50:45 [INFO] DiscontinuedTracking: new NA code tracked Sheet=19 Code=40HA10S
2026-07-28 14:50:45 [INFO] DiscontinuedTracking: new NA code tracked Sheet=19 Code=40HA11H
2026-07-28 14:50:45 [INFO] DiscontinuedTracking: new NA code tracked Sheet=19 Code=40HA12H
2026-07-28 14:50:45 [INFO] DiscontinuedTracking: new NA code tracked Sheet=19 Code=40HA13K
2026-07-28 14:50:45 [INFO] DiscontinuedTracking: new NA code tracked Sheet=19 Code=55HA02S
2026-07-28 14:50:45 [INFO] DiscontinuedTracking: new NA code tracked Sheet=19 Code=55HA03N
2026-07-28 14:50:45 [INFO] DiscontinuedTracking: new NA code tracked Sheet=19 Code=55HA05J
2026-07-28 14:50:45 [INFO] DiscontinuedTracking: new NA code tracked Sheet=19 Code=55HA06K
2026-07-28 14:50:45 [INFO] DiscontinuedTracking: new NA code tracked Sheet=19 Code=55HA07L
2026-07-28 14:50:45 [INFO] DiscontinuedTracking: new NA code tracked Sheet=19 Code=55HA07S
2026-07-28 14:50:45 [INFO] DiscontinuedTracking: new NA code tracked Sheet=19 Code=55HA08B
2026-07-28 14:50:45 [INFO] DiscontinuedTracking: new NA code tracked Sheet=19 Code=55HA09B
2026-07-28 14:50:45 [INFO] DiscontinuedTracking: new NA code tracked Sheet=19 Code=55HA10S
2026-07-28 14:50:45 [INFO] DiscontinuedTracking: new NA code tracked Sheet=19 Code=55HA11H
2026-07-28 14:50:45 [INFO] DiscontinuedTracking: new NA code tracked Sheet=19 Code=55HA12H
2026-07-28 14:50:45 [INFO] DiscontinuedTracking: new NA code tracked Sheet=19 Code=55HA13K
2026-07-28 14:50:45 [INFO] DiscontinuedTracking: new NA code tracked Sheet=19 Code=3RA05M
2026-07-28 14:50:45 [INFO] DiscontinuedTracking: new NA code tracked Sheet=20 Code=ASTAN
2026-07-28 14:50:45 [INFO] DiscontinuedTracking: new NA code tracked Sheet=20 Code=LM10224
2026-07-28 14:50:45 [INFO] DiscontinuedTracking: new NA code tracked Sheet=20 Code=LMF20P
2026-07-28 14:50:45 [INFO] DiscontinuedTracking: new NA code tracked Sheet=20 Code=LMW20P
2026-07-28 14:50:54 [INFO] DiscontinuedTracking: new NA code tracked Sheet=24 Code=AF1113800
2026-07-28 14:50:55 [INFO] DiscontinuedTracking: new NA code tracked Sheet=24 Code=AS1113200
2026-07-28 14:50:55 [INFO] DiscontinuedTracking: new NA code tracked Sheet=24 Code=AS1113800
2026-07-28 14:50:55 [INFO] DiscontinuedTracking: new NA code tracked Sheet=24 Code=AS1115000
2026-07-28 14:50:58 [INFO] DiscontinuedTracking: new NA code tracked Sheet=25 Code=2060
2026-07-28 14:50:58 [INFO] DiscontinuedTracking: new NA code tracked Sheet=25 Code=2050
2026-07-28 14:50:58 [INFO] DiscontinuedTracking: new NA code tracked Sheet=25 Code=ORBG160DA2
2026-07-28 14:50:58 [INFO] DiscontinuedTracking: new NA code tracked Sheet=25 Code=ORBG190DA2
2026-07-28 14:50:58 [INFO] DiscontinuedTracking: new NA code tracked Sheet=25 Code=ORBG380DA2
2026-07-28 14:50:58 [INFO] DiscontinuedTracking: new NA code tracked Sheet=25 Code=ORBG050DA2
2026-07-28 14:50:58 [INFO] DiscontinuedTracking: new NA code tracked Sheet=25 Code=ORBG070DA2
2026-07-28 14:50:58 [INFO] DiscontinuedTracking: new NA code tracked Sheet=25 Code=ORBG100DA2
2026-07-28 14:50:58 [INFO] DiscontinuedTracking: new NA code tracked Sheet=25 Code=ORBG240DA2
2026-07-28 14:50:58 [INFO] DiscontinuedTracking: new NA code tracked Sheet=25 Code=ORBG280DA2
2026-07-28 14:50:58 [INFO] DiscontinuedTracking: new NA code tracked Sheet=25 Code=ORBG050AA2
2026-07-28 14:50:58 [INFO] DiscontinuedTracking: new NA code tracked Sheet=25 Code=ORBG050DC2
2026-07-28 14:50:58 [INFO] DiscontinuedTracking: new NA code tracked Sheet=25 Code=ORBG070AA2
2026-07-28 14:50:58 [INFO] DiscontinuedTracking: new NA code tracked Sheet=25 Code=ORBG070DC2
2026-07-28 14:50:58 [INFO] DiscontinuedTracking: new NA code tracked Sheet=25 Code=ORBG100AA2
2026-07-28 14:50:58 [INFO] DiscontinuedTracking: new NA code tracked Sheet=25 Code=ORBG100DC2
2026-07-28 14:50:58 [INFO] DiscontinuedTracking: new NA code tracked Sheet=25 Code=ORBG120AA2
2026-07-28 14:50:58 [INFO] DiscontinuedTracking: new NA code tracked Sheet=25 Code=ORBG120DA2
2026-07-28 14:50:58 [INFO] DiscontinuedTracking: new NA code tracked Sheet=25 Code=ORBG120DC2
2026-07-28 14:50:58 [INFO] DiscontinuedTracking: new NA code tracked Sheet=25 Code=ORBG160AA2
2026-07-28 14:50:58 [INFO] DiscontinuedTracking: new NA code tracked Sheet=25 Code=ORBG160DC2
2026-07-28 14:50:58 [INFO] DiscontinuedTracking: new NA code tracked Sheet=25 Code=ORBG190AA2
2026-07-28 14:50:58 [INFO] DiscontinuedTracking: new NA code tracked Sheet=25 Code=ORBG190DC2
2026-07-28 14:50:58 [INFO] DiscontinuedTracking: new NA code tracked Sheet=25 Code=ORBG240AA2
2026-07-28 14:50:58 [INFO] DiscontinuedTracking: new NA code tracked Sheet=25 Code=ORBG240DC2
2026-07-28 14:50:58 [INFO] DiscontinuedTracking: new NA code tracked Sheet=25 Code=ORBG280AA2
2026-07-28 14:50:58 [INFO] DiscontinuedTracking: new NA code tracked Sheet=25 Code=ORBG280DC2
2026-07-28 14:50:58 [INFO] DiscontinuedTracking: new NA code tracked Sheet=25 Code=ORBG310AA2
2026-07-28 14:50:58 [INFO] DiscontinuedTracking: new NA code tracked Sheet=25 Code=ORBG310DA2
2026-07-28 14:50:58 [INFO] DiscontinuedTracking: new NA code tracked Sheet=25 Code=ORBG310DC2
2026-07-28 14:50:58 [INFO] DiscontinuedTracking: new NA code tracked Sheet=25 Code=ORBG380AA2
2026-07-28 14:50:58 [INFO] DiscontinuedTracking: new NA code tracked Sheet=25 Code=ORBG380DC2
2026-07-28 14:50:58 [INFO] DiscontinuedTracking: new NA code tracked Sheet=25 Code=MRVSX04A60
2026-07-28 14:50:58 [INFO] DiscontinuedTracking: new NA code tracked Sheet=25 Code=A12
2026-07-28 14:50:58 [INFO] DiscontinuedTracking: new NA code tracked Sheet=25 Code=JCF1012
2026-07-28 14:50:58 [INFO] DiscontinuedTracking: new NA code tracked Sheet=25 Code=JCF1214
2026-07-28 14:50:58 [INFO] DiscontinuedTracking: new NA code tracked Sheet=25 Code=JCF814
2026-07-28 14:50:58 [INFO] DiscontinuedTracking: new NA code tracked Sheet=25 Code=JCM1012
2026-07-28 14:50:58 [INFO] DiscontinuedTracking: new NA code tracked Sheet=25 Code=JCM1214
2026-07-28 14:50:58 [INFO] DiscontinuedTracking: new NA code tracked Sheet=25 Code=JCM814
2026-07-28 14:50:58 [INFO] DiscontinuedTracking: new NA code tracked Sheet=25 Code=NC10T12
2026-07-28 14:50:58 [INFO] DiscontinuedTracking: new NA code tracked Sheet=25 Code=OBTST
2026-07-28 14:50:58 [INFO] DiscontinuedTracking: new NA code tracked Sheet=25 Code=TAH
2026-07-28 14:50:58 [INFO] NumericSheets=1,2,3,4,5,6,7,8,9,10,11,12,13,14,15,16,17,18,19,20,21,22,23,24,25
2026-07-28 14:50:58 [INFO] Candidates=17
2026-07-28 14:50:58 [INFO] Candidate Sheet=2 Row=5 Code=Z30TST [長期滞留_発注点差分置換(E=E-D,基準90日)] E:142->142 F:クリア 
2026-07-28 14:50:58 [INFO] Candidate Sheet=2 Row=6 Code=TPSS [欠品新規検知(E+1,H更新)] E:4->5  H:->2026-07-28
2026-07-28 14:50:58 [INFO] Candidate Sheet=2 Row=9 Code=TST350PKD [欠品解消(Hクリア,F更新)]  F:->2026-07-28 H:クリア
2026-07-28 14:50:58 [INFO] Candidate Sheet=3 Row=5 Code=MSVSS06A120 [長期滞留_発注点差分置換(E=E-D,基準90日)] E:7->7 F:クリア 
2026-07-28 14:50:58 [INFO] Candidate Sheet=3 Row=9 Code=MRVPCS04E0406S [欠品新規検知(E+1,H更新); 発注点割れ新規検知(F更新)] E:2->3 F:->2026-07-28 H:->2026-07-28
2026-07-28 14:50:58 [INFO] Candidate Sheet=4 Row=3 Code=ORBS2802PM [欠品新規検知(E+1,H更新)] E:5->6  H:->2026-07-28
2026-07-28 14:50:58 [INFO] Candidate Sheet=4 Row=6 Code=MK3001 [長期滞留_発注点差分置換(E=E-D,基準90日)] E:5->5 F:クリア 
2026-07-28 14:50:58 [INFO] Candidate Sheet=4 Row=10 Code=SKM3B [長期滞留_発注点差分置換(E=E-D,基準90日)] E:4->4 F:クリア 
2026-07-28 14:50:58 [INFO] Candidate Sheet=4 Row=30 Code=S160DA2M [発注点割れ新規検知(F更新)]  F:->2026-07-28 
2026-07-28 14:50:58 [INFO] Candidate Sheet=6 Row=6 Code=PLN10150 [長期滞留_発注点差分置換(E=E-D,基準90日)] E:5->5 F:クリア 
2026-07-28 14:50:58 [INFO] Candidate Sheet=6 Row=12 Code=LN10 [欠品解消(Hクリア,F更新)]  F:->2026-07-28 H:クリア
2026-07-28 14:50:58 [INFO] Candidate Sheet=6 Row=18 Code=LND06 [発注点割れ新規検知(F更新)]  F:->2026-07-28 
2026-07-28 14:50:58 [INFO] Candidate Sheet=6 Row=19 Code=SFN16 [欠品新規検知(E+1,H更新); 発注点割れ新規検知(F更新)] E:1->2 F:->2026-07-28 H:->2026-07-28
2026-07-28 14:50:58 [INFO] Candidate Sheet=8 Row=7 Code=SL024 [発注点割れ新規検知(F更新)]  F:->2026-07-28 
2026-07-28 14:50:58 [INFO] Candidate Sheet=16 Row=3 Code=UG280 [長期滞留_発注点差分置換(E=E-D,基準365日)] E:5->5 F:クリア 
2026-07-28 14:50:58 [INFO] Candidate Sheet=21 Row=15 Code=SKAL2 [発注点割れ新規検知(F更新)]  F:->2026-07-28 
2026-07-28 14:50:58 [INFO] Candidate Sheet=25 Row=3 Code=TPSS [欠品新規検知(E+1,H更新)] E:51->52  H:->2026-07-28
2026-07-28 14:50:58 [INFO] Backup=C:\HPDB\Backup\船舶在庫帳-20260728-V3.5_20260728_145058.xlsx
2026-07-28 14:50:59 [UPDATE] Updated Sheet=2 Row=5 Code=Z30TST [長期滞留_発注点差分置換(E=E-D,基準90日)]
2026-07-28 14:50:59 [UPDATE] Updated Sheet=2 Row=6 Code=TPSS [欠品新規検知(E+1,H更新)]
2026-07-28 14:50:59 [UPDATE] Updated Sheet=2 Row=9 Code=TST350PKD [欠品解消(Hクリア,F更新)]
2026-07-28 14:50:59 [UPDATE] Updated Sheet=3 Row=5 Code=MSVSS06A120 [長期滞留_発注点差分置換(E=E-D,基準90日)]
2026-07-28 14:50:59 [UPDATE] Updated Sheet=3 Row=9 Code=MRVPCS04E0406S [欠品新規検知(E+1,H更新); 発注点割れ新規検知(F更新)]
2026-07-28 14:50:59 [UPDATE] Updated Sheet=4 Row=3 Code=ORBS2802PM [欠品新規検知(E+1,H更新)]
2026-07-28 14:50:59 [UPDATE] Updated Sheet=4 Row=6 Code=MK3001 [長期滞留_発注点差分置換(E=E-D,基準90日)]
2026-07-28 14:50:59 [UPDATE] Updated Sheet=4 Row=10 Code=SKM3B [長期滞留_発注点差分置換(E=E-D,基準90日)]
2026-07-28 14:50:59 [UPDATE] Updated Sheet=4 Row=30 Code=S160DA2M [発注点割れ新規検知(F更新)]
2026-07-28 14:50:59 [UPDATE] Updated Sheet=6 Row=6 Code=PLN10150 [長期滞留_発注点差分置換(E=E-D,基準90日)]
2026-07-28 14:50:59 [UPDATE] Updated Sheet=6 Row=12 Code=LN10 [欠品解消(Hクリア,F更新)]
2026-07-28 14:50:59 [UPDATE] Updated Sheet=6 Row=18 Code=LND06 [発注点割れ新規検知(F更新)]
2026-07-28 14:50:59 [UPDATE] Updated Sheet=6 Row=19 Code=SFN16 [欠品新規検知(E+1,H更新); 発注点割れ新規検知(F更新)]
2026-07-28 14:50:59 [UPDATE] Updated Sheet=8 Row=7 Code=SL024 [発注点割れ新規検知(F更新)]
2026-07-28 14:50:59 [UPDATE] Updated Sheet=16 Row=3 Code=UG280 [長期滞留_発注点差分置換(E=E-D,基準365日)]
2026-07-28 14:50:59 [UPDATE] Updated Sheet=21 Row=15 Code=SKAL2 [発注点割れ新規検知(F更新)]
2026-07-28 14:50:59 [UPDATE] Updated Sheet=25 Row=3 Code=TPSS [欠品新規検知(E+1,H更新)]
2026-07-28 14:50:59 [INFO] Saved. Updated=17
2026-07-28 14:50:59 [INFO] DiscontinuedTracking saved. Entries=154
2026-07-28 14:50:59 [INFO] ElapsedSeconds=48.41

================================================================================
2026-07-28 15:00:42 [INFO] Start
2026-07-28 15:00:42 [INFO] ScriptVersion=2026-07-28-draft1
2026-07-28 15:00:42 [INFO] Site=船舶(機械部)
2026-07-28 15:00:42 [INFO] Mode=Update
2026-07-28 15:00:42 [INFO] Workbook=C:\HPDB\船舶在庫帳-20260728-V3.5.xlsx
2026-07-28 15:00:42 [INFO] DiscontinuedTrackingPath=C:\HPDB\DiscontinuedCodeTracking_船舶.csv
2026-07-28 15:00:44 [INFO] DiscontinuedTracking loaded. Entries=154
2026-07-28 15:01:08 [INFO] DiscontinuedTracking: revival detected Sheet=9 Code=SHIN150 NewE=5
2026-07-28 15:01:30 [INFO] NumericSheets=1,2,3,4,5,6,7,8,9,10,11,12,13,14,15,16,17,18,19,20,21,22,23,24,25
2026-07-28 15:01:30 [INFO] Candidates=7
2026-07-28 15:01:30 [INFO] Candidate Sheet=2 Row=5 Code=Z30TST [発注点割れ新規検知(F更新)]  F:->2026-07-28 
2026-07-28 15:01:30 [INFO] Candidate Sheet=3 Row=5 Code=MSVSS06A120 [発注点割れ新規検知(F更新)]  F:->2026-07-28 
2026-07-28 15:01:30 [INFO] Candidate Sheet=4 Row=6 Code=MK3001 [発注点割れ新規検知(F更新)]  F:->2026-07-28 
2026-07-28 15:01:30 [INFO] Candidate Sheet=4 Row=10 Code=SKM3B [発注点割れ新規検知(F更新)]  F:->2026-07-28 
2026-07-28 15:01:30 [INFO] Candidate Sheet=6 Row=6 Code=PLN10150 [発注点割れ新規検知(F更新)]  F:->2026-07-28 
2026-07-28 15:01:30 [INFO] Candidate Sheet=9 Row=67 Code=SHIN150 [廃止コード復活(E=在庫数)] E:->5  
2026-07-28 15:01:30 [INFO] Candidate Sheet=16 Row=3 Code=UG280 [発注点割れ新規検知(F更新)]  F:->2026-07-28 
2026-07-28 15:01:30 [INFO] Backup=C:\HPDB\Backup\船舶在庫帳-20260728-V3.5_20260728_150130.xlsx
2026-07-28 15:01:30 [UPDATE] Updated Sheet=2 Row=5 Code=Z30TST [発注点割れ新規検知(F更新)]
2026-07-28 15:01:30 [UPDATE] Updated Sheet=3 Row=5 Code=MSVSS06A120 [発注点割れ新規検知(F更新)]
2026-07-28 15:01:30 [UPDATE] Updated Sheet=4 Row=6 Code=MK3001 [発注点割れ新規検知(F更新)]
2026-07-28 15:01:30 [UPDATE] Updated Sheet=4 Row=10 Code=SKM3B [発注点割れ新規検知(F更新)]
2026-07-28 15:01:30 [UPDATE] Updated Sheet=6 Row=6 Code=PLN10150 [発注点割れ新規検知(F更新)]
2026-07-28 15:01:30 [UPDATE] Updated Sheet=9 Row=67 Code=SHIN150 [廃止コード復活(E=在庫数)]
2026-07-28 15:01:30 [UPDATE] Updated Sheet=16 Row=3 Code=UG280 [発注点割れ新規検知(F更新)]
2026-07-28 15:01:31 [INFO] Saved. Updated=7
2026-07-28 15:01:31 [INFO] DiscontinuedTracking saved. Entries=154
2026-07-28 15:01:31 [INFO] ElapsedSeconds=49.06

================================================================================
2026-07-28 15:22:38 [INFO] Start
2026-07-28 15:22:38 [INFO] ScriptVersion=2026-07-28-draft1
2026-07-28 15:22:38 [INFO] Site=船舶(機械部)
2026-07-28 15:22:38 [INFO] Mode=Update
2026-07-28 15:22:38 [INFO] Workbook=C:\HPDB\船舶在庫帳-20260728-V3.5.xlsx
2026-07-28 15:22:38 [INFO] DiscontinuedTrackingPath=C:\HPDB\DiscontinuedCodeTracking_船舶.csv
2026-07-28 15:22:41 [INFO] DiscontinuedTracking loaded. Entries=154
2026-07-28 15:23:28 [INFO] NumericSheets=1,2,3,4,5,6,7,8,9,10,11,12,13,14,15,16,17,18,19,20,21,22,23,24,25
2026-07-28 15:23:28 [INFO] Candidates=1
2026-07-28 15:23:28 [INFO] Candidate Sheet=2 Row=8 Code=FW300E [長期滞留_管理除外(E=0,基準90日)] E:3->0 F:クリア H:クリア
2026-07-28 15:23:28 [INFO] Backup=C:\HPDB\Backup\船舶在庫帳-20260728-V3.5_20260728_152328.xlsx
2026-07-28 15:23:28 [UPDATE] Updated Sheet=2 Row=8 Code=FW300E [長期滞留_管理除外(E=0,基準90日)]
2026-07-28 15:23:28 [INFO] Saved. Updated=1
2026-07-28 15:23:28 [INFO] DiscontinuedTracking saved. Entries=154
2026-07-28 15:23:28 [INFO] ElapsedSeconds=50.27

