================================================================================
2026-09-25 22:42:15 [INFO] Start
2026-09-25 22:42:15 [INFO] ScriptVersion=2026-09-01-r18.1
2026-09-25 22:42:15 [INFO] Site=成果連絡表(色物)
2026-09-25 22:42:15 [INFO] Mode=UPdate
2026-09-25 22:42:15 [INFO] Workbook=\\192.168.0.35\disk\企画室\倉庫\汎用シナリオ結果\成果連絡表（色物）.xlsx
2026-09-25 22:42:15 [INFO] CorrectionEnabled=有
2026-09-25 22:42:15 [INFO] HistoryPath=\\192.168.0.35\disk\企画室\倉庫\汎用シナリオ結果\作業用CSV\ReorderPointHistory.csv
2026-09-25 22:42:15 [INFO] CsvStartCell=A4034 => CsvStartRow=4034
2026-09-25 22:42:15 [INFO] CsvValidation=Enabled DataSets=2
2026-09-25 22:42:15 [INFO] CsvFolderPath=C:\Users\RPA-5F\Desktop\在庫帳
2026-09-25 22:42:15 [INFO] CsvFileName=外注在庫データ.csv
2026-09-25 22:42:15 [INFO] CsvStartRow=4034
2026-09-25 22:42:15 [INFO] CsvPath=C:\Users\RPA-5F\Desktop\在庫帳\外注在庫データ.csv
2026-09-25 22:42:15 [INFO] CsvFileName2=倉庫在庫データ.csv
2026-09-25 22:42:15 [INFO] CsvStartRow2=3
2026-09-25 22:42:15 [INFO] CsvPath2=C:\Users\RPA-5F\Desktop\在庫帳\倉庫在庫データ.csv
2026-09-25 22:42:18 [INFO] BarcodeValidationStart Label=CSV1 CSV=C:\Users\RPA-5F\Desktop\在庫帳\外注在庫データ.csv ExcelStartRow=4034 ExcelEndRow=0
2026-09-25 22:42:18 [INFO] BarcodeValidationRows Label=CSV1 CSV=3389 Excel=3389 ExcelStartRow=4034 ExcelLastDataRow=7422
2026-09-25 22:42:21 [INFO] BarcodeValidation=OK Label=CSV1 ComparedRows=3389
2026-09-25 22:42:21 [INFO] BarcodeValidationStart Label=CSV2 CSV=C:\Users\RPA-5F\Desktop\在庫帳\倉庫在庫データ.csv ExcelStartRow=3 ExcelEndRow=4033
2026-09-25 22:42:21 [INFO] BarcodeValidationRows Label=CSV2 CSV=3921 Excel=3921 ExcelStartRow=3 ExcelLastDataRow=3923
2026-09-25 22:42:24 [INFO] BarcodeValidation=OK Label=CSV2 ComparedRows=3921
2026-09-25 22:42:24 [INFO] DatasetBoundary Active=True StartA=3 StartB=4034
2026-09-25 22:42:59 [INFO] CrossDatasetSameCodeCount=347
2026-09-25 22:43:04 [INFO] NumericSheets=1,2,3,4,5,6,7,8,9,10,11,12,13,14,15,16,17,18
2026-09-25 22:43:04 [INFO] Candidates=0
2026-09-25 22:43:04 [INFO] No update required.
2026-09-25 22:43:04 [INFO] ElapsedSeconds=49.86

