================================================================================
2026-09-25 22:43:23 [INFO] Start
2026-09-25 22:43:23 [INFO] ScriptVersion=2026-09-25-r15.10-REV5.1-2CSV-FIX9-CANDIDATE
2026-09-25 22:43:23 [INFO] Site=成果連絡表(色物)
2026-09-25 22:43:23 [INFO] Mode=Update
2026-09-25 22:43:23 [INFO] Workbook=\\192.168.0.35\disk\企画室\倉庫\汎用シナリオ結果\成果連絡表（色物）.xlsx
2026-09-25 22:43:23 [INFO] DiscontinuedTrackingPath=\\192.168.0.35\disk\企画室\倉庫\汎用シナリオ結果\作業用CSV\DiscontinuedCodeTracking_成果連絡表(色物).csv
2026-09-25 22:43:23 [INFO] SkipFormulaRestore=False
2026-09-25 22:43:23 [INFO] MaxFormulaSearchRows=200
2026-09-25 22:43:23 [INFO] MaxNewProductMoves=200
2026-09-25 22:43:23 [INFO] BackfillMode=False
2026-09-25 22:43:23 [INFO] LogRetentionDays=3
2026-09-25 22:43:27 [INFO] SiteConfig loaded. Site=成果連絡表(色物) UnitPriceSheet= RestoreG=False RestoreI=False RestoreJ=False RestoreK=False RestoreO=False NoOrderEnabled=True NoOrderKeyword=手配不可
2026-09-25 22:43:28 [INFO] DiscontinuedTracking loaded. Entries=209
2026-09-25 22:43:30 [INFO] Workbook formula recalculation started.
2026-09-25 22:43:31 [INFO] Workbook formula recalculation completed.
2026-09-25 22:43:32 [INFO] ReorderPointMaster loaded. Entries=6963
2026-09-25 22:43:58 [PASS] NewProductDatasetConfigValidated DatasetCount=2 MainRange=4034-8033 SubRange=3-4033
2026-09-25 22:43:58 [INFO] NewProductStaging: 「追加新規商品コード」シートは未作成です。
2026-09-25 22:44:53 [INFO] NewProductBaselineCandidates=1265 BaselineInitialized=False
2026-09-25 22:44:54 [INFO] NewProductStaging: ManagedCodes=1371 未管理新規候補=6045 バーコード重複候補=0
2026-09-25 22:45:01 [INFO] NewProductStaging: 候補CSV=\\192.168.0.35\disk\企画室\倉庫\汎用シナリオ結果\作業用CSV\NewProductCandidates_成果連絡表(色物)_Update_20260925_224454.csv
2026-09-25 22:45:02 [SKIP] Phase3: 2CSV Baseline未初期化のためfail-closed SKIPします。
2026-09-25 22:45:02 [SKIP] Phase3: 新規商品コード機能が無効/ERRORのためPhase3もSKIPします。Enabled=True FeatureError=False
2026-09-25 22:45:02 [INFO] NumericSheets=1,2,3,4,5,6,7,8,9,10,11,12,13,14,15,16,17,18
2026-09-25 22:45:02 [INFO] Candidates=226
2026-09-25 22:45:02 [INFO] Candidate Sheet=2 Row=74 Code=CHB04030 [N/A行クリア(管理対象外,A列+E:O列)]    
2026-09-25 22:45:02 [INFO] Candidate Sheet=2 Row=75 Code=CHB04028 [N/A行クリア(管理対象外,A列+E:O列)]    
2026-09-25 22:45:02 [INFO] Candidate Sheet=2 Row=76 Code=CHB04038 [N/A行クリア(管理対象外,A列+E:O列)]    
2026-09-25 22:45:02 [INFO] Candidate Sheet=2 Row=77 Code=CHB04035 [N/A行クリア(管理対象外,A列+E:O列)]    
2026-09-25 22:45:02 [INFO] Candidate Sheet=2 Row=78 Code=CHB04044 [N/A行クリア(管理対象外,A列+E:O列)]    
2026-09-25 22:45:02 [INFO] Candidate Sheet=2 Row=79 Code=CHB04034 [N/A行クリア(管理対象外,A列+E:O列)]    
2026-09-25 22:45:02 [INFO] Candidate Sheet=2 Row=80 Code=CH04035 [N/A行クリア(管理対象外,A列+E:O列)]    
2026-09-25 22:45:02 [INFO] Candidate Sheet=2 Row=81 Code=CHB04025 [N/A行クリア(管理対象外,A列+E:O列)]    
2026-09-25 22:45:02 [INFO] Candidate Sheet=2 Row=82 Code=CHB04050 [N/A行クリア(管理対象外,A列+E:O列)]    
2026-09-25 22:45:02 [INFO] Candidate Sheet=2 Row=83 Code=CHB04060 [N/A行クリア(管理対象外,A列+E:O列)]    
2026-09-25 22:45:02 [INFO] Candidate Sheet=2 Row=84 Code=CHB04032 [N/A行クリア(管理対象外,A列+E:O列)]    
2026-09-25 22:45:02 [INFO] Candidate Sheet=2 Row=85 Code=CHB04040 [N/A行クリア(管理対象外,A列+E:O列)]    
2026-09-25 22:45:02 [INFO] Candidate Sheet=2 Row=86 Code=CHB04048 [N/A行クリア(管理対象外,A列+E:O列)]    
2026-09-25 22:45:02 [INFO] Candidate Sheet=2 Row=87 Code=CHB04055 [N/A行クリア(管理対象外,A列+E:O列)]    
2026-09-25 22:45:02 [INFO] Candidate Sheet=2 Row=88 Code=CHB04065 [N/A行クリア(管理対象外,A列+E:O列)]    
2026-09-25 22:45:02 [INFO] Candidate Sheet=2 Row=89 Code=CHB04070 [N/A行クリア(管理対象外,A列+E:O列)]    
2026-09-25 22:45:02 [INFO] Candidate Sheet=2 Row=90 Code=CHB04022 [N/A行クリア(管理対象外,A列+E:O列)]    
2026-09-25 22:45:02 [INFO] Candidate Sheet=2 Row=91 Code=CHB04042 [N/A行クリア(管理対象外,A列+E:O列)]    
2026-09-25 22:45:02 [INFO] Candidate Sheet=2 Row=92 Code=CH04050 [N/A行クリア(管理対象外,A列+E:O列)]    
2026-09-25 22:45:02 [INFO] Candidate Sheet=2 Row=93 Code=CH04022 [N/A行クリア(管理対象外,A列+E:O列)]    
2026-09-25 22:45:02 [INFO] Candidate Sheet=2 Row=94 Code=CH04025 [N/A行クリア(管理対象外,A列+E:O列)]    
2026-09-25 22:45:02 [INFO] Candidate Sheet=2 Row=95 Code=CH04028 [N/A行クリア(管理対象外,A列+E:O列)]    
2026-09-25 22:45:02 [INFO] Candidate Sheet=2 Row=96 Code=CH04030 [N/A行クリア(管理対象外,A列+E:O列)]    
2026-09-25 22:45:02 [INFO] Candidate Sheet=2 Row=97 Code=CH04032 [N/A行クリア(管理対象外,A列+E:O列)]    
2026-09-25 22:45:02 [INFO] Candidate Sheet=2 Row=98 Code=CH04034 [N/A行クリア(管理対象外,A列+E:O列)]    
2026-09-25 22:45:02 [INFO] Candidate Sheet=2 Row=99 Code=CH04038 [N/A行クリア(管理対象外,A列+E:O列)]    
2026-09-25 22:45:02 [INFO] Candidate Sheet=2 Row=100 Code=CH04040 [N/A行クリア(管理対象外,A列+E:O列)]    
2026-09-25 22:45:02 [INFO] Candidate Sheet=2 Row=101 Code=CH04042 [N/A行クリア(管理対象外,A列+E:O列)]    
2026-09-25 22:45:02 [INFO] Candidate Sheet=2 Row=102 Code=CH04044 [N/A行クリア(管理対象外,A列+E:O列)]    
2026-09-25 22:45:02 [INFO] Candidate Sheet=2 Row=103 Code=CH04048 [N/A行クリア(管理対象外,A列+E:O列)]    
2026-09-25 22:45:02 [INFO] Candidate Sheet=2 Row=104 Code=CH04055 [N/A行クリア(管理対象外,A列+E:O列)]    
2026-09-25 22:45:02 [INFO] Candidate Sheet=2 Row=105 Code=CH04060 [N/A行クリア(管理対象外,A列+E:O列)]    
2026-09-25 22:45:02 [INFO] Candidate Sheet=2 Row=106 Code=CH04065 [N/A行クリア(管理対象外,A列+E:O列)]    
2026-09-25 22:45:02 [INFO] Candidate Sheet=2 Row=107 Code=CH04070 [N/A行クリア(管理対象外,A列+E:O列)]    
2026-09-25 22:45:02 [INFO] Candidate Sheet=2 Row=108 Code=CH04075 [N/A行クリア(管理対象外,A列+E:O列)]    
2026-09-25 22:45:02 [INFO] Candidate Sheet=2 Row=109 Code=CHB05022 [N/A行クリア(管理対象外,A列+E:O列)]    
2026-09-25 22:45:02 [INFO] Candidate Sheet=2 Row=110 Code=CHB05025 [N/A行クリア(管理対象外,A列+E:O列)]    
2026-09-25 22:45:02 [INFO] Candidate Sheet=2 Row=111 Code=CHB05028 [N/A行クリア(管理対象外,A列+E:O列)]    
2026-09-25 22:45:02 [INFO] Candidate Sheet=2 Row=112 Code=CHB05032 [N/A行クリア(管理対象外,A列+E:O列)]    
2026-09-25 22:45:02 [INFO] Candidate Sheet=2 Row=113 Code=CHB05034 [N/A行クリア(管理対象外,A列+E:O列)]    
2026-09-25 22:45:02 [INFO] Candidate Sheet=2 Row=114 Code=CHB05035 [N/A行クリア(管理対象外,A列+E:O列)]    
2026-09-25 22:45:02 [INFO] Candidate Sheet=2 Row=115 Code=CHB05038 [N/A行クリア(管理対象外,A列+E:O列)]    
2026-09-25 22:45:02 [INFO] Candidate Sheet=2 Row=116 Code=CHB05040 [N/A行クリア(管理対象外,A列+E:O列)]    
2026-09-25 22:45:02 [INFO] Candidate Sheet=2 Row=117 Code=CHB05042 [N/A行クリア(管理対象外,A列+E:O列)]    
2026-09-25 22:45:02 [INFO] Candidate Sheet=2 Row=118 Code=CHB05044 [N/A行クリア(管理対象外,A列+E:O列)]    
2026-09-25 22:45:02 [INFO] Candidate Sheet=2 Row=119 Code=CHB05048 [N/A行クリア(管理対象外,A列+E:O列)]    
2026-09-25 22:45:02 [INFO] Candidate Sheet=2 Row=120 Code=CHB05050 [N/A行クリア(管理対象外,A列+E:O列)]    
2026-09-25 22:45:02 [INFO] Candidate Sheet=2 Row=121 Code=CHP05025 [N/A行クリア(管理対象外,A列+E:O列)]    
2026-09-25 22:45:02 [INFO] Candidate Sheet=2 Row=122 Code=CHP05028 [N/A行クリア(管理対象外,A列+E:O列)]    
2026-09-25 22:45:02 [INFO] Candidate Sheet=2 Row=123 Code=CHP05030 [N/A行クリア(管理対象外,A列+E:O列)]    
2026-09-25 22:45:02 [INFO] Candidate Sheet=2 Row=124 Code=CHP05034 [N/A行クリア(管理対象外,A列+E:O列)]    
2026-09-25 22:45:02 [INFO] Candidate Sheet=2 Row=125 Code=CHP05038 [N/A行クリア(管理対象外,A列+E:O列)]    
2026-09-25 22:45:02 [INFO] Candidate Sheet=2 Row=126 Code=CHP05042 [N/A行クリア(管理対象外,A列+E:O列)]    
2026-09-25 22:45:02 [INFO] Candidate Sheet=2 Row=127 Code=CHP05048 [N/A行クリア(管理対象外,A列+E:O列)]    
2026-09-25 22:45:02 [INFO] Candidate Sheet=2 Row=128 Code=CHP05055 [N/A行クリア(管理対象外,A列+E:O列)]    
2026-09-25 22:45:02 [INFO] Candidate Sheet=3 Row=3 Code=UC055 [欠品新規検知(E+1,H更新)] E:24->25  H:->2026-09-25 
2026-09-25 22:45:02 [INFO] Candidate Sheet=3 Row=16 Code=TO04100 [欠品新規検知(E+1,H更新); 発注点割れ新規検知(F更新)] E:1->2 F:->2026-09-25 H:->2026-09-25 
2026-09-25 22:45:02 [INFO] Candidate Sheet=3 Row=17 Code=CU04060 [発注点割れ新規検知(F更新)]  F:->2026-09-25  
2026-09-25 22:45:02 [INFO] Candidate Sheet=3 Row=262 Code=TSA070401Z [N/A行クリア(管理対象外,A列+E:O列)]    
2026-09-25 22:45:02 [INFO] Candidate Sheet=3 Row=263 Code=TSA070451Z [N/A行クリア(管理対象外,A列+E:O列)]    
2026-09-25 22:45:02 [INFO] Candidate Sheet=3 Row=264 Code=TSA070501Z [N/A行クリア(管理対象外,A列+E:O列)]    
2026-09-25 22:45:02 [INFO] Candidate Sheet=3 Row=265 Code=TSA070551Z [N/A行クリア(管理対象外,A列+E:O列)]    
2026-09-25 22:45:02 [INFO] Candidate Sheet=3 Row=266 Code=TSA070601Z [N/A行クリア(管理対象外,A列+E:O列)]    
2026-09-25 22:45:02 [INFO] Candidate Sheet=3 Row=267 Code=TSA070651Z [N/A行クリア(管理対象外,A列+E:O列)]    
2026-09-25 22:45:02 [INFO] Candidate Sheet=3 Row=268 Code=TSA070701Z [N/A行クリア(管理対象外,A列+E:O列)]    
2026-09-25 22:45:02 [INFO] Candidate Sheet=3 Row=269 Code=TSA070751Z [N/A行クリア(管理対象外,A列+E:O列)]    
2026-09-25 22:45:02 [INFO] Candidate Sheet=3 Row=270 Code=TSA070801Z [N/A行クリア(管理対象外,A列+E:O列)]    
2026-09-25 22:45:02 [INFO] Candidate Sheet=3 Row=271 Code=TSA070851Z [N/A行クリア(管理対象外,A列+E:O列)]    
2026-09-25 22:45:02 [INFO] Candidate Sheet=3 Row=272 Code=TSA070901Z [N/A行クリア(管理対象外,A列+E:O列)]    
2026-09-25 22:45:02 [INFO] Candidate Sheet=3 Row=273 Code=TSA070951Z [N/A行クリア(管理対象外,A列+E:O列)]    
2026-09-25 22:45:02 [INFO] Candidate Sheet=3 Row=274 Code=TSA071001Z [N/A行クリア(管理対象外,A列+E:O列)]    
2026-09-25 22:45:02 [INFO] Candidate Sheet=3 Row=275 Code=TSA071051Z [N/A行クリア(管理対象外,A列+E:O列)]    
2026-09-25 22:45:02 [INFO] Candidate Sheet=3 Row=276 Code=TSA071101Z [N/A行クリア(管理対象外,A列+E:O列)]    
2026-09-25 22:45:02 [INFO] Candidate Sheet=3 Row=277 Code=TSA070400Z [N/A行クリア(管理対象外,A列+E:O列)]    
2026-09-25 22:45:02 [INFO] Candidate Sheet=3 Row=278 Code=TSA070450Z [N/A行クリア(管理対象外,A列+E:O列)]    
2026-09-25 22:45:02 [INFO] Candidate Sheet=3 Row=279 Code=TSA070500Z [N/A行クリア(管理対象外,A列+E:O列)]    
2026-09-25 22:45:02 [INFO] Candidate Sheet=3 Row=280 Code=TSA070550Z [N/A行クリア(管理対象外,A列+E:O列)]    
2026-09-25 22:45:02 [INFO] Candidate Sheet=3 Row=281 Code=TSA070600Z [N/A行クリア(管理対象外,A列+E:O列)]    
2026-09-25 22:45:02 [INFO] Candidate Sheet=3 Row=282 Code=TSA070650Z [N/A行クリア(管理対象外,A列+E:O列)]    
2026-09-25 22:45:02 [INFO] Candidate Sheet=3 Row=283 Code=TSA070700Z [N/A行クリア(管理対象外,A列+E:O列)]    
2026-09-25 22:45:02 [INFO] Candidate Sheet=3 Row=284 Code=TSA070750Z [N/A行クリア(管理対象外,A列+E:O列)]    
2026-09-25 22:45:02 [INFO] Candidate Sheet=3 Row=285 Code=TSA070800Z [N/A行クリア(管理対象外,A列+E:O列)]    
2026-09-25 22:45:02 [INFO] Candidate Sheet=3 Row=286 Code=TSA070850Z [N/A行クリア(管理対象外,A列+E:O列)]    
2026-09-25 22:45:02 [INFO] Candidate Sheet=3 Row=287 Code=TSA070900Z [N/A行クリア(管理対象外,A列+E:O列)]    
2026-09-25 22:45:02 [INFO] Candidate Sheet=3 Row=288 Code=TSA070950Z [N/A行クリア(管理対象外,A列+E:O列)]    
2026-09-25 22:45:02 [INFO] Candidate Sheet=3 Row=289 Code=TSA071000Z [N/A行クリア(管理対象外,A列+E:O列)]    
2026-09-25 22:45:02 [INFO] Candidate Sheet=3 Row=290 Code=TSA071050Z [N/A行クリア(管理対象外,A列+E:O列)]    
2026-09-25 22:45:02 [INFO] Candidate Sheet=3 Row=291 Code=TSA071100Z [N/A行クリア(管理対象外,A列+E:O列)]    
2026-09-25 22:45:02 [INFO] Candidate Sheet=3 Row=292 Code=TSP35HZ [N/A行クリア(管理対象外,A列+E:O列)]    
2026-09-25 22:45:02 [INFO] Candidate Sheet=3 Row=293 Code=TSP40HZ [N/A行クリア(管理対象外,A列+E:O列)]    
2026-09-25 22:45:02 [INFO] Candidate Sheet=3 Row=294 Code=TSP45HZ [N/A行クリア(管理対象外,A列+E:O列)]    
2026-09-25 22:45:02 [INFO] Candidate Sheet=3 Row=295 Code=TSP50HZ [N/A行クリア(管理対象外,A列+E:O列)]    
2026-09-25 22:45:02 [INFO] Candidate Sheet=3 Row=296 Code=TSP55HZ [N/A行クリア(管理対象外,A列+E:O列)]    
2026-09-25 22:45:02 [INFO] Candidate Sheet=3 Row=297 Code=TSP60HZ [N/A行クリア(管理対象外,A列+E:O列)]    
2026-09-25 22:45:02 [INFO] Candidate Sheet=3 Row=298 Code=TSP65HZ [N/A行クリア(管理対象外,A列+E:O列)]    
2026-09-25 22:45:02 [INFO] Candidate Sheet=3 Row=299 Code=TSP70HZ [N/A行クリア(管理対象外,A列+E:O列)]    
2026-09-25 22:45:02 [INFO] Candidate Sheet=3 Row=300 Code=TSP75HZ [N/A行クリア(管理対象外,A列+E:O列)]    
2026-09-25 22:45:02 [INFO] Candidate Sheet=3 Row=301 Code=TSP80HZ [N/A行クリア(管理対象外,A列+E:O列)]    
2026-09-25 22:45:02 [INFO] Candidate Sheet=3 Row=302 Code=TSP40YZ [N/A行クリア(管理対象外,A列+E:O列)]    
2026-09-25 22:45:02 [INFO] Candidate Sheet=3 Row=303 Code=TSP45YZ [N/A行クリア(管理対象外,A列+E:O列)]    
2026-09-25 22:45:02 [INFO] Candidate Sheet=3 Row=304 Code=TSP50YZ [N/A行クリア(管理対象外,A列+E:O列)]    
2026-09-25 22:45:02 [INFO] Candidate Sheet=3 Row=305 Code=TSP55YZ [N/A行クリア(管理対象外,A列+E:O列)]    
2026-09-25 22:45:02 [INFO] Candidate Sheet=3 Row=306 Code=TSP60YZ [N/A行クリア(管理対象外,A列+E:O列)]    
2026-09-25 22:45:02 [INFO] Candidate Sheet=3 Row=307 Code=TSP65YZ [N/A行クリア(管理対象外,A列+E:O列)]    
2026-09-25 22:45:02 [INFO] Candidate Sheet=3 Row=308 Code=TSP70YZ [N/A行クリア(管理対象外,A列+E:O列)]    
2026-09-25 22:45:02 [INFO] Candidate Sheet=3 Row=309 Code=TSP75YZ [N/A行クリア(管理対象外,A列+E:O列)]    
2026-09-25 22:45:02 [INFO] Candidate Sheet=3 Row=310 Code=TSP80YZ [N/A行クリア(管理対象外,A列+E:O列)]    
2026-09-25 22:45:02 [INFO] Candidate Sheet=3 Row=311 Code=TO04040Z [N/A行クリア(管理対象外,A列+E:O列)]    
2026-09-25 22:45:02 [INFO] Candidate Sheet=3 Row=312 Code=TO04045Z [N/A行クリア(管理対象外,A列+E:O列)]    
2026-09-25 22:45:02 [INFO] Candidate Sheet=3 Row=313 Code=TO04050Z [N/A行クリア(管理対象外,A列+E:O列)]    
2026-09-25 22:45:02 [INFO] Candidate Sheet=3 Row=314 Code=TO04055Z [N/A行クリア(管理対象外,A列+E:O列)]    
2026-09-25 22:45:02 [INFO] Candidate Sheet=3 Row=315 Code=TO04060Z [N/A行クリア(管理対象外,A列+E:O列)]    
2026-09-25 22:45:02 [INFO] Candidate Sheet=3 Row=316 Code=TO04065Z [N/A行クリア(管理対象外,A列+E:O列)]    
2026-09-25 22:45:02 [INFO] Candidate Sheet=3 Row=317 Code=TO04070Z [N/A行クリア(管理対象外,A列+E:O列)]    
2026-09-25 22:45:02 [INFO] Candidate Sheet=3 Row=318 Code=TO04075Z [N/A行クリア(管理対象外,A列+E:O列)]    
2026-09-25 22:45:02 [INFO] Candidate Sheet=3 Row=319 Code=TO04080Z [N/A行クリア(管理対象外,A列+E:O列)]    
2026-09-25 22:45:02 [INFO] Candidate Sheet=3 Row=320 Code=TO04085Z [N/A行クリア(管理対象外,A列+E:O列)]    
2026-09-25 22:45:02 [INFO] Candidate Sheet=3 Row=321 Code=TO04090Z [N/A行クリア(管理対象外,A列+E:O列)]    
2026-09-25 22:45:02 [INFO] Candidate Sheet=3 Row=322 Code=TO04095Z [N/A行クリア(管理対象外,A列+E:O列)]    
2026-09-25 22:45:02 [INFO] Candidate Sheet=3 Row=323 Code=TO04100Z [N/A行クリア(管理対象外,A列+E:O列)]    
2026-09-25 22:45:02 [INFO] Candidate Sheet=3 Row=324 Code=TO04105Z [N/A行クリア(管理対象外,A列+E:O列)]    
2026-09-25 22:45:02 [INFO] Candidate Sheet=3 Row=325 Code=TO04110Z [N/A行クリア(管理対象外,A列+E:O列)]    
2026-09-25 22:45:02 [INFO] Candidate Sheet=3 Row=326 Code=TSB07040Z [N/A行クリア(管理対象外,A列+E:O列)]    
2026-09-25 22:45:02 [INFO] Candidate Sheet=3 Row=327 Code=TSB07045Z [N/A行クリア(管理対象外,A列+E:O列)]    
2026-09-25 22:45:02 [INFO] Candidate Sheet=3 Row=328 Code=TSB07050Z [N/A行クリア(管理対象外,A列+E:O列)]    
2026-09-25 22:45:02 [INFO] Candidate Sheet=3 Row=329 Code=TSB07055Z [N/A行クリア(管理対象外,A列+E:O列)]    
2026-09-25 22:45:02 [INFO] Candidate Sheet=3 Row=330 Code=TSB07060Z [N/A行クリア(管理対象外,A列+E:O列)]    
2026-09-25 22:45:02 [INFO] Candidate Sheet=3 Row=331 Code=TSB07065Z [N/A行クリア(管理対象外,A列+E:O列)]    
2026-09-25 22:45:02 [INFO] Candidate Sheet=3 Row=332 Code=TSB07070Z [N/A行クリア(管理対象外,A列+E:O列)]    
2026-09-25 22:45:02 [INFO] Candidate Sheet=3 Row=333 Code=TSB07075Z [N/A行クリア(管理対象外,A列+E:O列)]    
2026-09-25 22:45:02 [INFO] Candidate Sheet=3 Row=334 Code=TSB07080Z [N/A行クリア(管理対象外,A列+E:O列)]    
2026-09-25 22:45:02 [INFO] Candidate Sheet=3 Row=335 Code=TSB07085Z [N/A行クリア(管理対象外,A列+E:O列)]    
2026-09-25 22:45:02 [INFO] Candidate Sheet=3 Row=336 Code=FRPP0802500 [N/A行クリア(管理対象外,A列+E:O列)]    
2026-09-25 22:45:02 [INFO] Candidate Sheet=3 Row=337 Code=FRPP0803000 [N/A行クリア(管理対象外,A列+E:O列)]    
2026-09-25 22:45:02 [INFO] Candidate Sheet=3 Row=338 Code=UA0 [N/A行クリア(管理対象外,A列+E:O列)]    
2026-09-25 22:45:02 [INFO] Candidate Sheet=4 Row=12 Code=KA65038 [発注点割れ新規検知(F更新)]  F:->2026-09-25  
2026-09-25 22:45:02 [INFO] Candidate Sheet=4 Row=13 Code=KA65050 [発注点割れ解消(Fクリア)]  F:クリア  
2026-09-25 22:45:02 [INFO] Candidate Sheet=4 Row=14 Code=KA69050 [発注点割れ解消(Fクリア)]  F:クリア  
2026-09-25 22:45:02 [INFO] Candidate Sheet=4 Row=15 Code=KA69065 [発注点割れ解消(Fクリア)]  F:クリア  
2026-09-25 22:45:02 [INFO] Candidate Sheet=4 Row=101 Code=KA97050T [N/A行クリア(管理対象外,A列+E:O列)]    
2026-09-25 22:45:02 [INFO] Candidate Sheet=4 Row=102 Code=KA97076T [N/A行クリア(管理対象外,A列+E:O列)]    
2026-09-25 22:45:02 [INFO] Candidate Sheet=4 Row=103 Code=KA97100T [N/A行クリア(管理対象外,A列+E:O列)]    
2026-09-25 22:45:02 [INFO] Candidate Sheet=4 Row=104 Code=KA61038ST [N/A行クリア(管理対象外,A列+E:O列)]    
2026-09-25 22:45:02 [INFO] Candidate Sheet=4 Row=105 Code=KA61076ST [N/A行クリア(管理対象外,A列+E:O列)]    
2026-09-25 22:45:02 [INFO] Candidate Sheet=4 Row=106 Code=KH04009 [N/A行クリア(管理対象外,A列+E:O列)]    
2026-09-25 22:45:02 [INFO] Candidate Sheet=4 Row=107 Code=KH04019 [N/A行クリア(管理対象外,A列+E:O列)]    
2026-09-25 22:45:02 [INFO] Candidate Sheet=4 Row=108 Code=KH04032 [N/A行クリア(管理対象外,A列+E:O列)]    
2026-09-25 22:45:02 [INFO] Candidate Sheet=4 Row=109 Code=KH04050 [N/A行クリア(管理対象外,A列+E:O列)]    
2026-09-25 22:45:02 [INFO] Candidate Sheet=4 Row=110 Code=KH04065 [N/A行クリア(管理対象外,A列+E:O列)]    
2026-09-25 22:45:02 [INFO] Candidate Sheet=6 Row=17 Code=40SP [発注点割れ解消(Fクリア)]  F:クリア  
2026-09-25 22:45:02 [INFO] Candidate Sheet=6 Row=18 Code=80SPFNASI [発注点割れ解消(Fクリア)]  F:クリア  
2026-09-25 22:45:02 [INFO] Candidate Sheet=6 Row=43 Code=GAI1808060 [N/A行クリア(管理対象外,A列+E:O列)]    
2026-09-25 22:45:02 [INFO] Candidate Sheet=6 Row=44 Code=GAI1808070 [N/A行クリア(管理対象外,A列+E:O列)]    
2026-09-25 22:45:02 [INFO] Candidate Sheet=6 Row=45 Code=80SPHN76 [N/A行クリア(管理対象外,A列+E:O列)]    
2026-09-25 22:45:02 [INFO] Candidate Sheet=7 Row=66 Code=NB040421 [N/A行クリア(管理対象外,A列+E:O列)]    
2026-09-25 22:45:02 [INFO] Candidate Sheet=9 Row=26 Code=TSL03158 [N/A行クリア(管理対象外,A列+E:O列)]    
2026-09-25 22:45:02 [INFO] Candidate Sheet=9 Row=27 Code=TSL03160 [N/A行クリア(管理対象外,A列+E:O列)]    
2026-09-25 22:45:02 [INFO] Candidate Sheet=9 Row=28 Code=TSL03163 [N/A行クリア(管理対象外,A列+E:O列)]    
2026-09-25 22:45:02 [INFO] Candidate Sheet=9 Row=29 Code=TSL03168 [N/A行クリア(管理対象外,A列+E:O列)]    
2026-09-25 22:45:02 [INFO] Candidate Sheet=9 Row=30 Code=TSL03170 [N/A行クリア(管理対象外,A列+E:O列)]    
2026-09-25 22:45:02 [INFO] Candidate Sheet=9 Row=31 Code=TSL03180 [N/A行クリア(管理対象外,A列+E:O列)]    
2026-09-25 22:45:02 [INFO] Candidate Sheet=9 Row=32 Code=TSL03190 [N/A行クリア(管理対象外,A列+E:O列)]    
2026-09-25 22:45:02 [INFO] Candidate Sheet=9 Row=33 Code=TSL03200 [N/A行クリア(管理対象外,A列+E:O列)]    
2026-09-25 22:45:02 [INFO] Candidate Sheet=9 Row=34 Code=TSL03210 [N/A行クリア(管理対象外,A列+E:O列)]    
2026-09-25 22:45:02 [INFO] Candidate Sheet=9 Row=35 Code=TSL03222 [N/A行クリア(管理対象外,A列+E:O列)]    
2026-09-25 22:45:02 [INFO] Candidate Sheet=9 Row=36 Code=TSL03234 [N/A行クリア(管理対象外,A列+E:O列)]    
2026-09-25 22:45:02 [INFO] Candidate Sheet=9 Row=37 Code=TSL03244 [N/A行クリア(管理対象外,A列+E:O列)]    
2026-09-25 22:45:02 [INFO] Candidate Sheet=9 Row=38 Code=TSL03254 [N/A行クリア(管理対象外,A列+E:O列)]    
2026-09-25 22:45:02 [INFO] Candidate Sheet=9 Row=39 Code=TSL03265 [N/A行クリア(管理対象外,A列+E:O列)]    
2026-09-25 22:45:02 [INFO] Candidate Sheet=9 Row=40 Code=TSL03276 [N/A行クリア(管理対象外,A列+E:O列)]    
2026-09-25 22:45:02 [INFO] Candidate Sheet=9 Row=41 Code=TSL03287 [N/A行クリア(管理対象外,A列+E:O列)]    
2026-09-25 22:45:02 [INFO] Candidate Sheet=9 Row=42 Code=TSL03287 [N/A行クリア(管理対象外,A列+E:O列)]    
2026-09-25 22:45:02 [INFO] Candidate Sheet=11 Row=10 Code=TRA070G [発注点割れ解消(Fクリア)]  F:クリア  
2026-09-25 22:45:02 [INFO] Candidate Sheet=11 Row=86 Code=TRA090T [N/A行クリア(管理対象外,A列+E:O列)]    
2026-09-25 22:45:02 [INFO] Candidate Sheet=12 Row=22 Code=QE009 [N/A行クリア(管理対象外,A列+E:O列)]    
2026-09-25 22:45:02 [INFO] Candidate Sheet=12 Row=23 Code=QE012 [N/A行クリア(管理対象外,A列+E:O列)]    
2026-09-25 22:45:02 [INFO] Candidate Sheet=12 Row=24 Code=QE016 [N/A行クリア(管理対象外,A列+E:O列)]    
2026-09-25 22:45:02 [INFO] Candidate Sheet=12 Row=25 Code=QE019 [N/A行クリア(管理対象外,A列+E:O列)]    
2026-09-25 22:45:02 [INFO] Candidate Sheet=12 Row=26 Code=QE025 [N/A行クリア(管理対象外,A列+E:O列)]    
2026-09-25 22:45:02 [INFO] Candidate Sheet=12 Row=27 Code=QE032 [N/A行クリア(管理対象外,A列+E:O列)]    
2026-09-25 22:45:02 [INFO] Candidate Sheet=12 Row=28 Code=QE038 [N/A行クリア(管理対象外,A列+E:O列)]    
2026-09-25 22:45:02 [INFO] Candidate Sheet=13 Row=9 Code=ZO8AN [発注点割れ新規検知(F更新)]  F:->2026-09-25  
2026-09-25 22:45:02 [INFO] Candidate Sheet=13 Row=10 Code=Y2B [発注点割れ新規検知(F更新)]  F:->2026-09-25  
2026-09-25 22:45:02 [INFO] Candidate Sheet=13 Row=55 Code=TA1B [N/A行クリア(管理対象外,A列+E:O列)]    
2026-09-25 22:45:02 [INFO] Candidate Sheet=13 Row=56 Code=TA2B [N/A行クリア(管理対象外,A列+E:O列)]    
2026-09-25 22:45:02 [INFO] Candidate Sheet=16 Row=23 Code=ZN09080 [発注点割れ新規検知(F更新)]  F:->2026-09-25  
2026-09-25 22:45:02 [INFO] Candidate Sheet=16 Row=24 Code=ZN09060BL [発注点割れ解消(Fクリア)]  F:クリア  
2026-09-25 22:45:02 [INFO] Candidate Sheet=17 Row=9 Code=SZSN30016020 [発注点割れ解消(Fクリア)]  F:クリア  
2026-09-25 22:45:02 [INFO] Candidate Sheet=17 Row=10 Code=SZSN38021025 [発注点割れ解消(Fクリア)]  F:クリア  
2026-09-25 22:45:02 [INFO] Candidate Sheet=17 Row=77 Code=SZS28015020 [N/A行クリア(管理対象外,A列+E:O列)]    
2026-09-25 22:45:02 [INFO] Candidate Sheet=17 Row=78 Code=SZS30016020 [N/A行クリア(管理対象外,A列+E:O列)]    
2026-09-25 22:45:02 [INFO] Candidate Sheet=17 Row=79 Code=SZS31016520 [N/A行クリア(管理対象外,A列+E:O列)]    
2026-09-25 22:45:02 [INFO] Candidate Sheet=17 Row=80 Code=SZS39021025 [N/A行クリア(管理対象外,A列+E:O列)]    
2026-09-25 22:45:02 [INFO] Candidate Sheet=17 Row=81 Code=SZS17008617 [N/A行クリア(管理対象外,A列+E:O列)]    
2026-09-25 22:45:02 [INFO] Candidate Sheet=17 Row=82 Code=SZS22011020 [N/A行クリア(管理対象外,A列+E:O列)]    
2026-09-25 22:45:02 [INFO] Candidate Sheet=17 Row=83 Code=SZS24012020 [N/A行クリア(管理対象外,A列+E:O列)]    
2026-09-25 22:45:02 [INFO] Candidate Sheet=17 Row=84 Code=SZS38021025 [N/A行クリア(管理対象外,A列+E:O列)]    
2026-09-25 22:45:02 [INFO] Candidate Sheet=18 Row=10 Code=SA082SO [N/A行クリア(管理対象外,A列+E:O列)]    
2026-09-25 22:45:02 [INFO] Candidate Sheet=18 Row=11 Code=SA086SO [N/A行クリア(管理対象外,A列+E:O列)]    
2026-09-25 22:45:02 [INFO] Candidate Sheet=18 Row=12 Code=SA083SO [N/A行クリア(管理対象外,A列+E:O列)]    
2026-09-25 22:45:02 [INFO] Candidate Sheet=18 Row=13 Code=SA081SO [N/A行クリア(管理対象外,A列+E:O列)]    
2026-09-25 22:45:02 [INFO] Candidate Sheet=18 Row=14 Code=SA133SO [N/A行クリア(管理対象外,A列+E:O列)]    
2026-09-25 22:45:02 [INFO] Candidate Sheet=18 Row=15 Code=SA084SO [N/A行クリア(管理対象外,A列+E:O列)]    
2026-09-25 22:45:02 [INFO] Candidate Sheet=18 Row=16 Code=SA085SO [N/A行クリア(管理対象外,A列+E:O列)]    
2026-09-25 22:45:02 [INFO] Candidate Sheet=18 Row=17 Code=SA087SO [N/A行クリア(管理対象外,A列+E:O列)]    
2026-09-25 22:45:02 [INFO] Candidate Sheet=18 Row=18 Code=SA04125 [N/A行クリア(管理対象外,A列+E:O列)]    
2026-09-25 22:45:02 [INFO] Candidate Sheet=18 Row=19 Code=SA04130 [N/A行クリア(管理対象外,A列+E:O列)]    
2026-09-25 22:45:02 [INFO] Candidate Sheet=18 Row=20 Code=SA04225 [N/A行クリア(管理対象外,A列+E:O列)]    
2026-09-25 22:45:02 [INFO] Candidate Sheet=18 Row=21 Code=SA04230 [N/A行クリア(管理対象外,A列+E:O列)]    
2026-09-25 22:45:02 [INFO] Candidate Sheet=18 Row=22 Code=SA04325 [N/A行クリア(管理対象外,A列+E:O列)]    
2026-09-25 22:45:02 [INFO] Candidate Sheet=18 Row=23 Code=SA04330 [N/A行クリア(管理対象外,A列+E:O列)]    
2026-09-25 22:45:02 [INFO] Candidate Sheet=18 Row=24 Code=SA04340 [N/A行クリア(管理対象外,A列+E:O列)]    
2026-09-25 22:45:02 [INFO] Candidate Sheet=18 Row=25 Code=SA04430 [N/A行クリア(管理対象外,A列+E:O列)]    
2026-09-25 22:45:02 [INFO] Candidate Sheet=18 Row=26 Code=SA04435 [N/A行クリア(管理対象外,A列+E:O列)]    
2026-09-25 22:45:02 [INFO] Candidate Sheet=18 Row=27 Code=SA04440 [N/A行クリア(管理対象外,A列+E:O列)]    
2026-09-25 22:45:02 [INFO] Candidate Sheet=18 Row=28 Code=SA04530 [N/A行クリア(管理対象外,A列+E:O列)]    
2026-09-25 22:45:02 [INFO] Candidate Sheet=18 Row=29 Code=SA04535 [N/A行クリア(管理対象外,A列+E:O列)]    
2026-09-25 22:45:02 [INFO] Candidate Sheet=18 Row=30 Code=SA04540 [N/A行クリア(管理対象外,A列+E:O列)]    
2026-09-25 22:45:02 [INFO] Candidate Sheet=18 Row=31 Code=SA04545 [N/A行クリア(管理対象外,A列+E:O列)]    
2026-09-25 22:45:02 [INFO] Candidate Sheet=18 Row=32 Code=SA04630 [N/A行クリア(管理対象外,A列+E:O列)]    
2026-09-25 22:45:02 [INFO] Candidate Sheet=18 Row=33 Code=SA04635 [N/A行クリア(管理対象外,A列+E:O列)]    
2026-09-25 22:45:02 [INFO] Candidate Sheet=18 Row=34 Code=SA04640 [N/A行クリア(管理対象外,A列+E:O列)]    
2026-09-25 22:45:02 [INFO] Candidate Sheet=18 Row=35 Code=SA04645 [N/A行クリア(管理対象外,A列+E:O列)]    
2026-09-25 22:45:02 [INFO] Candidate Sheet=18 Row=36 Code=SA04730 [N/A行クリア(管理対象外,A列+E:O列)]    
2026-09-25 22:45:02 [INFO] Candidate Sheet=18 Row=37 Code=SA04740 [N/A行クリア(管理対象外,A列+E:O列)]    
2026-09-25 22:45:02 [INFO] Candidate Sheet=18 Row=38 Code=SA04745 [N/A行クリア(管理対象外,A列+E:O列)]    
2026-09-25 22:45:02 [INFO] UnitPriceIFNACandidates=0
2026-09-25 22:45:02 [INFO] NewProductCandidates=6045 MaxNewProductCandidates=6500 Enabled=True FeatureError=False
2026-09-25 22:45:02 [INFO] Phase3Candidates Raw=0 Eligible=0 MaxNewProductMoves=200
2026-09-25 22:45:03 [INFO] Backup=\\192.168.0.35\disk\企画室\倉庫\汎用シナリオ結果\Backup\成果連絡表（色物）_20260925.xlsx
2026-09-25 22:45:03 [UPDATE] Updated Sheet=2 Row=74 Code=CHB04030 [N/A行クリア(管理対象外,A列+E:O列)]
2026-09-25 22:45:03 [UPDATE] Updated Sheet=2 Row=75 Code=CHB04028 [N/A行クリア(管理対象外,A列+E:O列)]
2026-09-25 22:45:03 [UPDATE] Updated Sheet=2 Row=76 Code=CHB04038 [N/A行クリア(管理対象外,A列+E:O列)]
2026-09-25 22:45:03 [UPDATE] Updated Sheet=2 Row=77 Code=CHB04035 [N/A行クリア(管理対象外,A列+E:O列)]
2026-09-25 22:45:03 [UPDATE] Updated Sheet=2 Row=78 Code=CHB04044 [N/A行クリア(管理対象外,A列+E:O列)]
2026-09-25 22:45:03 [UPDATE] Updated Sheet=2 Row=79 Code=CHB04034 [N/A行クリア(管理対象外,A列+E:O列)]
2026-09-25 22:45:03 [UPDATE] Updated Sheet=2 Row=80 Code=CH04035 [N/A行クリア(管理対象外,A列+E:O列)]
2026-09-25 22:45:03 [UPDATE] Updated Sheet=2 Row=81 Code=CHB04025 [N/A行クリア(管理対象外,A列+E:O列)]
2026-09-25 22:45:03 [UPDATE] Updated Sheet=2 Row=82 Code=CHB04050 [N/A行クリア(管理対象外,A列+E:O列)]
2026-09-25 22:45:03 [UPDATE] Updated Sheet=2 Row=83 Code=CHB04060 [N/A行クリア(管理対象外,A列+E:O列)]
2026-09-25 22:45:03 [UPDATE] Updated Sheet=2 Row=84 Code=CHB04032 [N/A行クリア(管理対象外,A列+E:O列)]
2026-09-25 22:45:03 [UPDATE] Updated Sheet=2 Row=85 Code=CHB04040 [N/A行クリア(管理対象外,A列+E:O列)]
2026-09-25 22:45:03 [UPDATE] Updated Sheet=2 Row=86 Code=CHB04048 [N/A行クリア(管理対象外,A列+E:O列)]
2026-09-25 22:45:03 [UPDATE] Updated Sheet=2 Row=87 Code=CHB04055 [N/A行クリア(管理対象外,A列+E:O列)]
2026-09-25 22:45:03 [UPDATE] Updated Sheet=2 Row=88 Code=CHB04065 [N/A行クリア(管理対象外,A列+E:O列)]
2026-09-25 22:45:03 [UPDATE] Updated Sheet=2 Row=89 Code=CHB04070 [N/A行クリア(管理対象外,A列+E:O列)]
2026-09-25 22:45:04 [UPDATE] Updated Sheet=2 Row=90 Code=CHB04022 [N/A行クリア(管理対象外,A列+E:O列)]
2026-09-25 22:45:04 [UPDATE] Updated Sheet=2 Row=91 Code=CHB04042 [N/A行クリア(管理対象外,A列+E:O列)]
2026-09-25 22:45:04 [UPDATE] Updated Sheet=2 Row=92 Code=CH04050 [N/A行クリア(管理対象外,A列+E:O列)]
2026-09-25 22:45:04 [UPDATE] Updated Sheet=2 Row=93 Code=CH04022 [N/A行クリア(管理対象外,A列+E:O列)]
2026-09-25 22:45:04 [UPDATE] Updated Sheet=2 Row=94 Code=CH04025 [N/A行クリア(管理対象外,A列+E:O列)]
2026-09-25 22:45:04 [UPDATE] Updated Sheet=2 Row=95 Code=CH04028 [N/A行クリア(管理対象外,A列+E:O列)]
2026-09-25 22:45:04 [UPDATE] Updated Sheet=2 Row=96 Code=CH04030 [N/A行クリア(管理対象外,A列+E:O列)]
2026-09-25 22:45:04 [UPDATE] Updated Sheet=2 Row=97 Code=CH04032 [N/A行クリア(管理対象外,A列+E:O列)]
2026-09-25 22:45:04 [UPDATE] Updated Sheet=2 Row=98 Code=CH04034 [N/A行クリア(管理対象外,A列+E:O列)]
2026-09-25 22:45:04 [UPDATE] Updated Sheet=2 Row=99 Code=CH04038 [N/A行クリア(管理対象外,A列+E:O列)]
2026-09-25 22:45:04 [UPDATE] Updated Sheet=2 Row=100 Code=CH04040 [N/A行クリア(管理対象外,A列+E:O列)]
2026-09-25 22:45:04 [UPDATE] Updated Sheet=2 Row=101 Code=CH04042 [N/A行クリア(管理対象外,A列+E:O列)]
2026-09-25 22:45:04 [UPDATE] Updated Sheet=2 Row=102 Code=CH04044 [N/A行クリア(管理対象外,A列+E:O列)]
2026-09-25 22:45:04 [UPDATE] Updated Sheet=2 Row=103 Code=CH04048 [N/A行クリア(管理対象外,A列+E:O列)]
2026-09-25 22:45:04 [UPDATE] Updated Sheet=2 Row=104 Code=CH04055 [N/A行クリア(管理対象外,A列+E:O列)]
2026-09-25 22:45:04 [UPDATE] Updated Sheet=2 Row=105 Code=CH04060 [N/A行クリア(管理対象外,A列+E:O列)]
2026-09-25 22:45:04 [UPDATE] Updated Sheet=2 Row=106 Code=CH04065 [N/A行クリア(管理対象外,A列+E:O列)]
2026-09-25 22:45:04 [UPDATE] Updated Sheet=2 Row=107 Code=CH04070 [N/A行クリア(管理対象外,A列+E:O列)]
2026-09-25 22:45:04 [UPDATE] Updated Sheet=2 Row=108 Code=CH04075 [N/A行クリア(管理対象外,A列+E:O列)]
2026-09-25 22:45:04 [UPDATE] Updated Sheet=2 Row=109 Code=CHB05022 [N/A行クリア(管理対象外,A列+E:O列)]
2026-09-25 22:45:04 [UPDATE] Updated Sheet=2 Row=110 Code=CHB05025 [N/A行クリア(管理対象外,A列+E:O列)]
2026-09-25 22:45:04 [UPDATE] Updated Sheet=2 Row=111 Code=CHB05028 [N/A行クリア(管理対象外,A列+E:O列)]
2026-09-25 22:45:04 [UPDATE] Updated Sheet=2 Row=112 Code=CHB05032 [N/A行クリア(管理対象外,A列+E:O列)]
2026-09-25 22:45:04 [UPDATE] Updated Sheet=2 Row=113 Code=CHB05034 [N/A行クリア(管理対象外,A列+E:O列)]
2026-09-25 22:45:04 [UPDATE] Updated Sheet=2 Row=114 Code=CHB05035 [N/A行クリア(管理対象外,A列+E:O列)]
2026-09-25 22:45:04 [UPDATE] Updated Sheet=2 Row=115 Code=CHB05038 [N/A行クリア(管理対象外,A列+E:O列)]
2026-09-25 22:45:04 [UPDATE] Updated Sheet=2 Row=116 Code=CHB05040 [N/A行クリア(管理対象外,A列+E:O列)]
2026-09-25 22:45:04 [UPDATE] Updated Sheet=2 Row=117 Code=CHB05042 [N/A行クリア(管理対象外,A列+E:O列)]
2026-09-25 22:45:04 [UPDATE] Updated Sheet=2 Row=118 Code=CHB05044 [N/A行クリア(管理対象外,A列+E:O列)]
2026-09-25 22:45:04 [UPDATE] Updated Sheet=2 Row=119 Code=CHB05048 [N/A行クリア(管理対象外,A列+E:O列)]
2026-09-25 22:45:04 [UPDATE] Updated Sheet=2 Row=120 Code=CHB05050 [N/A行クリア(管理対象外,A列+E:O列)]
2026-09-25 22:45:04 [UPDATE] Updated Sheet=2 Row=121 Code=CHP05025 [N/A行クリア(管理対象外,A列+E:O列)]
2026-09-25 22:45:04 [UPDATE] Updated Sheet=2 Row=122 Code=CHP05028 [N/A行クリア(管理対象外,A列+E:O列)]
2026-09-25 22:45:04 [UPDATE] Updated Sheet=2 Row=123 Code=CHP05030 [N/A行クリア(管理対象外,A列+E:O列)]
2026-09-25 22:45:04 [UPDATE] Updated Sheet=2 Row=124 Code=CHP05034 [N/A行クリア(管理対象外,A列+E:O列)]
2026-09-25 22:45:05 [UPDATE] Updated Sheet=2 Row=125 Code=CHP05038 [N/A行クリア(管理対象外,A列+E:O列)]
2026-09-25 22:45:05 [UPDATE] Updated Sheet=2 Row=126 Code=CHP05042 [N/A行クリア(管理対象外,A列+E:O列)]
2026-09-25 22:45:05 [UPDATE] Updated Sheet=2 Row=127 Code=CHP05048 [N/A行クリア(管理対象外,A列+E:O列)]
2026-09-25 22:45:05 [UPDATE] Updated Sheet=2 Row=128 Code=CHP05055 [N/A行クリア(管理対象外,A列+E:O列)]
2026-09-25 22:45:05 [UPDATE] Updated Sheet=3 Row=3 Code=UC055 [欠品新規検知(E+1,H更新)]
2026-09-25 22:45:05 [UPDATE] Updated Sheet=3 Row=16 Code=TO04100 [欠品新規検知(E+1,H更新); 発注点割れ新規検知(F更新)]
2026-09-25 22:45:05 [UPDATE] Updated Sheet=3 Row=17 Code=CU04060 [発注点割れ新規検知(F更新)]
2026-09-25 22:45:05 [UPDATE] Updated Sheet=3 Row=262 Code=TSA070401Z [N/A行クリア(管理対象外,A列+E:O列)]
2026-09-25 22:45:05 [UPDATE] Updated Sheet=3 Row=263 Code=TSA070451Z [N/A行クリア(管理対象外,A列+E:O列)]
2026-09-25 22:45:05 [UPDATE] Updated Sheet=3 Row=264 Code=TSA070501Z [N/A行クリア(管理対象外,A列+E:O列)]
2026-09-25 22:45:05 [UPDATE] Updated Sheet=3 Row=265 Code=TSA070551Z [N/A行クリア(管理対象外,A列+E:O列)]
2026-09-25 22:45:05 [UPDATE] Updated Sheet=3 Row=266 Code=TSA070601Z [N/A行クリア(管理対象外,A列+E:O列)]
2026-09-25 22:45:05 [UPDATE] Updated Sheet=3 Row=267 Code=TSA070651Z [N/A行クリア(管理対象外,A列+E:O列)]
2026-09-25 22:45:05 [UPDATE] Updated Sheet=3 Row=268 Code=TSA070701Z [N/A行クリア(管理対象外,A列+E:O列)]
2026-09-25 22:45:05 [UPDATE] Updated Sheet=3 Row=269 Code=TSA070751Z [N/A行クリア(管理対象外,A列+E:O列)]
2026-09-25 22:45:05 [UPDATE] Updated Sheet=3 Row=270 Code=TSA070801Z [N/A行クリア(管理対象外,A列+E:O列)]
2026-09-25 22:45:05 [UPDATE] Updated Sheet=3 Row=271 Code=TSA070851Z [N/A行クリア(管理対象外,A列+E:O列)]
2026-09-25 22:45:05 [UPDATE] Updated Sheet=3 Row=272 Code=TSA070901Z [N/A行クリア(管理対象外,A列+E:O列)]
2026-09-25 22:45:05 [UPDATE] Updated Sheet=3 Row=273 Code=TSA070951Z [N/A行クリア(管理対象外,A列+E:O列)]
2026-09-25 22:45:05 [UPDATE] Updated Sheet=3 Row=274 Code=TSA071001Z [N/A行クリア(管理対象外,A列+E:O列)]
2026-09-25 22:45:05 [UPDATE] Updated Sheet=3 Row=275 Code=TSA071051Z [N/A行クリア(管理対象外,A列+E:O列)]
2026-09-25 22:45:05 [UPDATE] Updated Sheet=3 Row=276 Code=TSA071101Z [N/A行クリア(管理対象外,A列+E:O列)]
2026-09-25 22:45:05 [UPDATE] Updated Sheet=3 Row=277 Code=TSA070400Z [N/A行クリア(管理対象外,A列+E:O列)]
2026-09-25 22:45:05 [UPDATE] Updated Sheet=3 Row=278 Code=TSA070450Z [N/A行クリア(管理対象外,A列+E:O列)]
2026-09-25 22:45:05 [UPDATE] Updated Sheet=3 Row=279 Code=TSA070500Z [N/A行クリア(管理対象外,A列+E:O列)]
2026-09-25 22:45:05 [UPDATE] Updated Sheet=3 Row=280 Code=TSA070550Z [N/A行クリア(管理対象外,A列+E:O列)]
2026-09-25 22:45:05 [UPDATE] Updated Sheet=3 Row=281 Code=TSA070600Z [N/A行クリア(管理対象外,A列+E:O列)]
2026-09-25 22:45:05 [UPDATE] Updated Sheet=3 Row=282 Code=TSA070650Z [N/A行クリア(管理対象外,A列+E:O列)]
2026-09-25 22:45:05 [UPDATE] Updated Sheet=3 Row=283 Code=TSA070700Z [N/A行クリア(管理対象外,A列+E:O列)]
2026-09-25 22:45:05 [UPDATE] Updated Sheet=3 Row=284 Code=TSA070750Z [N/A行クリア(管理対象外,A列+E:O列)]
2026-09-25 22:45:06 [UPDATE] Updated Sheet=3 Row=285 Code=TSA070800Z [N/A行クリア(管理対象外,A列+E:O列)]
2026-09-25 22:45:06 [UPDATE] Updated Sheet=3 Row=286 Code=TSA070850Z [N/A行クリア(管理対象外,A列+E:O列)]
2026-09-25 22:45:06 [UPDATE] Updated Sheet=3 Row=287 Code=TSA070900Z [N/A行クリア(管理対象外,A列+E:O列)]
2026-09-25 22:45:06 [UPDATE] Updated Sheet=3 Row=288 Code=TSA070950Z [N/A行クリア(管理対象外,A列+E:O列)]
2026-09-25 22:45:06 [UPDATE] Updated Sheet=3 Row=289 Code=TSA071000Z [N/A行クリア(管理対象外,A列+E:O列)]
2026-09-25 22:45:06 [UPDATE] Updated Sheet=3 Row=290 Code=TSA071050Z [N/A行クリア(管理対象外,A列+E:O列)]
2026-09-25 22:45:06 [UPDATE] Updated Sheet=3 Row=291 Code=TSA071100Z [N/A行クリア(管理対象外,A列+E:O列)]
2026-09-25 22:45:06 [UPDATE] Updated Sheet=3 Row=292 Code=TSP35HZ [N/A行クリア(管理対象外,A列+E:O列)]
2026-09-25 22:45:06 [UPDATE] Updated Sheet=3 Row=293 Code=TSP40HZ [N/A行クリア(管理対象外,A列+E:O列)]
2026-09-25 22:45:06 [UPDATE] Updated Sheet=3 Row=294 Code=TSP45HZ [N/A行クリア(管理対象外,A列+E:O列)]
2026-09-25 22:45:06 [UPDATE] Updated Sheet=3 Row=295 Code=TSP50HZ [N/A行クリア(管理対象外,A列+E:O列)]
2026-09-25 22:45:06 [UPDATE] Updated Sheet=3 Row=296 Code=TSP55HZ [N/A行クリア(管理対象外,A列+E:O列)]
2026-09-25 22:45:06 [UPDATE] Updated Sheet=3 Row=297 Code=TSP60HZ [N/A行クリア(管理対象外,A列+E:O列)]
2026-09-25 22:45:06 [UPDATE] Updated Sheet=3 Row=298 Code=TSP65HZ [N/A行クリア(管理対象外,A列+E:O列)]
2026-09-25 22:45:06 [UPDATE] Updated Sheet=3 Row=299 Code=TSP70HZ [N/A行クリア(管理対象外,A列+E:O列)]
2026-09-25 22:45:06 [UPDATE] Updated Sheet=3 Row=300 Code=TSP75HZ [N/A行クリア(管理対象外,A列+E:O列)]
2026-09-25 22:45:06 [UPDATE] Updated Sheet=3 Row=301 Code=TSP80HZ [N/A行クリア(管理対象外,A列+E:O列)]
2026-09-25 22:45:06 [UPDATE] Updated Sheet=3 Row=302 Code=TSP40YZ [N/A行クリア(管理対象外,A列+E:O列)]
2026-09-25 22:45:06 [UPDATE] Updated Sheet=3 Row=303 Code=TSP45YZ [N/A行クリア(管理対象外,A列+E:O列)]
2026-09-25 22:45:06 [UPDATE] Updated Sheet=3 Row=304 Code=TSP50YZ [N/A行クリア(管理対象外,A列+E:O列)]
2026-09-25 22:45:06 [UPDATE] Updated Sheet=3 Row=305 Code=TSP55YZ [N/A行クリア(管理対象外,A列+E:O列)]
2026-09-25 22:45:06 [UPDATE] Updated Sheet=3 Row=306 Code=TSP60YZ [N/A行クリア(管理対象外,A列+E:O列)]
2026-09-25 22:45:06 [UPDATE] Updated Sheet=3 Row=307 Code=TSP65YZ [N/A行クリア(管理対象外,A列+E:O列)]
2026-09-25 22:45:06 [UPDATE] Updated Sheet=3 Row=308 Code=TSP70YZ [N/A行クリア(管理対象外,A列+E:O列)]
2026-09-25 22:45:06 [UPDATE] Updated Sheet=3 Row=309 Code=TSP75YZ [N/A行クリア(管理対象外,A列+E:O列)]
2026-09-25 22:45:06 [UPDATE] Updated Sheet=3 Row=310 Code=TSP80YZ [N/A行クリア(管理対象外,A列+E:O列)]
2026-09-25 22:45:06 [UPDATE] Updated Sheet=3 Row=311 Code=TO04040Z [N/A行クリア(管理対象外,A列+E:O列)]
2026-09-25 22:45:06 [UPDATE] Updated Sheet=3 Row=312 Code=TO04045Z [N/A行クリア(管理対象外,A列+E:O列)]
2026-09-25 22:45:06 [UPDATE] Updated Sheet=3 Row=313 Code=TO04050Z [N/A行クリア(管理対象外,A列+E:O列)]
2026-09-25 22:45:06 [UPDATE] Updated Sheet=3 Row=314 Code=TO04055Z [N/A行クリア(管理対象外,A列+E:O列)]
2026-09-25 22:45:06 [UPDATE] Updated Sheet=3 Row=315 Code=TO04060Z [N/A行クリア(管理対象外,A列+E:O列)]
2026-09-25 22:45:06 [UPDATE] Updated Sheet=3 Row=316 Code=TO04065Z [N/A行クリア(管理対象外,A列+E:O列)]
2026-09-25 22:45:06 [UPDATE] Updated Sheet=3 Row=317 Code=TO04070Z [N/A行クリア(管理対象外,A列+E:O列)]
2026-09-25 22:45:06 [UPDATE] Updated Sheet=3 Row=318 Code=TO04075Z [N/A行クリア(管理対象外,A列+E:O列)]
2026-09-25 22:45:07 [UPDATE] Updated Sheet=3 Row=319 Code=TO04080Z [N/A行クリア(管理対象外,A列+E:O列)]
2026-09-25 22:45:07 [UPDATE] Updated Sheet=3 Row=320 Code=TO04085Z [N/A行クリア(管理対象外,A列+E:O列)]
2026-09-25 22:45:07 [UPDATE] Updated Sheet=3 Row=321 Code=TO04090Z [N/A行クリア(管理対象外,A列+E:O列)]
2026-09-25 22:45:07 [UPDATE] Updated Sheet=3 Row=322 Code=TO04095Z [N/A行クリア(管理対象外,A列+E:O列)]
2026-09-25 22:45:07 [UPDATE] Updated Sheet=3 Row=323 Code=TO04100Z [N/A行クリア(管理対象外,A列+E:O列)]
2026-09-25 22:45:07 [UPDATE] Updated Sheet=3 Row=324 Code=TO04105Z [N/A行クリア(管理対象外,A列+E:O列)]
2026-09-25 22:45:07 [UPDATE] Updated Sheet=3 Row=325 Code=TO04110Z [N/A行クリア(管理対象外,A列+E:O列)]
2026-09-25 22:45:07 [UPDATE] Updated Sheet=3 Row=326 Code=TSB07040Z [N/A行クリア(管理対象外,A列+E:O列)]
2026-09-25 22:45:07 [UPDATE] Updated Sheet=3 Row=327 Code=TSB07045Z [N/A行クリア(管理対象外,A列+E:O列)]
2026-09-25 22:45:07 [UPDATE] Updated Sheet=3 Row=328 Code=TSB07050Z [N/A行クリア(管理対象外,A列+E:O列)]
2026-09-25 22:45:07 [UPDATE] Updated Sheet=3 Row=329 Code=TSB07055Z [N/A行クリア(管理対象外,A列+E:O列)]
2026-09-25 22:45:07 [UPDATE] Updated Sheet=3 Row=330 Code=TSB07060Z [N/A行クリア(管理対象外,A列+E:O列)]
2026-09-25 22:45:07 [UPDATE] Updated Sheet=3 Row=331 Code=TSB07065Z [N/A行クリア(管理対象外,A列+E:O列)]
2026-09-25 22:45:07 [UPDATE] Updated Sheet=3 Row=332 Code=TSB07070Z [N/A行クリア(管理対象外,A列+E:O列)]
2026-09-25 22:45:07 [UPDATE] Updated Sheet=3 Row=333 Code=TSB07075Z [N/A行クリア(管理対象外,A列+E:O列)]
2026-09-25 22:45:07 [UPDATE] Updated Sheet=3 Row=334 Code=TSB07080Z [N/A行クリア(管理対象外,A列+E:O列)]
2026-09-25 22:45:07 [UPDATE] Updated Sheet=3 Row=335 Code=TSB07085Z [N/A行クリア(管理対象外,A列+E:O列)]
2026-09-25 22:45:07 [UPDATE] Updated Sheet=3 Row=336 Code=FRPP0802500 [N/A行クリア(管理対象外,A列+E:O列)]
2026-09-25 22:45:07 [UPDATE] Updated Sheet=3 Row=337 Code=FRPP0803000 [N/A行クリア(管理対象外,A列+E:O列)]
2026-09-25 22:45:07 [UPDATE] Updated Sheet=3 Row=338 Code=UA0 [N/A行クリア(管理対象外,A列+E:O列)]
2026-09-25 22:45:07 [UPDATE] Updated Sheet=4 Row=12 Code=KA65038 [発注点割れ新規検知(F更新)]
2026-09-25 22:45:07 [UPDATE] Updated Sheet=4 Row=13 Code=KA65050 [発注点割れ解消(Fクリア)]
2026-09-25 22:45:07 [UPDATE] Updated Sheet=4 Row=14 Code=KA69050 [発注点割れ解消(Fクリア)]
2026-09-25 22:45:07 [UPDATE] Updated Sheet=4 Row=15 Code=KA69065 [発注点割れ解消(Fクリア)]
2026-09-25 22:45:07 [UPDATE] Updated Sheet=4 Row=101 Code=KA97050T [N/A行クリア(管理対象外,A列+E:O列)]
2026-09-25 22:45:07 [UPDATE] Updated Sheet=4 Row=102 Code=KA97076T [N/A行クリア(管理対象外,A列+E:O列)]
2026-09-25 22:45:07 [UPDATE] Updated Sheet=4 Row=103 Code=KA97100T [N/A行クリア(管理対象外,A列+E:O列)]
2026-09-25 22:45:07 [UPDATE] Updated Sheet=4 Row=104 Code=KA61038ST [N/A行クリア(管理対象外,A列+E:O列)]
2026-09-25 22:45:07 [UPDATE] Updated Sheet=4 Row=105 Code=KA61076ST [N/A行クリア(管理対象外,A列+E:O列)]
2026-09-25 22:45:07 [UPDATE] Updated Sheet=4 Row=106 Code=KH04009 [N/A行クリア(管理対象外,A列+E:O列)]
2026-09-25 22:45:07 [UPDATE] Updated Sheet=4 Row=107 Code=KH04019 [N/A行クリア(管理対象外,A列+E:O列)]
2026-09-25 22:45:07 [UPDATE] Updated Sheet=4 Row=108 Code=KH04032 [N/A行クリア(管理対象外,A列+E:O列)]
2026-09-25 22:45:08 [UPDATE] Updated Sheet=4 Row=109 Code=KH04050 [N/A行クリア(管理対象外,A列+E:O列)]
2026-09-25 22:45:08 [UPDATE] Updated Sheet=4 Row=110 Code=KH04065 [N/A行クリア(管理対象外,A列+E:O列)]
2026-09-25 22:45:08 [UPDATE] Updated Sheet=6 Row=17 Code=40SP [発注点割れ解消(Fクリア)]
2026-09-25 22:45:08 [UPDATE] Updated Sheet=6 Row=18 Code=80SPFNASI [発注点割れ解消(Fクリア)]
2026-09-25 22:45:08 [UPDATE] Updated Sheet=6 Row=43 Code=GAI1808060 [N/A行クリア(管理対象外,A列+E:O列)]
2026-09-25 22:45:08 [UPDATE] Updated Sheet=6 Row=44 Code=GAI1808070 [N/A行クリア(管理対象外,A列+E:O列)]
2026-09-25 22:45:08 [UPDATE] Updated Sheet=6 Row=45 Code=80SPHN76 [N/A行クリア(管理対象外,A列+E:O列)]
2026-09-25 22:45:08 [UPDATE] Updated Sheet=7 Row=66 Code=NB040421 [N/A行クリア(管理対象外,A列+E:O列)]
2026-09-25 22:45:08 [UPDATE] Updated Sheet=9 Row=26 Code=TSL03158 [N/A行クリア(管理対象外,A列+E:O列)]
2026-09-25 22:45:08 [UPDATE] Updated Sheet=9 Row=27 Code=TSL03160 [N/A行クリア(管理対象外,A列+E:O列)]
2026-09-25 22:45:08 [UPDATE] Updated Sheet=9 Row=28 Code=TSL03163 [N/A行クリア(管理対象外,A列+E:O列)]
2026-09-25 22:45:08 [UPDATE] Updated Sheet=9 Row=29 Code=TSL03168 [N/A行クリア(管理対象外,A列+E:O列)]
2026-09-25 22:45:08 [UPDATE] Updated Sheet=9 Row=30 Code=TSL03170 [N/A行クリア(管理対象外,A列+E:O列)]
2026-09-25 22:45:08 [UPDATE] Updated Sheet=9 Row=31 Code=TSL03180 [N/A行クリア(管理対象外,A列+E:O列)]
2026-09-25 22:45:08 [UPDATE] Updated Sheet=9 Row=32 Code=TSL03190 [N/A行クリア(管理対象外,A列+E:O列)]
2026-09-25 22:45:08 [UPDATE] Updated Sheet=9 Row=33 Code=TSL03200 [N/A行クリア(管理対象外,A列+E:O列)]
2026-09-25 22:45:08 [UPDATE] Updated Sheet=9 Row=34 Code=TSL03210 [N/A行クリア(管理対象外,A列+E:O列)]
2026-09-25 22:45:08 [UPDATE] Updated Sheet=9 Row=35 Code=TSL03222 [N/A行クリア(管理対象外,A列+E:O列)]
2026-09-25 22:45:08 [UPDATE] Updated Sheet=9 Row=36 Code=TSL03234 [N/A行クリア(管理対象外,A列+E:O列)]
2026-09-25 22:45:08 [UPDATE] Updated Sheet=9 Row=37 Code=TSL03244 [N/A行クリア(管理対象外,A列+E:O列)]
2026-09-25 22:45:08 [UPDATE] Updated Sheet=9 Row=38 Code=TSL03254 [N/A行クリア(管理対象外,A列+E:O列)]
2026-09-25 22:45:08 [UPDATE] Updated Sheet=9 Row=39 Code=TSL03265 [N/A行クリア(管理対象外,A列+E:O列)]
2026-09-25 22:45:08 [UPDATE] Updated Sheet=9 Row=40 Code=TSL03276 [N/A行クリア(管理対象外,A列+E:O列)]
2026-09-25 22:45:08 [UPDATE] Updated Sheet=9 Row=41 Code=TSL03287 [N/A行クリア(管理対象外,A列+E:O列)]
2026-09-25 22:45:08 [UPDATE] Updated Sheet=9 Row=42 Code=TSL03287 [N/A行クリア(管理対象外,A列+E:O列)]
2026-09-25 22:45:08 [UPDATE] Updated Sheet=11 Row=10 Code=TRA070G [発注点割れ解消(Fクリア)]
2026-09-25 22:45:08 [UPDATE] Updated Sheet=11 Row=86 Code=TRA090T [N/A行クリア(管理対象外,A列+E:O列)]
2026-09-25 22:45:08 [UPDATE] Updated Sheet=12 Row=22 Code=QE009 [N/A行クリア(管理対象外,A列+E:O列)]
2026-09-25 22:45:08 [UPDATE] Updated Sheet=12 Row=23 Code=QE012 [N/A行クリア(管理対象外,A列+E:O列)]
2026-09-25 22:45:08 [UPDATE] Updated Sheet=12 Row=24 Code=QE016 [N/A行クリア(管理対象外,A列+E:O列)]
2026-09-25 22:45:08 [UPDATE] Updated Sheet=12 Row=25 Code=QE019 [N/A行クリア(管理対象外,A列+E:O列)]
2026-09-25 22:45:08 [UPDATE] Updated Sheet=12 Row=26 Code=QE025 [N/A行クリア(管理対象外,A列+E:O列)]
2026-09-25 22:45:08 [UPDATE] Updated Sheet=12 Row=27 Code=QE032 [N/A行クリア(管理対象外,A列+E:O列)]
2026-09-25 22:45:08 [UPDATE] Updated Sheet=12 Row=28 Code=QE038 [N/A行クリア(管理対象外,A列+E:O列)]
2026-09-25 22:45:08 [UPDATE] Updated Sheet=13 Row=9 Code=ZO8AN [発注点割れ新規検知(F更新)]
2026-09-25 22:45:08 [UPDATE] Updated Sheet=13 Row=10 Code=Y2B [発注点割れ新規検知(F更新)]
2026-09-25 22:45:09 [UPDATE] Updated Sheet=13 Row=55 Code=TA1B [N/A行クリア(管理対象外,A列+E:O列)]
2026-09-25 22:45:09 [UPDATE] Updated Sheet=13 Row=56 Code=TA2B [N/A行クリア(管理対象外,A列+E:O列)]
2026-09-25 22:45:09 [UPDATE] Updated Sheet=16 Row=23 Code=ZN09080 [発注点割れ新規検知(F更新)]
2026-09-25 22:45:09 [UPDATE] Updated Sheet=16 Row=24 Code=ZN09060BL [発注点割れ解消(Fクリア)]
2026-09-25 22:45:09 [UPDATE] Updated Sheet=17 Row=9 Code=SZSN30016020 [発注点割れ解消(Fクリア)]
2026-09-25 22:45:09 [UPDATE] Updated Sheet=17 Row=10 Code=SZSN38021025 [発注点割れ解消(Fクリア)]
2026-09-25 22:45:09 [UPDATE] Updated Sheet=17 Row=77 Code=SZS28015020 [N/A行クリア(管理対象外,A列+E:O列)]
2026-09-25 22:45:09 [UPDATE] Updated Sheet=17 Row=78 Code=SZS30016020 [N/A行クリア(管理対象外,A列+E:O列)]
2026-09-25 22:45:09 [UPDATE] Updated Sheet=17 Row=79 Code=SZS31016520 [N/A行クリア(管理対象外,A列+E:O列)]
2026-09-25 22:45:09 [UPDATE] Updated Sheet=17 Row=80 Code=SZS39021025 [N/A行クリア(管理対象外,A列+E:O列)]
2026-09-25 22:45:09 [UPDATE] Updated Sheet=17 Row=81 Code=SZS17008617 [N/A行クリア(管理対象外,A列+E:O列)]
2026-09-25 22:45:09 [UPDATE] Updated Sheet=17 Row=82 Code=SZS22011020 [N/A行クリア(管理対象外,A列+E:O列)]
2026-09-25 22:45:09 [UPDATE] Updated Sheet=17 Row=83 Code=SZS24012020 [N/A行クリア(管理対象外,A列+E:O列)]
2026-09-25 22:45:09 [UPDATE] Updated Sheet=17 Row=84 Code=SZS38021025 [N/A行クリア(管理対象外,A列+E:O列)]
2026-09-25 22:45:09 [UPDATE] Updated Sheet=18 Row=10 Code=SA082SO [N/A行クリア(管理対象外,A列+E:O列)]
2026-09-25 22:45:09 [UPDATE] Updated Sheet=18 Row=11 Code=SA086SO [N/A行クリア(管理対象外,A列+E:O列)]
2026-09-25 22:45:09 [UPDATE] Updated Sheet=18 Row=12 Code=SA083SO [N/A行クリア(管理対象外,A列+E:O列)]
2026-09-25 22:45:09 [UPDATE] Updated Sheet=18 Row=13 Code=SA081SO [N/A行クリア(管理対象外,A列+E:O列)]
2026-09-25 22:45:09 [UPDATE] Updated Sheet=18 Row=14 Code=SA133SO [N/A行クリア(管理対象外,A列+E:O列)]
2026-09-25 22:45:09 [UPDATE] Updated Sheet=18 Row=15 Code=SA084SO [N/A行クリア(管理対象外,A列+E:O列)]
2026-09-25 22:45:09 [UPDATE] Updated Sheet=18 Row=16 Code=SA085SO [N/A行クリア(管理対象外,A列+E:O列)]
2026-09-25 22:45:09 [UPDATE] Updated Sheet=18 Row=17 Code=SA087SO [N/A行クリア(管理対象外,A列+E:O列)]
2026-09-25 22:45:09 [UPDATE] Updated Sheet=18 Row=18 Code=SA04125 [N/A行クリア(管理対象外,A列+E:O列)]
2026-09-25 22:45:09 [UPDATE] Updated Sheet=18 Row=19 Code=SA04130 [N/A行クリア(管理対象外,A列+E:O列)]
2026-09-25 22:45:09 [UPDATE] Updated Sheet=18 Row=20 Code=SA04225 [N/A行クリア(管理対象外,A列+E:O列)]
2026-09-25 22:45:09 [UPDATE] Updated Sheet=18 Row=21 Code=SA04230 [N/A行クリア(管理対象外,A列+E:O列)]
2026-09-25 22:45:09 [UPDATE] Updated Sheet=18 Row=22 Code=SA04325 [N/A行クリア(管理対象外,A列+E:O列)]
2026-09-25 22:45:09 [UPDATE] Updated Sheet=18 Row=23 Code=SA04330 [N/A行クリア(管理対象外,A列+E:O列)]
2026-09-25 22:45:09 [UPDATE] Updated Sheet=18 Row=24 Code=SA04340 [N/A行クリア(管理対象外,A列+E:O列)]
2026-09-25 22:45:09 [UPDATE] Updated Sheet=18 Row=25 Code=SA04430 [N/A行クリア(管理対象外,A列+E:O列)]
2026-09-25 22:45:09 [UPDATE] Updated Sheet=18 Row=26 Code=SA04435 [N/A行クリア(管理対象外,A列+E:O列)]
2026-09-25 22:45:09 [UPDATE] Updated Sheet=18 Row=27 Code=SA04440 [N/A行クリア(管理対象外,A列+E:O列)]
2026-09-25 22:45:09 [UPDATE] Updated Sheet=18 Row=28 Code=SA04530 [N/A行クリア(管理対象外,A列+E:O列)]
2026-09-25 22:45:09 [UPDATE] Updated Sheet=18 Row=29 Code=SA04535 [N/A行クリア(管理対象外,A列+E:O列)]
2026-09-25 22:45:09 [UPDATE] Updated Sheet=18 Row=30 Code=SA04540 [N/A行クリア(管理対象外,A列+E:O列)]
2026-09-25 22:45:10 [UPDATE] Updated Sheet=18 Row=31 Code=SA04545 [N/A行クリア(管理対象外,A列+E:O列)]
2026-09-25 22:45:10 [UPDATE] Updated Sheet=18 Row=32 Code=SA04630 [N/A行クリア(管理対象外,A列+E:O列)]
2026-09-25 22:45:10 [UPDATE] Updated Sheet=18 Row=33 Code=SA04635 [N/A行クリア(管理対象外,A列+E:O列)]
2026-09-25 22:45:10 [UPDATE] Updated Sheet=18 Row=34 Code=SA04640 [N/A行クリア(管理対象外,A列+E:O列)]
2026-09-25 22:45:10 [UPDATE] Updated Sheet=18 Row=35 Code=SA04645 [N/A行クリア(管理対象外,A列+E:O列)]
2026-09-25 22:45:10 [UPDATE] Updated Sheet=18 Row=36 Code=SA04730 [N/A行クリア(管理対象外,A列+E:O列)]
2026-09-25 22:45:10 [UPDATE] Updated Sheet=18 Row=37 Code=SA04740 [N/A行クリア(管理対象外,A列+E:O列)]
2026-09-25 22:45:10 [UPDATE] Updated Sheet=18 Row=38 Code=SA04745 [N/A行クリア(管理対象外,A列+E:O列)]
2026-09-25 22:49:31 [UPDATE] NewProductStaging: Added=6045
2026-09-25 22:49:31 [INFO] LegacyGapPattern Site=成果連絡表(色物) Sheet=1 Col=O Samples=2 Mismatches=0 Safe=False
2026-09-25 22:49:31 [INFO] LegacyGapPattern Site=成果連絡表(色物) Sheet=1 Col=K Samples=0 Mismatches=0 Safe=False
2026-09-25 22:49:31 [WARN] LegacyGapRepairDisabled Site=成果連絡表(色物) Sheet=1 Col=K Reason=PatternUnsafe Samples=0 Mismatches=0
2026-09-25 22:49:31 [WARN] LegacyGapBlock Site=成果連絡表(色物) Sheet=1 Rows=5-7 Col=O Action=ManualReview
2026-09-25 22:49:31 [WARN] LegacyGapRepairDisabled Site=成果連絡表(色物) Sheet=1 Col=O Reason=PatternUnsafe Samples=2 Mismatches=0
2026-09-25 22:49:33 [INFO] LegacyGapPattern Site=成果連絡表(色物) Sheet=2 Col=O Samples=71 Mismatches=0 Safe=True
2026-09-25 22:49:33 [INFO] LegacyGapPattern Site=成果連絡表(色物) Sheet=2 Col=K Samples=0 Mismatches=0 Safe=False
2026-09-25 22:49:33 [WARN] LegacyGapRepairDisabled Site=成果連絡表(色物) Sheet=2 Col=K Reason=PatternUnsafe Samples=0 Mismatches=0
2026-09-25 22:49:37 [INFO] LegacyGapPattern Site=成果連絡表(色物) Sheet=3 Col=O Samples=259 Mismatches=0 Safe=True
2026-09-25 22:49:37 [INFO] LegacyGapPattern Site=成果連絡表(色物) Sheet=3 Col=K Samples=0 Mismatches=0 Safe=False
2026-09-25 22:49:37 [WARN] LegacyGapRepairDisabled Site=成果連絡表(色物) Sheet=3 Col=K Reason=PatternUnsafe Samples=0 Mismatches=0
2026-09-25 22:49:39 [INFO] LegacyGapPattern Site=成果連絡表(色物) Sheet=4 Col=O Samples=98 Mismatches=0 Safe=True
2026-09-25 22:49:39 [INFO] LegacyGapPattern Site=成果連絡表(色物) Sheet=4 Col=K Samples=0 Mismatches=0 Safe=False
2026-09-25 22:49:39 [WARN] LegacyGapRepairDisabled Site=成果連絡表(色物) Sheet=4 Col=K Reason=PatternUnsafe Samples=0 Mismatches=0
2026-09-25 22:49:39 [INFO] LegacyGapPattern Site=成果連絡表(色物) Sheet=5 Col=O Samples=17 Mismatches=0 Safe=True
2026-09-25 22:49:39 [INFO] LegacyGapPattern Site=成果連絡表(色物) Sheet=5 Col=K Samples=0 Mismatches=0 Safe=False
2026-09-25 22:49:39 [WARN] LegacyGapRepairDisabled Site=成果連絡表(色物) Sheet=5 Col=K Reason=PatternUnsafe Samples=0 Mismatches=0
2026-09-25 22:49:40 [INFO] LegacyGapPattern Site=成果連絡表(色物) Sheet=6 Col=O Samples=40 Mismatches=0 Safe=True
2026-09-25 22:49:40 [INFO] LegacyGapPattern Site=成果連絡表(色物) Sheet=6 Col=K Samples=0 Mismatches=0 Safe=False
2026-09-25 22:49:40 [WARN] LegacyGapRepairDisabled Site=成果連絡表(色物) Sheet=6 Col=K Reason=PatternUnsafe Samples=0 Mismatches=0
2026-09-25 22:49:41 [INFO] LegacyGapPattern Site=成果連絡表(色物) Sheet=7 Col=O Samples=63 Mismatches=0 Safe=True
2026-09-25 22:49:41 [INFO] LegacyGapPattern Site=成果連絡表(色物) Sheet=7 Col=K Samples=0 Mismatches=0 Safe=False
2026-09-25 22:49:41 [WARN] LegacyGapRepairDisabled Site=成果連絡表(色物) Sheet=7 Col=K Reason=PatternUnsafe Samples=0 Mismatches=0
2026-09-25 22:49:43 [INFO] LegacyGapPattern Site=成果連絡表(色物) Sheet=8 Col=O Samples=133 Mismatches=0 Safe=True
2026-09-25 22:49:43 [INFO] LegacyGapPattern Site=成果連絡表(色物) Sheet=8 Col=K Samples=0 Mismatches=0 Safe=False
2026-09-25 22:49:43 [WARN] LegacyGapRepairDisabled Site=成果連絡表(色物) Sheet=8 Col=K Reason=PatternUnsafe Samples=0 Mismatches=0
2026-09-25 22:49:43 [INFO] LegacyGapPattern Site=成果連絡表(色物) Sheet=9 Col=O Samples=23 Mismatches=0 Safe=True
2026-09-25 22:49:43 [INFO] LegacyGapPattern Site=成果連絡表(色物) Sheet=9 Col=K Samples=0 Mismatches=0 Safe=False
2026-09-25 22:49:43 [WARN] LegacyGapRepairDisabled Site=成果連絡表(色物) Sheet=9 Col=K Reason=PatternUnsafe Samples=0 Mismatches=0
2026-09-25 22:49:44 [INFO] LegacyGapPattern Site=成果連絡表(色物) Sheet=10 Col=O Samples=26 Mismatches=0 Safe=True
2026-09-25 22:49:44 [INFO] LegacyGapPattern Site=成果連絡表(色物) Sheet=10 Col=K Samples=0 Mismatches=0 Safe=False
2026-09-25 22:49:44 [WARN] LegacyGapRepairDisabled Site=成果連絡表(色物) Sheet=10 Col=K Reason=PatternUnsafe Samples=0 Mismatches=0
2026-09-25 22:49:45 [INFO] LegacyGapPattern Site=成果連絡表(色物) Sheet=11 Col=O Samples=82 Mismatches=0 Safe=True
2026-09-25 22:49:45 [INFO] LegacyGapPattern Site=成果連絡表(色物) Sheet=11 Col=K Samples=0 Mismatches=0 Safe=False
2026-09-25 22:49:45 [WARN] LegacyGapRepairDisabled Site=成果連絡表(色物) Sheet=11 Col=K Reason=PatternUnsafe Samples=0 Mismatches=0
2026-09-25 22:49:45 [INFO] LegacyGapPattern Site=成果連絡表(色物) Sheet=12 Col=O Samples=19 Mismatches=0 Safe=True
2026-09-25 22:49:45 [INFO] LegacyGapPattern Site=成果連絡表(色物) Sheet=12 Col=K Samples=0 Mismatches=0 Safe=False
2026-09-25 22:49:45 [WARN] LegacyGapRepairDisabled Site=成果連絡表(色物) Sheet=12 Col=K Reason=PatternUnsafe Samples=0 Mismatches=0
2026-09-25 22:49:46 [INFO] LegacyGapPattern Site=成果連絡表(色物) Sheet=13 Col=O Samples=52 Mismatches=0 Safe=True
2026-09-25 22:49:46 [INFO] LegacyGapPattern Site=成果連絡表(色物) Sheet=13 Col=K Samples=0 Mismatches=0 Safe=False
2026-09-25 22:49:46 [WARN] LegacyGapRepairDisabled Site=成果連絡表(色物) Sheet=13 Col=K Reason=PatternUnsafe Samples=0 Mismatches=0
2026-09-25 22:49:47 [INFO] LegacyGapPattern Site=成果連絡表(色物) Sheet=14 Col=O Samples=99 Mismatches=0 Safe=True
2026-09-25 22:49:47 [INFO] LegacyGapPattern Site=成果連絡表(色物) Sheet=14 Col=K Samples=0 Mismatches=0 Safe=False
2026-09-25 22:49:47 [WARN] LegacyGapRepairDisabled Site=成果連絡表(色物) Sheet=14 Col=K Reason=PatternUnsafe Samples=0 Mismatches=0
2026-09-25 22:49:47 [INFO] LegacyGapPattern Site=成果連絡表(色物) Sheet=15 Col=O Samples=19 Mismatches=0 Safe=True
2026-09-25 22:49:47 [INFO] LegacyGapPattern Site=成果連絡表(色物) Sheet=15 Col=K Samples=0 Mismatches=0 Safe=False
2026-09-25 22:49:47 [WARN] LegacyGapRepairDisabled Site=成果連絡表(色物) Sheet=15 Col=K Reason=PatternUnsafe Samples=0 Mismatches=0
2026-09-25 22:49:48 [INFO] LegacyGapPattern Site=成果連絡表(色物) Sheet=16 Col=O Samples=86 Mismatches=0 Safe=True
2026-09-25 22:49:48 [INFO] LegacyGapPattern Site=成果連絡表(色物) Sheet=16 Col=K Samples=0 Mismatches=0 Safe=False
2026-09-25 22:49:48 [WARN] LegacyGapRepairDisabled Site=成果連絡表(色物) Sheet=16 Col=K Reason=PatternUnsafe Samples=0 Mismatches=0
2026-09-25 22:49:49 [INFO] LegacyGapPattern Site=成果連絡表(色物) Sheet=17 Col=O Samples=74 Mismatches=0 Safe=True
2026-09-25 22:49:50 [INFO] LegacyGapPattern Site=成果連絡表(色物) Sheet=17 Col=K Samples=0 Mismatches=0 Safe=False
2026-09-25 22:49:50 [WARN] LegacyGapRepairDisabled Site=成果連絡表(色物) Sheet=17 Col=K Reason=PatternUnsafe Samples=0 Mismatches=0
2026-09-25 22:49:50 [INFO] LegacyGapPattern Site=成果連絡表(色物) Sheet=18 Col=O Samples=7 Mismatches=0 Safe=False
2026-09-25 22:49:50 [INFO] LegacyGapPattern Site=成果連絡表(色物) Sheet=18 Col=K Samples=0 Mismatches=0 Safe=False
2026-09-25 22:49:50 [WARN] LegacyGapRepairDisabled Site=成果連絡表(色物) Sheet=18 Col=K Reason=PatternUnsafe Samples=0 Mismatches=0
2026-09-25 22:49:50 [WARN] LegacyGapRepairDisabled Site=成果連絡表(色物) Sheet=18 Col=O Reason=PatternUnsafe Samples=7 Mismatches=0
2026-09-25 22:49:50 [INFO] LegacyGapDetectOnly completed. Candidates=0 WorkbookNotModified=True
2026-09-25 22:49:50 [INFO] MPolicyPattern Site=成果連絡表(色物) Sheet=1 Policy=NotApplicable Samples=0 Mismatches=0 Candidates=0 Safe=False
2026-09-25 22:49:50 [INFO] MPolicyPattern Site=成果連絡表(色物) Sheet=2 Policy=NotApplicable Samples=0 Mismatches=0 Candidates=0 Safe=False
2026-09-25 22:49:50 [INFO] MPolicyPattern Site=成果連絡表(色物) Sheet=3 Policy=NotApplicable Samples=0 Mismatches=0 Candidates=0 Safe=False
2026-09-25 22:49:51 [INFO] MPolicyPattern Site=成果連絡表(色物) Sheet=4 Policy=NotApplicable Samples=0 Mismatches=0 Candidates=0 Safe=False
2026-09-25 22:49:51 [INFO] MPolicyPattern Site=成果連絡表(色物) Sheet=5 Policy=NotApplicable Samples=0 Mismatches=0 Candidates=0 Safe=False
2026-09-25 22:49:51 [INFO] MPolicyPattern Site=成果連絡表(色物) Sheet=6 Policy=NotApplicable Samples=0 Mismatches=0 Candidates=0 Safe=False
2026-09-25 22:49:51 [INFO] MPolicyPattern Site=成果連絡表(色物) Sheet=7 Policy=NotApplicable Samples=0 Mismatches=0 Candidates=0 Safe=False
2026-09-25 22:49:51 [INFO] MPolicyPattern Site=成果連絡表(色物) Sheet=8 Policy=NotApplicable Samples=0 Mismatches=0 Candidates=0 Safe=False
2026-09-25 22:49:51 [INFO] MPolicyPattern Site=成果連絡表(色物) Sheet=9 Policy=NotApplicable Samples=0 Mismatches=0 Candidates=0 Safe=False
2026-09-25 22:49:51 [INFO] MPolicyPattern Site=成果連絡表(色物) Sheet=10 Policy=NotApplicable Samples=0 Mismatches=0 Candidates=0 Safe=False
2026-09-25 22:49:51 [INFO] MPolicyPattern Site=成果連絡表(色物) Sheet=11 Policy=NotApplicable Samples=0 Mismatches=0 Candidates=0 Safe=False
2026-09-25 22:49:51 [INFO] MPolicyPattern Site=成果連絡表(色物) Sheet=12 Policy=NotApplicable Samples=0 Mismatches=0 Candidates=0 Safe=False
2026-09-25 22:49:51 [INFO] MPolicyPattern Site=成果連絡表(色物) Sheet=13 Policy=NotApplicable Samples=0 Mismatches=0 Candidates=0 Safe=False
2026-09-25 22:49:51 [INFO] MPolicyPattern Site=成果連絡表(色物) Sheet=14 Policy=NotApplicable Samples=0 Mismatches=0 Candidates=0 Safe=False
2026-09-25 22:49:51 [INFO] MPolicyPattern Site=成果連絡表(色物) Sheet=15 Policy=NotApplicable Samples=0 Mismatches=0 Candidates=0 Safe=False
2026-09-25 22:49:51 [INFO] MPolicyPattern Site=成果連絡表(色物) Sheet=16 Policy=NotApplicable Samples=0 Mismatches=0 Candidates=0 Safe=False
2026-09-25 22:49:51 [INFO] MPolicyPattern Site=成果連絡表(色物) Sheet=17 Policy=NotApplicable Samples=0 Mismatches=0 Candidates=0 Safe=False
2026-09-25 22:49:51 [INFO] MPolicyPattern Site=成果連絡表(色物) Sheet=18 Policy=NotApplicable Samples=0 Mismatches=0 Candidates=0 Safe=False
2026-09-25 22:49:51 [INFO] Workbook formula recalculation started.
2026-09-25 22:49:51 [INFO] Workbook formula recalculation completed.
2026-09-25 22:49:53 [INFO] Saved. Updated=226 UnitPriceIFNAUpdated=0 NewProductAdded=6045 Phase3Moved=0 Phase3StagingDeleted=0 LegacyGapRepaired=0 LegacyMFlagRepaired=0 TotalWorkbookChanges=6271
2026-09-25 22:49:54 [INFO] DiscontinuedTracking saved. Entries=209
2026-09-25 22:49:54 [INFO] ElapsedSeconds=390.24

