2026-09-25 22:40:24 [INFO] Start
2026-09-25 22:40:24 [INFO] ScriptVersion=2026-09-10-r7-OpenExcel-GSort-RenumberA-EmptySheetSkip
2026-09-25 22:40:24 [INFO] Mode=Update WorkbookName=C:\Users\RPA-5F\Desktop\在庫帳\成果連絡表（色物）.xlsx SheetName=1
2026-09-25 22:40:24 [INFO] LastRowColumn=B SortColumn=G Range=A2:P(lastRow)
2026-09-25 22:40:24 [INFO] Save=False
2026-09-25 22:40:24 [INFO] Attached to active Excel.Application.
2026-09-25 22:40:24 [INFO] Workbook lookup requested='C:\Users\RPA-5F\Desktop\在庫帳\成果連絡表（色物）.xlsx' normalized='成果連絡表（色物）.xlsx'
2026-09-25 22:40:24 [INFO] Target workbook acquired. Name=成果連絡表（色物）.xlsx
2026-09-25 22:40:24 [INFO] Target worksheet acquired. Sheet=1
2026-09-25 22:40:24 [INFO] Worksheet calculation completed.
2026-09-25 22:40:24 [INFO] DetectedLastRow=7 by Column=B
2026-09-25 22:40:24 [INFO] BeforeSort G Summary: 1=0 0=5 Blank=0 Other=0
2026-09-25 22:40:24 [UPDATE] SortApply Sheet=1 Key=G Order=Descending Range=A2:P7
2026-09-25 22:40:24 [UPDATE] ManagementNumbering Sheet=1 NumberedRows=5 A=3..7 Numbers=1..5
2026-09-25 22:40:24 [UPDATE] ManagementNumbering BlankGRows=0 A cleared.
2026-09-25 22:40:24 [INFO] AfterSort G Summary: 1=0 0=5 Blank=0 Other=0
2026-09-25 22:40:24 [INFO] Workbook NOT saved by script. RK-10/Excel側で後続処理・保存してください。
2026-09-25 22:40:24 [INFO] Completed.
2026-09-25 22:40:28 [INFO] Start
2026-09-25 22:40:28 [INFO] ScriptVersion=2026-09-10-r7-OpenExcel-GSort-RenumberA-EmptySheetSkip
2026-09-25 22:40:28 [INFO] Mode=Update WorkbookName=C:\Users\RPA-5F\Desktop\在庫帳\成果連絡表（色物）.xlsx SheetName=2
2026-09-25 22:40:28 [INFO] LastRowColumn=B SortColumn=G Range=A2:P(lastRow)
2026-09-25 22:40:28 [INFO] Save=False
2026-09-25 22:40:28 [INFO] Attached to active Excel.Application.
2026-09-25 22:40:28 [INFO] Workbook lookup requested='C:\Users\RPA-5F\Desktop\在庫帳\成果連絡表（色物）.xlsx' normalized='成果連絡表（色物）.xlsx'
2026-09-25 22:40:29 [INFO] Target workbook acquired. Name=成果連絡表（色物）.xlsx
2026-09-25 22:40:29 [INFO] Target worksheet acquired. Sheet=2
2026-09-25 22:40:29 [INFO] Worksheet calculation completed.
2026-09-25 22:40:29 [INFO] DetectedLastRow=128 by Column=B
2026-09-25 22:40:29 [INFO] BeforeSort G Summary: 1=1 0=70 Blank=55 Other=0
2026-09-25 22:40:29 [UPDATE] SortApply Sheet=2 Key=G Order=Descending Range=A2:P128
2026-09-25 22:40:31 [UPDATE] ManagementNumbering Sheet=2 NumberedRows=71 A=3..73 Numbers=1..71
2026-09-25 22:40:31 [UPDATE] ManagementNumbering BlankGRows=55 A cleared.
2026-09-25 22:40:31 [INFO] AfterSort G Summary: 1=1 0=70 Blank=55 Other=0
2026-09-25 22:40:31 [INFO] Workbook NOT saved by script. RK-10/Excel側で後続処理・保存してください。
2026-09-25 22:40:31 [INFO] Completed.
2026-09-25 22:40:35 [INFO] Start
2026-09-25 22:40:35 [INFO] ScriptVersion=2026-09-10-r7-OpenExcel-GSort-RenumberA-EmptySheetSkip
2026-09-25 22:40:35 [INFO] Mode=Update WorkbookName=C:\Users\RPA-5F\Desktop\在庫帳\成果連絡表（色物）.xlsx SheetName=3
2026-09-25 22:40:35 [INFO] LastRowColumn=B SortColumn=G Range=A2:P(lastRow)
2026-09-25 22:40:35 [INFO] Save=False
2026-09-25 22:40:35 [INFO] Attached to active Excel.Application.
2026-09-25 22:40:35 [INFO] Workbook lookup requested='C:\Users\RPA-5F\Desktop\在庫帳\成果連絡表（色物）.xlsx' normalized='成果連絡表（色物）.xlsx'
2026-09-25 22:40:36 [INFO] Target workbook acquired. Name=成果連絡表（色物）.xlsx
2026-09-25 22:40:36 [INFO] Target worksheet acquired. Sheet=3
2026-09-25 22:40:36 [INFO] Worksheet calculation completed.
2026-09-25 22:40:36 [INFO] DetectedLastRow=338 by Column=B
2026-09-25 22:40:36 [INFO] BeforeSort G Summary: 1=15 0=244 Blank=77 Other=0
2026-09-25 22:40:36 [UPDATE] SortApply Sheet=3 Key=G Order=Descending Range=A2:P338
2026-09-25 22:40:42 [UPDATE] ManagementNumbering Sheet=3 NumberedRows=259 A=3..261 Numbers=1..259
2026-09-25 22:40:42 [UPDATE] ManagementNumbering BlankGRows=77 A cleared.
2026-09-25 22:40:43 [INFO] AfterSort G Summary: 1=15 0=244 Blank=77 Other=0
2026-09-25 22:40:43 [INFO] Workbook NOT saved by script. RK-10/Excel側で後続処理・保存してください。
2026-09-25 22:40:43 [INFO] Completed.
2026-09-25 22:40:47 [INFO] Start
2026-09-25 22:40:47 [INFO] ScriptVersion=2026-09-10-r7-OpenExcel-GSort-RenumberA-EmptySheetSkip
2026-09-25 22:40:47 [INFO] Mode=Update WorkbookName=C:\Users\RPA-5F\Desktop\在庫帳\成果連絡表（色物）.xlsx SheetName=4
2026-09-25 22:40:47 [INFO] LastRowColumn=B SortColumn=G Range=A2:P(lastRow)
2026-09-25 22:40:47 [INFO] Save=False
2026-09-25 22:40:47 [INFO] Attached to active Excel.Application.
2026-09-25 22:40:47 [INFO] Workbook lookup requested='C:\Users\RPA-5F\Desktop\在庫帳\成果連絡表（色物）.xlsx' normalized='成果連絡表（色物）.xlsx'
2026-09-25 22:40:47 [INFO] Target workbook acquired. Name=成果連絡表（色物）.xlsx
2026-09-25 22:40:47 [INFO] Target worksheet acquired. Sheet=4
2026-09-25 22:40:47 [INFO] Worksheet calculation completed.
2026-09-25 22:40:47 [INFO] DetectedLastRow=110 by Column=B
2026-09-25 22:40:47 [INFO] BeforeSort G Summary: 1=10 0=88 Blank=10 Other=0
2026-09-25 22:40:47 [UPDATE] SortApply Sheet=4 Key=G Order=Descending Range=A2:P110
2026-09-25 22:40:49 [UPDATE] ManagementNumbering Sheet=4 NumberedRows=98 A=3..100 Numbers=1..98
2026-09-25 22:40:49 [UPDATE] ManagementNumbering BlankGRows=10 A cleared.
2026-09-25 22:40:49 [INFO] AfterSort G Summary: 1=10 0=88 Blank=10 Other=0
2026-09-25 22:40:49 [INFO] Workbook NOT saved by script. RK-10/Excel側で後続処理・保存してください。
2026-09-25 22:40:49 [INFO] Completed.
2026-09-25 22:40:53 [INFO] Start
2026-09-25 22:40:53 [INFO] ScriptVersion=2026-09-10-r7-OpenExcel-GSort-RenumberA-EmptySheetSkip
2026-09-25 22:40:53 [INFO] Mode=Update WorkbookName=C:\Users\RPA-5F\Desktop\在庫帳\成果連絡表（色物）.xlsx SheetName=5
2026-09-25 22:40:53 [INFO] LastRowColumn=B SortColumn=G Range=A2:P(lastRow)
2026-09-25 22:40:53 [INFO] Save=False
2026-09-25 22:40:53 [INFO] Attached to active Excel.Application.
2026-09-25 22:40:53 [INFO] Workbook lookup requested='C:\Users\RPA-5F\Desktop\在庫帳\成果連絡表（色物）.xlsx' normalized='成果連絡表（色物）.xlsx'
2026-09-25 22:40:53 [INFO] Target workbook acquired. Name=成果連絡表（色物）.xlsx
2026-09-25 22:40:53 [INFO] Target worksheet acquired. Sheet=5
2026-09-25 22:40:53 [INFO] Worksheet calculation completed.
2026-09-25 22:40:53 [INFO] DetectedLastRow=19 by Column=B
2026-09-25 22:40:53 [INFO] BeforeSort G Summary: 1=2 0=15 Blank=0 Other=0
2026-09-25 22:40:54 [UPDATE] SortApply Sheet=5 Key=G Order=Descending Range=A2:P19
2026-09-25 22:40:54 [UPDATE] ManagementNumbering Sheet=5 NumberedRows=17 A=3..19 Numbers=1..17
2026-09-25 22:40:54 [UPDATE] ManagementNumbering BlankGRows=0 A cleared.
2026-09-25 22:40:54 [INFO] AfterSort G Summary: 1=2 0=15 Blank=0 Other=0
2026-09-25 22:40:54 [INFO] Workbook NOT saved by script. RK-10/Excel側で後続処理・保存してください。
2026-09-25 22:40:54 [INFO] Completed.
2026-09-25 22:40:58 [INFO] Start
2026-09-25 22:40:58 [INFO] ScriptVersion=2026-09-10-r7-OpenExcel-GSort-RenumberA-EmptySheetSkip
2026-09-25 22:40:58 [INFO] Mode=Update WorkbookName=C:\Users\RPA-5F\Desktop\在庫帳\成果連絡表（色物）.xlsx SheetName=6
2026-09-25 22:40:58 [INFO] LastRowColumn=B SortColumn=G Range=A2:P(lastRow)
2026-09-25 22:40:58 [INFO] Save=False
2026-09-25 22:40:58 [INFO] Attached to active Excel.Application.
2026-09-25 22:40:58 [INFO] Workbook lookup requested='C:\Users\RPA-5F\Desktop\在庫帳\成果連絡表（色物）.xlsx' normalized='成果連絡表（色物）.xlsx'
2026-09-25 22:40:58 [INFO] Target workbook acquired. Name=成果連絡表（色物）.xlsx
2026-09-25 22:40:58 [INFO] Target worksheet acquired. Sheet=6
2026-09-25 22:40:58 [INFO] Worksheet calculation completed.
2026-09-25 22:40:58 [INFO] DetectedLastRow=45 by Column=B
2026-09-25 22:40:58 [INFO] BeforeSort G Summary: 1=14 0=26 Blank=3 Other=0
2026-09-25 22:40:58 [UPDATE] SortApply Sheet=6 Key=G Order=Descending Range=A2:P45
2026-09-25 22:40:59 [UPDATE] ManagementNumbering Sheet=6 NumberedRows=40 A=3..42 Numbers=1..40
2026-09-25 22:40:59 [UPDATE] ManagementNumbering BlankGRows=3 A cleared.
2026-09-25 22:40:59 [INFO] AfterSort G Summary: 1=14 0=26 Blank=3 Other=0
2026-09-25 22:40:59 [INFO] Workbook NOT saved by script. RK-10/Excel側で後続処理・保存してください。
2026-09-25 22:40:59 [INFO] Completed.
2026-09-25 22:41:03 [INFO] Start
2026-09-25 22:41:03 [INFO] ScriptVersion=2026-09-10-r7-OpenExcel-GSort-RenumberA-EmptySheetSkip
2026-09-25 22:41:03 [INFO] Mode=Update WorkbookName=C:\Users\RPA-5F\Desktop\在庫帳\成果連絡表（色物）.xlsx SheetName=7
2026-09-25 22:41:03 [INFO] LastRowColumn=B SortColumn=G Range=A2:P(lastRow)
2026-09-25 22:41:03 [INFO] Save=False
2026-09-25 22:41:03 [INFO] Attached to active Excel.Application.
2026-09-25 22:41:03 [INFO] Workbook lookup requested='C:\Users\RPA-5F\Desktop\在庫帳\成果連絡表（色物）.xlsx' normalized='成果連絡表（色物）.xlsx'
2026-09-25 22:41:03 [INFO] Target workbook acquired. Name=成果連絡表（色物）.xlsx
2026-09-25 22:41:03 [INFO] Target worksheet acquired. Sheet=7
2026-09-25 22:41:03 [INFO] Worksheet calculation completed.
2026-09-25 22:41:04 [INFO] DetectedLastRow=66 by Column=B
2026-09-25 22:41:04 [INFO] BeforeSort G Summary: 1=3 0=60 Blank=1 Other=0
2026-09-25 22:41:04 [UPDATE] SortApply Sheet=7 Key=G Order=Descending Range=A2:P66
2026-09-25 22:41:05 [UPDATE] ManagementNumbering Sheet=7 NumberedRows=63 A=3..65 Numbers=1..63
2026-09-25 22:41:05 [UPDATE] ManagementNumbering BlankGRows=1 A cleared.
2026-09-25 22:41:05 [INFO] AfterSort G Summary: 1=3 0=60 Blank=1 Other=0
2026-09-25 22:41:05 [INFO] Workbook NOT saved by script. RK-10/Excel側で後続処理・保存してください。
2026-09-25 22:41:05 [INFO] Completed.
2026-09-25 22:41:09 [INFO] Start
2026-09-25 22:41:09 [INFO] ScriptVersion=2026-09-10-r7-OpenExcel-GSort-RenumberA-EmptySheetSkip
2026-09-25 22:41:09 [INFO] Mode=Update WorkbookName=C:\Users\RPA-5F\Desktop\在庫帳\成果連絡表（色物）.xlsx SheetName=8
2026-09-25 22:41:09 [INFO] LastRowColumn=B SortColumn=G Range=A2:P(lastRow)
2026-09-25 22:41:09 [INFO] Save=False
2026-09-25 22:41:09 [INFO] Attached to active Excel.Application.
2026-09-25 22:41:09 [INFO] Workbook lookup requested='C:\Users\RPA-5F\Desktop\在庫帳\成果連絡表（色物）.xlsx' normalized='成果連絡表（色物）.xlsx'
2026-09-25 22:41:09 [INFO] Target workbook acquired. Name=成果連絡表（色物）.xlsx
2026-09-25 22:41:09 [INFO] Target worksheet acquired. Sheet=8
2026-09-25 22:41:09 [INFO] Worksheet calculation completed.
2026-09-25 22:41:09 [INFO] DetectedLastRow=135 by Column=B
2026-09-25 22:41:09 [INFO] BeforeSort G Summary: 1=5 0=128 Blank=0 Other=0
2026-09-25 22:41:09 [UPDATE] SortApply Sheet=8 Key=G Order=Descending Range=A2:P135
2026-09-25 22:41:12 [UPDATE] ManagementNumbering Sheet=8 NumberedRows=133 A=3..135 Numbers=1..133
2026-09-25 22:41:12 [UPDATE] ManagementNumbering BlankGRows=0 A cleared.
2026-09-25 22:41:12 [INFO] AfterSort G Summary: 1=5 0=128 Blank=0 Other=0
2026-09-25 22:41:12 [INFO] Workbook NOT saved by script. RK-10/Excel側で後続処理・保存してください。
2026-09-25 22:41:12 [INFO] Completed.
2026-09-25 22:41:16 [INFO] Start
2026-09-25 22:41:16 [INFO] ScriptVersion=2026-09-10-r7-OpenExcel-GSort-RenumberA-EmptySheetSkip
2026-09-25 22:41:16 [INFO] Mode=Update WorkbookName=C:\Users\RPA-5F\Desktop\在庫帳\成果連絡表（色物）.xlsx SheetName=9
2026-09-25 22:41:16 [INFO] LastRowColumn=B SortColumn=G Range=A2:P(lastRow)
2026-09-25 22:41:16 [INFO] Save=False
2026-09-25 22:41:16 [INFO] Attached to active Excel.Application.
2026-09-25 22:41:16 [INFO] Workbook lookup requested='C:\Users\RPA-5F\Desktop\在庫帳\成果連絡表（色物）.xlsx' normalized='成果連絡表（色物）.xlsx'
2026-09-25 22:41:16 [INFO] Target workbook acquired. Name=成果連絡表（色物）.xlsx
2026-09-25 22:41:16 [INFO] Target worksheet acquired. Sheet=9
2026-09-25 22:41:16 [INFO] Worksheet calculation completed.
2026-09-25 22:41:16 [INFO] DetectedLastRow=42 by Column=B
2026-09-25 22:41:16 [INFO] BeforeSort G Summary: 1=5 0=18 Blank=17 Other=0
2026-09-25 22:41:16 [UPDATE] SortApply Sheet=9 Key=G Order=Descending Range=A2:P42
2026-09-25 22:41:17 [UPDATE] ManagementNumbering Sheet=9 NumberedRows=23 A=3..25 Numbers=1..23
2026-09-25 22:41:17 [UPDATE] ManagementNumbering BlankGRows=17 A cleared.
2026-09-25 22:41:17 [INFO] AfterSort G Summary: 1=5 0=18 Blank=17 Other=0
2026-09-25 22:41:17 [INFO] Workbook NOT saved by script. RK-10/Excel側で後続処理・保存してください。
2026-09-25 22:41:17 [INFO] Completed.
2026-09-25 22:41:21 [INFO] Start
2026-09-25 22:41:21 [INFO] ScriptVersion=2026-09-10-r7-OpenExcel-GSort-RenumberA-EmptySheetSkip
2026-09-25 22:41:21 [INFO] Mode=Update WorkbookName=C:\Users\RPA-5F\Desktop\在庫帳\成果連絡表（色物）.xlsx SheetName=10
2026-09-25 22:41:21 [INFO] LastRowColumn=B SortColumn=G Range=A2:P(lastRow)
2026-09-25 22:41:21 [INFO] Save=False
2026-09-25 22:41:21 [INFO] Attached to active Excel.Application.
2026-09-25 22:41:21 [INFO] Workbook lookup requested='C:\Users\RPA-5F\Desktop\在庫帳\成果連絡表（色物）.xlsx' normalized='成果連絡表（色物）.xlsx'
2026-09-25 22:41:21 [INFO] Target workbook acquired. Name=成果連絡表（色物）.xlsx
2026-09-25 22:41:21 [INFO] Target worksheet acquired. Sheet=10
2026-09-25 22:41:21 [INFO] Worksheet calculation completed.
2026-09-25 22:41:21 [INFO] DetectedLastRow=28 by Column=B
2026-09-25 22:41:22 [INFO] BeforeSort G Summary: 1=6 0=20 Blank=0 Other=0
2026-09-25 22:41:22 [UPDATE] SortApply Sheet=10 Key=G Order=Descending Range=A2:P28
2026-09-25 22:41:22 [UPDATE] ManagementNumbering Sheet=10 NumberedRows=26 A=3..28 Numbers=1..26
2026-09-25 22:41:22 [UPDATE] ManagementNumbering BlankGRows=0 A cleared.
2026-09-25 22:41:22 [INFO] AfterSort G Summary: 1=6 0=20 Blank=0 Other=0
2026-09-25 22:41:22 [INFO] Workbook NOT saved by script. RK-10/Excel側で後続処理・保存してください。
2026-09-25 22:41:22 [INFO] Completed.
2026-09-25 22:41:26 [INFO] Start
2026-09-25 22:41:26 [INFO] ScriptVersion=2026-09-10-r7-OpenExcel-GSort-RenumberA-EmptySheetSkip
2026-09-25 22:41:26 [INFO] Mode=Update WorkbookName=C:\Users\RPA-5F\Desktop\在庫帳\成果連絡表（色物）.xlsx SheetName=11
2026-09-25 22:41:26 [INFO] LastRowColumn=B SortColumn=G Range=A2:P(lastRow)
2026-09-25 22:41:26 [INFO] Save=False
2026-09-25 22:41:26 [INFO] Attached to active Excel.Application.
2026-09-25 22:41:26 [INFO] Workbook lookup requested='C:\Users\RPA-5F\Desktop\在庫帳\成果連絡表（色物）.xlsx' normalized='成果連絡表（色物）.xlsx'
2026-09-25 22:41:26 [INFO] Target workbook acquired. Name=成果連絡表（色物）.xlsx
2026-09-25 22:41:26 [INFO] Target worksheet acquired. Sheet=11
2026-09-25 22:41:26 [INFO] Worksheet calculation completed.
2026-09-25 22:41:26 [INFO] DetectedLastRow=86 by Column=B
2026-09-25 22:41:26 [INFO] BeforeSort G Summary: 1=7 0=76 Blank=1 Other=0
2026-09-25 22:41:26 [UPDATE] SortApply Sheet=11 Key=G Order=Descending Range=A2:P86
2026-09-25 22:41:28 [UPDATE] ManagementNumbering Sheet=11 NumberedRows=83 A=3..85 Numbers=1..83
2026-09-25 22:41:28 [UPDATE] ManagementNumbering BlankGRows=1 A cleared.
2026-09-25 22:41:28 [INFO] AfterSort G Summary: 1=7 0=76 Blank=1 Other=0
2026-09-25 22:41:28 [INFO] Workbook NOT saved by script. RK-10/Excel側で後続処理・保存してください。
2026-09-25 22:41:28 [INFO] Completed.
2026-09-25 22:41:32 [INFO] Start
2026-09-25 22:41:32 [INFO] ScriptVersion=2026-09-10-r7-OpenExcel-GSort-RenumberA-EmptySheetSkip
2026-09-25 22:41:32 [INFO] Mode=Update WorkbookName=C:\Users\RPA-5F\Desktop\在庫帳\成果連絡表（色物）.xlsx SheetName=12
2026-09-25 22:41:32 [INFO] LastRowColumn=B SortColumn=G Range=A2:P(lastRow)
2026-09-25 22:41:32 [INFO] Save=False
2026-09-25 22:41:32 [INFO] Attached to active Excel.Application.
2026-09-25 22:41:32 [INFO] Workbook lookup requested='C:\Users\RPA-5F\Desktop\在庫帳\成果連絡表（色物）.xlsx' normalized='成果連絡表（色物）.xlsx'
2026-09-25 22:41:32 [INFO] Target workbook acquired. Name=成果連絡表（色物）.xlsx
2026-09-25 22:41:32 [INFO] Target worksheet acquired. Sheet=12
2026-09-25 22:41:32 [INFO] Worksheet calculation completed.
2026-09-25 22:41:33 [INFO] DetectedLastRow=28 by Column=B
2026-09-25 22:41:33 [INFO] BeforeSort G Summary: 1=2 0=17 Blank=7 Other=0
2026-09-25 22:41:33 [UPDATE] SortApply Sheet=12 Key=G Order=Descending Range=A2:P28
2026-09-25 22:41:33 [UPDATE] ManagementNumbering Sheet=12 NumberedRows=19 A=3..21 Numbers=1..19
2026-09-25 22:41:33 [UPDATE] ManagementNumbering BlankGRows=7 A cleared.
2026-09-25 22:41:33 [INFO] AfterSort G Summary: 1=2 0=17 Blank=7 Other=0
2026-09-25 22:41:33 [INFO] Workbook NOT saved by script. RK-10/Excel側で後続処理・保存してください。
2026-09-25 22:41:33 [INFO] Completed.
2026-09-25 22:41:37 [INFO] Start
2026-09-25 22:41:37 [INFO] ScriptVersion=2026-09-10-r7-OpenExcel-GSort-RenumberA-EmptySheetSkip
2026-09-25 22:41:37 [INFO] Mode=Update WorkbookName=C:\Users\RPA-5F\Desktop\在庫帳\成果連絡表（色物）.xlsx SheetName=13
2026-09-25 22:41:37 [INFO] LastRowColumn=B SortColumn=G Range=A2:P(lastRow)
2026-09-25 22:41:37 [INFO] Save=False
2026-09-25 22:41:37 [INFO] Attached to active Excel.Application.
2026-09-25 22:41:37 [INFO] Workbook lookup requested='C:\Users\RPA-5F\Desktop\在庫帳\成果連絡表（色物）.xlsx' normalized='成果連絡表（色物）.xlsx'
2026-09-25 22:41:37 [INFO] Target workbook acquired. Name=成果連絡表（色物）.xlsx
2026-09-25 22:41:37 [INFO] Target worksheet acquired. Sheet=13
2026-09-25 22:41:37 [INFO] Worksheet calculation completed.
2026-09-25 22:41:37 [INFO] DetectedLastRow=56 by Column=B
2026-09-25 22:41:38 [INFO] BeforeSort G Summary: 1=8 0=44 Blank=2 Other=0
2026-09-25 22:41:38 [UPDATE] SortApply Sheet=13 Key=G Order=Descending Range=A2:P56
2026-09-25 22:41:39 [UPDATE] ManagementNumbering Sheet=13 NumberedRows=52 A=3..54 Numbers=1..52
2026-09-25 22:41:39 [UPDATE] ManagementNumbering BlankGRows=2 A cleared.
2026-09-25 22:41:39 [INFO] AfterSort G Summary: 1=8 0=44 Blank=2 Other=0
2026-09-25 22:41:39 [INFO] Workbook NOT saved by script. RK-10/Excel側で後続処理・保存してください。
2026-09-25 22:41:39 [INFO] Completed.
2026-09-25 22:41:43 [INFO] Start
2026-09-25 22:41:43 [INFO] ScriptVersion=2026-09-10-r7-OpenExcel-GSort-RenumberA-EmptySheetSkip
2026-09-25 22:41:43 [INFO] Mode=Update WorkbookName=C:\Users\RPA-5F\Desktop\在庫帳\成果連絡表（色物）.xlsx SheetName=14
2026-09-25 22:41:43 [INFO] LastRowColumn=B SortColumn=G Range=A2:P(lastRow)
2026-09-25 22:41:43 [INFO] Save=False
2026-09-25 22:41:43 [INFO] Attached to active Excel.Application.
2026-09-25 22:41:43 [INFO] Workbook lookup requested='C:\Users\RPA-5F\Desktop\在庫帳\成果連絡表（色物）.xlsx' normalized='成果連絡表（色物）.xlsx'
2026-09-25 22:41:43 [INFO] Target workbook acquired. Name=成果連絡表（色物）.xlsx
2026-09-25 22:41:43 [INFO] Target worksheet acquired. Sheet=14
2026-09-25 22:41:43 [INFO] Worksheet calculation completed.
2026-09-25 22:41:43 [INFO] DetectedLastRow=101 by Column=B
2026-09-25 22:41:43 [INFO] BeforeSort G Summary: 1=3 0=96 Blank=0 Other=0
2026-09-25 22:41:43 [UPDATE] SortApply Sheet=14 Key=G Order=Descending Range=A2:P101
2026-09-25 22:41:45 [UPDATE] ManagementNumbering Sheet=14 NumberedRows=99 A=3..101 Numbers=1..99
2026-09-25 22:41:45 [UPDATE] ManagementNumbering BlankGRows=0 A cleared.
2026-09-25 22:41:45 [INFO] AfterSort G Summary: 1=3 0=96 Blank=0 Other=0
2026-09-25 22:41:45 [INFO] Workbook NOT saved by script. RK-10/Excel側で後続処理・保存してください。
2026-09-25 22:41:45 [INFO] Completed.
2026-09-25 22:41:49 [INFO] Start
2026-09-25 22:41:49 [INFO] ScriptVersion=2026-09-10-r7-OpenExcel-GSort-RenumberA-EmptySheetSkip
2026-09-25 22:41:49 [INFO] Mode=Update WorkbookName=C:\Users\RPA-5F\Desktop\在庫帳\成果連絡表（色物）.xlsx SheetName=15
2026-09-25 22:41:49 [INFO] LastRowColumn=B SortColumn=G Range=A2:P(lastRow)
2026-09-25 22:41:49 [INFO] Save=False
2026-09-25 22:41:49 [INFO] Attached to active Excel.Application.
2026-09-25 22:41:49 [INFO] Workbook lookup requested='C:\Users\RPA-5F\Desktop\在庫帳\成果連絡表（色物）.xlsx' normalized='成果連絡表（色物）.xlsx'
2026-09-25 22:41:49 [INFO] Target workbook acquired. Name=成果連絡表（色物）.xlsx
2026-09-25 22:41:49 [INFO] Target worksheet acquired. Sheet=15
2026-09-25 22:41:49 [INFO] Worksheet calculation completed.
2026-09-25 22:41:49 [INFO] DetectedLastRow=21 by Column=B
2026-09-25 22:41:49 [INFO] BeforeSort G Summary: 1=1 0=18 Blank=0 Other=0
2026-09-25 22:41:49 [UPDATE] SortApply Sheet=15 Key=G Order=Descending Range=A2:P21
2026-09-25 22:41:50 [UPDATE] ManagementNumbering Sheet=15 NumberedRows=19 A=3..21 Numbers=1..19
2026-09-25 22:41:50 [UPDATE] ManagementNumbering BlankGRows=0 A cleared.
2026-09-25 22:41:50 [INFO] AfterSort G Summary: 1=1 0=18 Blank=0 Other=0
2026-09-25 22:41:50 [INFO] Workbook NOT saved by script. RK-10/Excel側で後続処理・保存してください。
2026-09-25 22:41:50 [INFO] Completed.
2026-09-25 22:41:54 [INFO] Start
2026-09-25 22:41:54 [INFO] ScriptVersion=2026-09-10-r7-OpenExcel-GSort-RenumberA-EmptySheetSkip
2026-09-25 22:41:54 [INFO] Mode=Update WorkbookName=C:\Users\RPA-5F\Desktop\在庫帳\成果連絡表（色物）.xlsx SheetName=16
2026-09-25 22:41:54 [INFO] LastRowColumn=B SortColumn=G Range=A2:P(lastRow)
2026-09-25 22:41:54 [INFO] Save=False
2026-09-25 22:41:54 [INFO] Attached to active Excel.Application.
2026-09-25 22:41:54 [INFO] Workbook lookup requested='C:\Users\RPA-5F\Desktop\在庫帳\成果連絡表（色物）.xlsx' normalized='成果連絡表（色物）.xlsx'
2026-09-25 22:41:54 [INFO] Target workbook acquired. Name=成果連絡表（色物）.xlsx
2026-09-25 22:41:54 [INFO] Target worksheet acquired. Sheet=16
2026-09-25 22:41:54 [INFO] Worksheet calculation completed.
2026-09-25 22:41:54 [INFO] DetectedLastRow=88 by Column=B
2026-09-25 22:41:54 [INFO] BeforeSort G Summary: 1=21 0=65 Blank=0 Other=0
2026-09-25 22:41:54 [UPDATE] SortApply Sheet=16 Key=G Order=Descending Range=A2:P88
2026-09-25 22:41:56 [UPDATE] ManagementNumbering Sheet=16 NumberedRows=86 A=3..88 Numbers=1..86
2026-09-25 22:41:56 [UPDATE] ManagementNumbering BlankGRows=0 A cleared.
2026-09-25 22:41:56 [INFO] AfterSort G Summary: 1=21 0=65 Blank=0 Other=0
2026-09-25 22:41:56 [INFO] Workbook NOT saved by script. RK-10/Excel側で後続処理・保存してください。
2026-09-25 22:41:56 [INFO] Completed.
2026-09-25 22:42:00 [INFO] Start
2026-09-25 22:42:00 [INFO] ScriptVersion=2026-09-10-r7-OpenExcel-GSort-RenumberA-EmptySheetSkip
2026-09-25 22:42:00 [INFO] Mode=Update WorkbookName=C:\Users\RPA-5F\Desktop\在庫帳\成果連絡表（色物）.xlsx SheetName=17
2026-09-25 22:42:00 [INFO] LastRowColumn=B SortColumn=G Range=A2:P(lastRow)
2026-09-25 22:42:00 [INFO] Save=False
2026-09-25 22:42:00 [INFO] Attached to active Excel.Application.
2026-09-25 22:42:00 [INFO] Workbook lookup requested='C:\Users\RPA-5F\Desktop\在庫帳\成果連絡表（色物）.xlsx' normalized='成果連絡表（色物）.xlsx'
2026-09-25 22:42:00 [INFO] Target workbook acquired. Name=成果連絡表（色物）.xlsx
2026-09-25 22:42:00 [INFO] Target worksheet acquired. Sheet=17
2026-09-25 22:42:00 [INFO] Worksheet calculation completed.
2026-09-25 22:42:00 [INFO] DetectedLastRow=84 by Column=B
2026-09-25 22:42:00 [INFO] BeforeSort G Summary: 1=6 0=68 Blank=8 Other=0
2026-09-25 22:42:00 [UPDATE] SortApply Sheet=17 Key=G Order=Descending Range=A2:P84
2026-09-25 22:42:02 [UPDATE] ManagementNumbering Sheet=17 NumberedRows=74 A=3..76 Numbers=1..74
2026-09-25 22:42:02 [UPDATE] ManagementNumbering BlankGRows=8 A cleared.
2026-09-25 22:42:02 [INFO] AfterSort G Summary: 1=6 0=68 Blank=8 Other=0
2026-09-25 22:42:02 [INFO] Workbook NOT saved by script. RK-10/Excel側で後続処理・保存してください。
2026-09-25 22:42:02 [INFO] Completed.
2026-09-25 22:42:06 [INFO] Start
2026-09-25 22:42:06 [INFO] ScriptVersion=2026-09-10-r7-OpenExcel-GSort-RenumberA-EmptySheetSkip
2026-09-25 22:42:06 [INFO] Mode=Update WorkbookName=C:\Users\RPA-5F\Desktop\在庫帳\成果連絡表（色物）.xlsx SheetName=18
2026-09-25 22:42:06 [INFO] LastRowColumn=B SortColumn=G Range=A2:P(lastRow)
2026-09-25 22:42:06 [INFO] Save=False
2026-09-25 22:42:06 [INFO] Attached to active Excel.Application.
2026-09-25 22:42:06 [INFO] Workbook lookup requested='C:\Users\RPA-5F\Desktop\在庫帳\成果連絡表（色物）.xlsx' normalized='成果連絡表（色物）.xlsx'
2026-09-25 22:42:06 [INFO] Target workbook acquired. Name=成果連絡表（色物）.xlsx
2026-09-25 22:42:06 [INFO] Target worksheet acquired. Sheet=18
2026-09-25 22:42:06 [INFO] Worksheet calculation completed.
2026-09-25 22:42:06 [INFO] DetectedLastRow=38 by Column=B
2026-09-25 22:42:06 [INFO] BeforeSort G Summary: 1=0 0=7 Blank=29 Other=0
2026-09-25 22:42:06 [UPDATE] SortApply Sheet=18 Key=G Order=Descending Range=A2:P38
2026-09-25 22:42:07 [UPDATE] ManagementNumbering Sheet=18 NumberedRows=7 A=3..9 Numbers=1..7
2026-09-25 22:42:07 [UPDATE] ManagementNumbering BlankGRows=29 A cleared.
2026-09-25 22:42:07 [INFO] AfterSort G Summary: 1=0 0=7 Blank=29 Other=0
2026-09-25 22:42:07 [INFO] Workbook NOT saved by script. RK-10/Excel側で後続処理・保存してください。
2026-09-25 22:42:07 [INFO] Completed.
